Java HotSpot(TM) 64-Bit Server VM (25.231-b11) for bsd-amd64 JRE (1.8.0_231-b11), built on Oct  5 2019 03:15:25 by "java_re" with gcc 4.2.1 (Based on Apple Inc. build 5658) (LLVM build 2336.11.00)
Memory: 4k page, physical 8388608k(477900k free)

/proc/meminfo:

CommandLine flags: -XX:InitialHeapSize=367001600 -XX:MaxHeapSize=367001600 -XX:MaxNewSize=122335232 -XX:MaxTenuringThreshold=6 -XX:NewSize=122335232 -XX:OldPLABSize=16 -XX:OldSize=244666368 -XX:+PrintGC -XX:+PrintGCDateStamps -XX:+PrintGCDetails -XX:+PrintGCTimeStamps -XX:+UseCompressedClassPointers -XX:+UseCompressedOops -XX:+UseConcMarkSweepGC -XX:+UseParNewGC 
2021-01-22T18:15:23.665-0800: 0.207: [GC (Allocation Failure) 2021-01-22T18:15:23.665-0800: 0.207: [ParNew: 95549K->11903K(107520K), 0.0159248 secs] 95549K->33761K(346496K), 0.0160562 secs] [Times: user=0.01 sys=0.03, real=0.02 secs] 
2021-01-22T18:15:23.700-0800: 0.243: [GC (Allocation Failure) 2021-01-22T18:15:23.700-0800: 0.243: [ParNew: 107516K->11904K(107520K), 0.0199177 secs] 129374K->65989K(346496K), 0.0200219 secs] [Times: user=0.03 sys=0.04, real=0.02 secs] 
2021-01-22T18:15:23.740-0800: 0.283: [GC (Allocation Failure) 2021-01-22T18:15:23.740-0800: 0.283: [ParNew: 107520K->11904K(107520K), 0.0225081 secs] 161605K->98531K(346496K), 0.0226141 secs] [Times: user=0.04 sys=0.02, real=0.02 secs] 
2021-01-22T18:15:23.783-0800: 0.326: [GC (Allocation Failure) 2021-01-22T18:15:23.783-0800: 0.326: [ParNew: 107520K->11904K(107520K), 0.0217017 secs] 194147K->131481K(346496K), 0.0217937 secs] [Times: user=0.03 sys=0.02, real=0.02 secs] 
2021-01-22T18:15:23.805-0800: 0.348: [GC (CMS Initial Mark) [1 CMS-initial-mark: 119577K(238976K)] 133469K(346496K), 0.0001782 secs] [Times: user=0.00 sys=0.00, real=0.00 secs] 
2021-01-22T18:15:23.806-0800: 0.348: [CMS-concurrent-mark-start]
2021-01-22T18:15:23.811-0800: 0.354: [CMS-concurrent-mark: 0.006/0.006 secs] [Times: user=0.01 sys=0.01, real=0.01 secs] 
2021-01-22T18:15:23.811-0800: 0.354: [CMS-concurrent-preclean-start]
2021-01-22T18:15:23.812-0800: 0.355: [CMS-concurrent-preclean: 0.001/0.001 secs] [Times: user=0.01 sys=0.00, real=0.00 secs] 
2021-01-22T18:15:23.812-0800: 0.355: [CMS-concurrent-abortable-preclean-start]
2021-01-22T18:15:23.827-0800: 0.370: [GC (Allocation Failure) 2021-01-22T18:15:23.827-0800: 0.370: [ParNew: 107520K->11903K(107520K), 0.0264994 secs] 227097K->161316K(346496K), 0.0266146 secs] [Times: user=0.04 sys=0.01, real=0.03 secs] 
2021-01-22T18:15:23.872-0800: 0.415: [GC (Allocation Failure) 2021-01-22T18:15:23.872-0800: 0.415: [ParNew: 107519K->11903K(107520K), 0.0211601 secs] 256932K->190763K(346496K), 0.0212654 secs] [Times: user=0.03 sys=0.02, real=0.02 secs] 
2021-01-22T18:15:23.916-0800: 0.459: [GC (Allocation Failure) 2021-01-22T18:15:23.916-0800: 0.459: [ParNew: 107519K->11902K(107520K), 0.0205198 secs] 286379K->221587K(346496K), 0.0207032 secs] [Times: user=0.04 sys=0.02, real=0.02 secs] 
2021-01-22T18:15:23.957-0800: 0.500: [GC (Allocation Failure) 2021-01-22T18:15:23.957-0800: 0.500: [ParNew: 107518K->107518K(107520K), 0.0000299 secs]2021-01-22T18:15:23.957-0800: 0.500: [CMS2021-01-22T18:15:23.957-0800: 0.500: [CMS-concurrent-abortable-preclean: 0.005/0.145 secs] [Times: user=0.19 sys=0.05, real=0.14 secs] 
 (concurrent mode failure): 209684K->195519K(238976K), 0.0504259 secs] 317203K->195519K(346496K), [Metaspace: 2719K->2719K(1056768K)], 0.0506048 secs] [Times: user=0.05 sys=0.00, real=0.05 secs] 
2021-01-22T18:15:24.030-0800: 0.572: [GC (Allocation Failure) 2021-01-22T18:15:24.030-0800: 0.573: [ParNew: 95579K->11903K(107520K), 0.0071310 secs] 291099K->223815K(346496K), 0.0072702 secs] [Times: user=0.02 sys=0.00, real=0.00 secs] 
2021-01-22T18:15:24.037-0800: 0.580: [GC (CMS Initial Mark) [1 CMS-initial-mark: 211911K(238976K)] 223885K(346496K), 0.0002168 secs] [Times: user=0.00 sys=0.00, real=0.00 secs] 
2021-01-22T18:15:24.037-0800: 0.580: [CMS-concurrent-mark-start]
2021-01-22T18:15:24.040-0800: 0.583: [CMS-concurrent-mark: 0.003/0.003 secs] [Times: user=0.00 sys=0.00, real=0.01 secs] 
2021-01-22T18:15:24.041-0800: 0.583: [CMS-concurrent-preclean-start]
2021-01-22T18:15:24.041-0800: 0.584: [CMS-concurrent-preclean: 0.001/0.001 secs] [Times: user=0.00 sys=0.01, real=0.00 secs] 
2021-01-22T18:15:24.041-0800: 0.584: [CMS-concurrent-abortable-preclean-start]
2021-01-22T18:15:24.056-0800: 0.599: [GC (Allocation Failure) 2021-01-22T18:15:24.056-0800: 0.599: [ParNew (promotion failed): 107519K->107520K(107520K), 0.0217621 secs]2021-01-22T18:15:24.078-0800: 0.620: [CMS2021-01-22T18:15:24.078-0800: 0.621: [CMS-concurrent-abortable-preclean: 0.001/0.036 secs] [Times: user=0.07 sys=0.01, real=0.03 secs] 
 (concurrent mode failure): 238634K->225242K(238976K), 0.0478204 secs] 319431K->225242K(346496K), [Metaspace: 2720K->2720K(1056768K)], 0.0697348 secs] [Times: user=0.10 sys=0.01, real=0.07 secs] 
2021-01-22T18:15:24.143-0800: 0.686: [GC (Allocation Failure) 2021-01-22T18:15:24.143-0800: 0.686: [ParNew: 95609K->95609K(107520K), 0.0000216 secs]2021-01-22T18:15:24.143-0800: 0.686: [CMS: 225242K->238550K(238976K), 0.0450482 secs] 320852K->239165K(346496K), [Metaspace: 2720K->2720K(1056768K)], 0.0451847 secs] [Times: user=0.04 sys=0.00, real=0.04 secs] 
2021-01-22T18:15:24.189-0800: 0.731: [GC (CMS Initial Mark) [1 CMS-initial-mark: 238550K(238976K)] 241129K(346496K), 0.0001715 secs] [Times: user=0.00 sys=0.00, real=0.00 secs] 
2021-01-22T18:15:24.189-0800: 0.732: [CMS-concurrent-mark-start]
2021-01-22T18:15:24.191-0800: 0.734: [CMS-concurrent-mark: 0.002/0.002 secs] [Times: user=0.01 sys=0.00, real=0.01 secs] 
2021-01-22T18:15:24.191-0800: 0.734: [CMS-concurrent-preclean-start]
2021-01-22T18:15:24.193-0800: 0.735: [CMS-concurrent-preclean: 0.001/0.001 secs] [Times: user=0.00 sys=0.00, real=0.00 secs] 
2021-01-22T18:15:24.193-0800: 0.736: [CMS-concurrent-abortable-preclean-start]
2021-01-22T18:15:24.193-0800: 0.736: [CMS-concurrent-abortable-preclean: 0.000/0.000 secs] [Times: user=0.00 sys=0.00, real=0.00 secs] 
2021-01-22T18:15:24.193-0800: 0.736: [GC (CMS Final Remark) [YG occupancy: 21842 K (107520 K)]2021-01-22T18:15:24.193-0800: 0.736: [Rescan (parallel) , 0.0002860 secs]2021-01-22T18:15:24.193-0800: 0.736: [weak refs processing, 0.0000129 secs]2021-01-22T18:15:24.193-0800: 0.736: [class unloading, 0.0002129 secs]2021-01-22T18:15:24.193-0800: 0.736: [scrub symbol table, 0.0003076 secs]2021-01-22T18:15:24.194-0800: 0.737: [scrub string table, 0.0001637 secs][1 CMS-remark: 238550K(238976K)] 260393K(346496K), 0.0010554 secs] [Times: user=0.00 sys=0.00, real=0.00 secs] 
2021-01-22T18:15:24.194-0800: 0.737: [CMS-concurrent-sweep-start]
2021-01-22T18:15:24.195-0800: 0.737: [CMS-concurrent-sweep: 0.000/0.000 secs] [Times: user=0.00 sys=0.00, real=0.00 secs] 
2021-01-22T18:15:24.195-0800: 0.737: [CMS-concurrent-reset-start]
2021-01-22T18:15:24.195-0800: 0.738: [CMS-concurrent-reset: 0.000/0.000 secs] [Times: user=0.00 sys=0.00, real=0.00 secs] 
2021-01-22T18:15:24.211-0800: 0.754: [GC (Allocation Failure) 2021-01-22T18:15:24.211-0800: 0.754: [ParNew: 107418K->107418K(107520K), 0.0000287 secs]2021-01-22T18:15:24.211-0800: 0.754: [CMS: 238196K->238859K(238976K), 0.0760320 secs] 345615K->254740K(346496K), [Metaspace: 2720K->2720K(1056768K)], 0.0762010 secs] [Times: user=0.05 sys=0.00, real=0.07 secs] 
2021-01-22T18:15:24.287-0800: 0.830: [GC (CMS Initial Mark) [1 CMS-initial-mark: 238859K(238976K)] 254885K(346496K), 0.0002311 secs] [Times: user=0.00 sys=0.00, real=0.00 secs] 
2021-01-22T18:15:24.288-0800: 0.831: [CMS-concurrent-mark-start]
2021-01-22T18:15:24.290-0800: 0.833: [CMS-concurrent-mark: 0.002/0.002 secs] [Times: user=0.00 sys=0.00, real=0.01 secs] 
2021-01-22T18:15:24.290-0800: 0.833: [CMS-concurrent-preclean-start]
2021-01-22T18:15:24.291-0800: 0.834: [CMS-concurrent-preclean: 0.001/0.001 secs] [Times: user=0.00 sys=0.00, real=0.00 secs] 
2021-01-22T18:15:24.291-0800: 0.834: [CMS-concurrent-abortable-preclean-start]
2021-01-22T18:15:24.291-0800: 0.834: [CMS-concurrent-abortable-preclean: 0.000/0.000 secs] [Times: user=0.00 sys=0.00, real=0.00 secs] 
2021-01-22T18:15:24.292-0800: 0.834: [GC (CMS Final Remark) [YG occupancy: 36193 K (107520 K)]2021-01-22T18:15:24.292-0800: 0.834: [Rescan (parallel) , 0.0003611 secs]2021-01-22T18:15:24.292-0800: 0.835: [weak refs processing, 0.0000147 secs]2021-01-22T18:15:24.292-0800: 0.835: [class unloading, 0.0002065 secs]2021-01-22T18:15:24.292-0800: 0.835: [scrub symbol table, 0.0004226 secs]2021-01-22T18:15:24.293-0800: 0.835: [scrub string table, 0.0001666 secs][1 CMS-remark: 238859K(238976K)] 275052K(346496K), 0.0012425 secs] [Times: user=0.00 sys=0.00, real=0.00 secs] 
2021-01-22T18:15:24.293-0800: 0.836: [CMS-concurrent-sweep-start]
2021-01-22T18:15:24.293-0800: 0.836: [CMS-concurrent-sweep: 0.000/0.000 secs] [Times: user=0.01 sys=0.00, real=0.00 secs] 
2021-01-22T18:15:24.293-0800: 0.836: [CMS-concurrent-reset-start]
2021-01-22T18:15:24.294-0800: 0.837: [CMS-concurrent-reset: 0.000/0.000 secs] [Times: user=0.00 sys=0.00, real=0.00 secs] 
2021-01-22T18:15:24.306-0800: 0.848: [GC (Allocation Failure) 2021-01-22T18:15:24.306-0800: 0.848: [ParNew: 107381K->107381K(107520K), 0.0000283 secs]2021-01-22T18:15:24.306-0800: 0.848: [CMS: 238859K->238810K(238976K), 0.0476734 secs] 346240K->261595K(346496K), [Metaspace: 2720K->2720K(1056768K)], 0.0478176 secs] [Times: user=0.05 sys=0.00, real=0.05 secs] 
2021-01-22T18:15:24.354-0800: 0.896: [GC (CMS Initial Mark) [1 CMS-initial-mark: 238810K(238976K)] 262148K(346496K), 0.0001984 secs] [Times: user=0.00 sys=0.00, real=0.00 secs] 
2021-01-22T18:15:24.354-0800: 0.897: [CMS-concurrent-mark-start]
2021-01-22T18:15:24.356-0800: 0.899: [CMS-concurrent-mark: 0.002/0.002 secs] [Times: user=0.00 sys=0.00, real=0.00 secs] 
2021-01-22T18:15:24.356-0800: 0.899: [CMS-concurrent-preclean-start]
2021-01-22T18:15:24.358-0800: 0.900: [CMS-concurrent-preclean: 0.001/0.001 secs] [Times: user=0.00 sys=0.00, real=0.00 secs] 
2021-01-22T18:15:24.358-0800: 0.900: [CMS-concurrent-abortable-preclean-start]
2021-01-22T18:15:24.358-0800: 0.900: [CMS-concurrent-abortable-preclean: 0.000/0.000 secs] [Times: user=0.00 sys=0.00, real=0.00 secs] 
2021-01-22T18:15:24.358-0800: 0.901: [GC (CMS Final Remark) [YG occupancy: 42465 K (107520 K)]2021-01-22T18:15:24.358-0800: 0.901: [Rescan (parallel) , 0.0002836 secs]2021-01-22T18:15:24.358-0800: 0.901: [weak refs processing, 0.0000174 secs]2021-01-22T18:15:24.358-0800: 0.901: [class unloading, 0.0002135 secs]2021-01-22T18:15:24.358-0800: 0.901: [scrub symbol table, 0.0004164 secs]2021-01-22T18:15:24.359-0800: 0.902: [scrub string table, 0.0001665 secs][1 CMS-remark: 238810K(238976K)] 281276K(346496K), 0.0011974 secs] [Times: user=0.00 sys=0.00, real=0.00 secs] 
2021-01-22T18:15:24.359-0800: 0.902: [CMS-concurrent-sweep-start]
2021-01-22T18:15:24.360-0800: 0.902: [CMS-concurrent-sweep: 0.000/0.000 secs] [Times: user=0.01 sys=0.00, real=0.01 secs] 
2021-01-22T18:15:24.360-0800: 0.903: [CMS-concurrent-reset-start]
2021-01-22T18:15:24.360-0800: 0.903: [CMS-concurrent-reset: 0.000/0.000 secs] [Times: user=0.00 sys=0.00, real=0.00 secs] 
2021-01-22T18:15:24.371-0800: 0.913: [GC (Allocation Failure) 2021-01-22T18:15:24.371-0800: 0.914: [ParNew: 107450K->107450K(107520K), 0.0000444 secs]2021-01-22T18:15:24.371-0800: 0.914: [CMS: 238810K->238682K(238976K), 0.0518918 secs] 346261K->270212K(346496K), [Metaspace: 2720K->2720K(1056768K)], 0.0521435 secs] [Times: user=0.05 sys=0.01, real=0.05 secs] 
2021-01-22T18:15:24.423-0800: 0.966: [GC (CMS Initial Mark) [1 CMS-initial-mark: 238682K(238976K)] 270356K(346496K), 0.0001540 secs] [Times: user=0.00 sys=0.00, real=0.00 secs] 
2021-01-22T18:15:24.423-0800: 0.966: [CMS-concurrent-mark-start]
2021-01-22T18:15:24.426-0800: 0.968: [CMS-concurrent-mark: 0.002/0.002 secs] [Times: user=0.00 sys=0.00, real=0.00 secs] 
2021-01-22T18:15:24.426-0800: 0.968: [CMS-concurrent-preclean-start]
2021-01-22T18:15:24.427-0800: 0.970: [CMS-concurrent-preclean: 0.002/0.002 secs] [Times: user=0.01 sys=0.00, real=0.00 secs] 
2021-01-22T18:15:24.427-0800: 0.970: [CMS-concurrent-abortable-preclean-start]
2021-01-22T18:15:24.427-0800: 0.970: [CMS-concurrent-abortable-preclean: 0.000/0.000 secs] [Times: user=0.00 sys=0.00, real=0.00 secs] 
2021-01-22T18:15:24.428-0800: 0.970: [GC (CMS Final Remark) [YG occupancy: 52373 K (107520 K)]2021-01-22T18:15:24.428-0800: 0.970: [Rescan (parallel) , 0.0002847 secs]2021-01-22T18:15:24.428-0800: 0.971: [weak refs processing, 0.0000134 secs]2021-01-22T18:15:24.428-0800: 0.971: [class unloading, 0.0002094 secs]2021-01-22T18:15:24.428-0800: 0.971: [scrub symbol table, 0.0003378 secs]2021-01-22T18:15:24.428-0800: 0.971: [scrub string table, 0.0001635 secs][1 CMS-remark: 238682K(238976K)] 291056K(346496K), 0.0011158 secs] [Times: user=0.00 sys=0.00, real=0.00 secs] 
2021-01-22T18:15:24.429-0800: 0.972: [CMS-concurrent-sweep-start]
2021-01-22T18:15:24.429-0800: 0.972: [CMS-concurrent-sweep: 0.000/0.000 secs] [Times: user=0.00 sys=0.00, real=0.00 secs] 
2021-01-22T18:15:24.429-0800: 0.972: [CMS-concurrent-reset-start]
2021-01-22T18:15:24.430-0800: 0.972: [CMS-concurrent-reset: 0.000/0.000 secs] [Times: user=0.00 sys=0.00, real=0.01 secs] 
2021-01-22T18:15:24.439-0800: 0.982: [GC (Allocation Failure) 2021-01-22T18:15:24.439-0800: 0.982: [ParNew: 107499K->107499K(107520K), 0.0000290 secs]2021-01-22T18:15:24.439-0800: 0.982: [CMS: 238682K->238963K(238976K), 0.0524707 secs] 346181K->279260K(346496K), [Metaspace: 2720K->2720K(1056768K)], 0.0526168 secs] [Times: user=0.05 sys=0.00, real=0.06 secs] 
2021-01-22T18:15:24.492-0800: 1.035: [GC (CMS Initial Mark) [1 CMS-initial-mark: 238963K(238976K)] 279404K(346496K), 0.0001442 secs] [Times: user=0.00 sys=0.00, real=0.00 secs] 
2021-01-22T18:15:24.492-0800: 1.035: [CMS-concurrent-mark-start]
2021-01-22T18:15:24.494-0800: 1.037: [CMS-concurrent-mark: 0.002/0.002 secs] [Times: user=0.01 sys=0.00, real=0.00 secs] 
2021-01-22T18:15:24.494-0800: 1.037: [CMS-concurrent-preclean-start]
2021-01-22T18:15:24.495-0800: 1.038: [CMS-concurrent-preclean: 0.001/0.001 secs] [Times: user=0.00 sys=0.00, real=0.00 secs] 
2021-01-22T18:15:24.495-0800: 1.038: [CMS-concurrent-abortable-preclean-start]
2021-01-22T18:15:24.495-0800: 1.038: [CMS-concurrent-abortable-preclean: 0.000/0.000 secs] [Times: user=0.00 sys=0.00, real=0.00 secs] 
2021-01-22T18:15:24.496-0800: 1.039: [GC (CMS Final Remark) [YG occupancy: 62952 K (107520 K)]2021-01-22T18:15:24.496-0800: 1.039: [Rescan (parallel) , 0.0003243 secs]2021-01-22T18:15:24.496-0800: 1.039: [weak refs processing, 0.0000179 secs]2021-01-22T18:15:24.496-0800: 1.039: [class unloading, 0.0002319 secs]2021-01-22T18:15:24.497-0800: 1.039: [scrub symbol table, 0.0004655 secs]2021-01-22T18:15:24.497-0800: 1.040: [scrub string table, 0.0001674 secs][1 CMS-remark: 238963K(238976K)] 301916K(346496K), 0.0013097 secs] [Times: user=0.00 sys=0.00, real=0.00 secs] 
2021-01-22T18:15:24.497-0800: 1.040: [CMS-concurrent-sweep-start]
2021-01-22T18:15:24.498-0800: 1.041: [CMS-concurrent-sweep: 0.001/0.001 secs] [Times: user=0.00 sys=0.00, real=0.00 secs] 
2021-01-22T18:15:24.498-0800: 1.041: [CMS-concurrent-reset-start]
2021-01-22T18:15:24.499-0800: 1.041: [CMS-concurrent-reset: 0.000/0.000 secs] [Times: user=0.00 sys=0.00, real=0.00 secs] 
2021-01-22T18:15:24.505-0800: 1.047: [GC (Allocation Failure) 2021-01-22T18:15:24.505-0800: 1.048: [ParNew: 107337K->107337K(107520K), 0.0000621 secs]2021-01-22T18:15:24.505-0800: 1.048: [CMS: 238963K->238801K(238976K), 0.0516004 secs] 346300K->283786K(346496K), [Metaspace: 2720K->2720K(1056768K)], 0.0518108 secs] [Times: user=0.05 sys=0.00, real=0.05 secs] 
2021-01-22T18:15:24.557-0800: 1.099: [GC (CMS Initial Mark) [1 CMS-initial-mark: 238801K(238976K)] 284105K(346496K), 0.0001862 secs] [Times: user=0.00 sys=0.00, real=0.00 secs] 
2021-01-22T18:15:24.557-0800: 1.100: [CMS-concurrent-mark-start]
2021-01-22T18:15:24.559-0800: 1.102: [CMS-concurrent-mark: 0.002/0.002 secs] [Times: user=0.00 sys=0.00, real=0.00 secs] 
2021-01-22T18:15:24.559-0800: 1.102: [CMS-concurrent-preclean-start]
2021-01-22T18:15:24.560-0800: 1.103: [CMS-concurrent-preclean: 0.001/0.001 secs] [Times: user=0.01 sys=0.00, real=0.01 secs] 
2021-01-22T18:15:24.560-0800: 1.103: [CMS-concurrent-abortable-preclean-start]
2021-01-22T18:15:24.560-0800: 1.103: [CMS-concurrent-abortable-preclean: 0.000/0.000 secs] [Times: user=0.00 sys=0.00, real=0.00 secs] 
2021-01-22T18:15:24.561-0800: 1.103: [GC (CMS Final Remark) [YG occupancy: 64405 K (107520 K)]2021-01-22T18:15:24.561-0800: 1.103: [Rescan (parallel) , 0.0003011 secs]2021-01-22T18:15:24.561-0800: 1.104: [weak refs processing, 0.0000177 secs]2021-01-22T18:15:24.561-0800: 1.104: [class unloading, 0.0002329 secs]2021-01-22T18:15:24.561-0800: 1.104: [scrub symbol table, 0.0004204 secs]2021-01-22T18:15:24.562-0800: 1.105: [scrub string table, 0.0001662 secs][1 CMS-remark: 238801K(238976K)] 303207K(346496K), 0.0012227 secs] [Times: user=0.00 sys=0.00, real=0.00 secs] 
2021-01-22T18:15:24.562-0800: 1.105: [CMS-concurrent-sweep-start]
2021-01-22T18:15:24.563-0800: 1.105: [CMS-concurrent-sweep: 0.001/0.001 secs] [Times: user=0.00 sys=0.00, real=0.00 secs] 
2021-01-22T18:15:24.563-0800: 1.105: [CMS-concurrent-reset-start]
2021-01-22T18:15:24.563-0800: 1.106: [CMS-concurrent-reset: 0.000/0.000 secs] [Times: user=0.00 sys=0.00, real=0.00 secs] 
Heap
 par new generation   total 107520K, used 95616K [0x00000007aa200000, 0x00000007b16a0000, 0x00000007b16a0000)
  eden space 95616K, 100% used [0x00000007aa200000, 0x00000007aff60000, 0x00000007aff60000)
  from space 11904K,   0% used [0x00000007b0b00000, 0x00000007b0b00000, 0x00000007b16a0000)
  to   space 11904K,   0% used [0x00000007aff60000, 0x00000007aff60000, 0x00000007b0b00000)
 concurrent mark-sweep generation total 238976K, used 238706K [0x00000007b16a0000, 0x00000007c0000000, 0x00000007c0000000)
 Metaspace       used 2726K, capacity 4486K, committed 4864K, reserved 1056768K
  class space    used 296K, capacity 386K, committed 512K, reserved 1048576K
