Java HotSpot(TM) 64-Bit Server VM (25.231-b11) for bsd-amd64 JRE (1.8.0_231-b11), built on Oct  5 2019 03:15:25 by "java_re" with gcc 4.2.1 (Based on Apple Inc. build 5658) (LLVM build 2336.11.00)
Memory: 4k page, physical 8388608k(453120k free)

/proc/meminfo:

CommandLine flags: -XX:InitialHeapSize=367001600 -XX:MaxHeapSize=367001600 -XX:+PrintGC -XX:+PrintGCDateStamps -XX:+PrintGCDetails -XX:+PrintGCTimeStamps -XX:+UseCompressedClassPointers -XX:+UseCompressedOops -XX:+UseG1GC 
2021-01-22T17:50:20.305-0800: 0.132: [GC pause (G1 Evacuation Pause) (young), 0.0046379 secs]
   [Parallel Time: 3.8 ms, GC Workers: 4]
      [GC Worker Start (ms): Min: 132.5, Avg: 132.8, Max: 133.2, Diff: 0.7]
      [Ext Root Scanning (ms): Min: 0.0, Avg: 0.3, Max: 0.5, Diff: 0.5, Sum: 1.1]
      [Update RS (ms): Min: 0.0, Avg: 0.0, Max: 0.0, Diff: 0.0, Sum: 0.0]
         [Processed Buffers: Min: 0, Avg: 0.0, Max: 0, Diff: 0, Sum: 0]
      [Scan RS (ms): Min: 0.0, Avg: 0.0, Max: 0.0, Diff: 0.0, Sum: 0.0]
      [Code Root Scanning (ms): Min: 0.0, Avg: 0.0, Max: 0.0, Diff: 0.0, Sum: 0.0]
      [Object Copy (ms): Min: 2.5, Avg: 2.6, Max: 2.8, Diff: 0.3, Sum: 10.5]
      [Termination (ms): Min: 0.0, Avg: 0.2, Max: 0.4, Diff: 0.4, Sum: 0.7]
         [Termination Attempts: Min: 1, Avg: 1.0, Max: 1, Diff: 0, Sum: 4]
      [GC Worker Other (ms): Min: 0.0, Avg: 0.0, Max: 0.0, Diff: 0.0, Sum: 0.1]
      [GC Worker Total (ms): Min: 2.7, Avg: 3.1, Max: 3.4, Diff: 0.7, Sum: 12.4]
      [GC Worker End (ms): Min: 135.9, Avg: 135.9, Max: 136.0, Diff: 0.1]
   [Code Root Fixup: 0.0 ms]
   [Code Root Purge: 0.0 ms]
   [Clear CT: 0.1 ms]
   [Other: 0.7 ms]
      [Choose CSet: 0.0 ms]
      [Ref Proc: 0.4 ms]
      [Ref Enq: 0.0 ms]
      [Redirty Cards: 0.1 ms]
      [Humongous Register: 0.0 ms]
      [Humongous Reclaim: 0.0 ms]
      [Free CSet: 0.0 ms]
   [Eden: 17.0M(17.0M)->0.0B(14.0M) Survivors: 0.0B->3072.0K Heap: 20.2M(350.0M)->7697.6K(350.0M)]
 [Times: user=0.01 sys=0.00, real=0.01 secs] 
2021-01-22T17:50:20.323-0800: 0.150: [GC pause (G1 Evacuation Pause) (young), 0.0027660 secs]
   [Parallel Time: 2.4 ms, GC Workers: 4]
      [GC Worker Start (ms): Min: 149.6, Avg: 149.9, Max: 150.7, Diff: 1.1]
      [Ext Root Scanning (ms): Min: 0.0, Avg: 0.2, Max: 0.3, Diff: 0.3, Sum: 0.6]
      [Update RS (ms): Min: 0.0, Avg: 0.0, Max: 0.0, Diff: 0.0, Sum: 0.0]
         [Processed Buffers: Min: 0, Avg: 0.5, Max: 1, Diff: 1, Sum: 2]
      [Scan RS (ms): Min: 0.0, Avg: 0.0, Max: 0.0, Diff: 0.0, Sum: 0.0]
      [Code Root Scanning (ms): Min: 0.0, Avg: 0.0, Max: 0.0, Diff: 0.0, Sum: 0.0]
      [Object Copy (ms): Min: 1.2, Avg: 1.8, Max: 2.1, Diff: 0.9, Sum: 7.1]
      [Termination (ms): Min: 0.0, Avg: 0.1, Max: 0.2, Diff: 0.2, Sum: 0.4]
         [Termination Attempts: Min: 1, Avg: 1.0, Max: 1, Diff: 0, Sum: 4]
      [GC Worker Other (ms): Min: 0.0, Avg: 0.0, Max: 0.0, Diff: 0.0, Sum: 0.1]
      [GC Worker Total (ms): Min: 1.3, Avg: 2.1, Max: 2.4, Diff: 1.1, Sum: 8.3]
      [GC Worker End (ms): Min: 152.0, Avg: 152.0, Max: 152.0, Diff: 0.0]
   [Code Root Fixup: 0.0 ms]
   [Code Root Purge: 0.0 ms]
   [Clear CT: 0.0 ms]
   [Other: 0.3 ms]
      [Choose CSet: 0.0 ms]
      [Ref Proc: 0.1 ms]
      [Ref Enq: 0.0 ms]
      [Redirty Cards: 0.0 ms]
      [Humongous Register: 0.0 ms]
      [Humongous Reclaim: 0.0 ms]
      [Free CSet: 0.0 ms]
   [Eden: 14.0M(14.0M)->0.0B(24.0M) Survivors: 3072.0K->3072.0K Heap: 25.9M(350.0M)->12.9M(350.0M)]
 [Times: user=0.00 sys=0.00, real=0.00 secs] 
2021-01-22T17:50:20.344-0800: 0.171: [GC pause (G1 Evacuation Pause) (young), 0.0047020 secs]
   [Parallel Time: 4.3 ms, GC Workers: 4]
      [GC Worker Start (ms): Min: 171.0, Avg: 171.1, Max: 171.2, Diff: 0.2]
      [Ext Root Scanning (ms): Min: 0.0, Avg: 0.1, Max: 0.2, Diff: 0.2, Sum: 0.5]
      [Update RS (ms): Min: 0.1, Avg: 0.2, Max: 0.5, Diff: 0.4, Sum: 0.8]
         [Processed Buffers: Min: 1, Avg: 2.0, Max: 5, Diff: 4, Sum: 8]
      [Scan RS (ms): Min: 0.0, Avg: 0.0, Max: 0.0, Diff: 0.0, Sum: 0.0]
      [Code Root Scanning (ms): Min: 0.0, Avg: 0.0, Max: 0.0, Diff: 0.0, Sum: 0.0]
      [Object Copy (ms): Min: 3.4, Avg: 3.7, Max: 3.9, Diff: 0.5, Sum: 15.0]
      [Termination (ms): Min: 0.0, Avg: 0.1, Max: 0.2, Diff: 0.2, Sum: 0.5]
         [Termination Attempts: Min: 1, Avg: 1.0, Max: 1, Diff: 0, Sum: 4]
      [GC Worker Other (ms): Min: 0.0, Avg: 0.0, Max: 0.0, Diff: 0.0, Sum: 0.1]
      [GC Worker Total (ms): Min: 4.1, Avg: 4.2, Max: 4.3, Diff: 0.2, Sum: 16.9]
      [GC Worker End (ms): Min: 175.3, Avg: 175.3, Max: 175.3, Diff: 0.0]
   [Code Root Fixup: 0.0 ms]
   [Code Root Purge: 0.0 ms]
   [Clear CT: 0.1 ms]
   [Other: 0.3 ms]
      [Choose CSet: 0.0 ms]
      [Ref Proc: 0.1 ms]
      [Ref Enq: 0.0 ms]
      [Redirty Cards: 0.1 ms]
      [Humongous Register: 0.0 ms]
      [Humongous Reclaim: 0.0 ms]
      [Free CSet: 0.0 ms]
   [Eden: 24.0M(24.0M)->0.0B(31.0M) Survivors: 3072.0K->4096.0K Heap: 44.3M(350.0M)->25.5M(350.0M)]
 [Times: user=0.01 sys=0.01, real=0.00 secs] 
2021-01-22T17:50:20.362-0800: 0.189: [GC pause (G1 Evacuation Pause) (young), 0.0067181 secs]
   [Parallel Time: 6.4 ms, GC Workers: 4]
      [GC Worker Start (ms): Min: 189.3, Avg: 189.4, Max: 189.4, Diff: 0.0]
      [Ext Root Scanning (ms): Min: 0.1, Avg: 0.1, Max: 0.2, Diff: 0.0, Sum: 0.6]
      [Update RS (ms): Min: 0.0, Avg: 0.0, Max: 0.0, Diff: 0.0, Sum: 0.1]
         [Processed Buffers: Min: 1, Avg: 1.5, Max: 3, Diff: 2, Sum: 6]
      [Scan RS (ms): Min: 0.0, Avg: 0.0, Max: 0.0, Diff: 0.0, Sum: 0.0]
      [Code Root Scanning (ms): Min: 0.0, Avg: 0.0, Max: 0.0, Diff: 0.0, Sum: 0.0]
      [Object Copy (ms): Min: 6.0, Avg: 6.1, Max: 6.2, Diff: 0.2, Sum: 24.3]
      [Termination (ms): Min: 0.0, Avg: 0.1, Max: 0.2, Diff: 0.2, Sum: 0.3]
         [Termination Attempts: Min: 1, Avg: 1.0, Max: 1, Diff: 0, Sum: 4]
      [GC Worker Other (ms): Min: 0.0, Avg: 0.0, Max: 0.0, Diff: 0.0, Sum: 0.0]
      [GC Worker Total (ms): Min: 6.3, Avg: 6.3, Max: 6.4, Diff: 0.0, Sum: 25.4]
      [GC Worker End (ms): Min: 195.7, Avg: 195.7, Max: 195.7, Diff: 0.0]
   [Code Root Fixup: 0.0 ms]
   [Code Root Purge: 0.0 ms]
   [Clear CT: 0.1 ms]
   [Other: 0.3 ms]
      [Choose CSet: 0.0 ms]
      [Ref Proc: 0.1 ms]
      [Ref Enq: 0.0 ms]
      [Redirty Cards: 0.0 ms]
      [Humongous Register: 0.0 ms]
      [Humongous Reclaim: 0.0 ms]
      [Free CSet: 0.0 ms]
   [Eden: 31.0M(31.0M)->0.0B(49.0M) Survivors: 4096.0K->5120.0K Heap: 64.6M(350.0M)->44.2M(350.0M)]
 [Times: user=0.01 sys=0.02, real=0.00 secs] 
2021-01-22T17:50:20.397-0800: 0.224: [GC pause (G1 Evacuation Pause) (young), 0.0172952 secs]
   [Parallel Time: 16.8 ms, GC Workers: 4]
      [GC Worker Start (ms): Min: 223.8, Avg: 223.8, Max: 223.8, Diff: 0.1]
      [Ext Root Scanning (ms): Min: 0.1, Avg: 0.2, Max: 0.2, Diff: 0.1, Sum: 0.6]
      [Update RS (ms): Min: 0.7, Avg: 0.7, Max: 0.7, Diff: 0.0, Sum: 2.7]
         [Processed Buffers: Min: 9, Avg: 9.5, Max: 11, Diff: 2, Sum: 38]
      [Scan RS (ms): Min: 0.0, Avg: 0.0, Max: 0.0, Diff: 0.0, Sum: 0.0]
      [Code Root Scanning (ms): Min: 0.0, Avg: 0.0, Max: 0.0, Diff: 0.0, Sum: 0.0]
      [Object Copy (ms): Min: 6.1, Avg: 6.4, Max: 6.9, Diff: 0.8, Sum: 25.5]
      [Termination (ms): Min: 0.0, Avg: 7.2, Max: 9.6, Diff: 9.6, Sum: 28.7]
         [Termination Attempts: Min: 1, Avg: 1.0, Max: 1, Diff: 0, Sum: 4]
      [GC Worker Other (ms): Min: 0.0, Avg: 0.0, Max: 0.1, Diff: 0.0, Sum: 0.1]
      [GC Worker Total (ms): Min: 7.8, Avg: 14.4, Max: 16.7, Diff: 8.9, Sum: 57.7]
      [GC Worker End (ms): Min: 231.5, Avg: 238.2, Max: 240.5, Diff: 9.0]
   [Code Root Fixup: 0.0 ms]
   [Code Root Purge: 0.0 ms]
   [Clear CT: 0.1 ms]
   [Other: 0.5 ms]
      [Choose CSet: 0.0 ms]
      [Ref Proc: 0.2 ms]
      [Ref Enq: 0.0 ms]
      [Redirty Cards: 0.1 ms]
      [Humongous Register: 0.0 ms]
      [Humongous Reclaim: 0.1 ms]
      [Free CSet: 0.0 ms]
   [Eden: 49.0M(49.0M)->0.0B(106.0M) Survivors: 5120.0K->7168.0K Heap: 108.9M(350.0M)->63.2M(350.0M)]
 [Times: user=0.01 sys=0.02, real=0.02 secs] 
2021-01-22T17:50:20.478-0800: 0.305: [GC pause (G1 Evacuation Pause) (young), 0.0158433 secs]
   [Parallel Time: 15.3 ms, GC Workers: 4]
      [GC Worker Start (ms): Min: 304.7, Avg: 304.7, Max: 304.7, Diff: 0.0]
      [Ext Root Scanning (ms): Min: 0.1, Avg: 0.1, Max: 0.2, Diff: 0.0, Sum: 0.5]
      [Update RS (ms): Min: 0.1, Avg: 0.2, Max: 0.2, Diff: 0.1, Sum: 0.7]
         [Processed Buffers: Min: 1, Avg: 2.2, Max: 3, Diff: 2, Sum: 9]
      [Scan RS (ms): Min: 0.0, Avg: 0.0, Max: 0.0, Diff: 0.0, Sum: 0.1]
      [Code Root Scanning (ms): Min: 0.0, Avg: 0.0, Max: 0.0, Diff: 0.0, Sum: 0.0]
      [Object Copy (ms): Min: 14.8, Avg: 14.9, Max: 15.0, Diff: 0.1, Sum: 59.5]
      [Termination (ms): Min: 0.0, Avg: 0.0, Max: 0.1, Diff: 0.1, Sum: 0.2]
         [Termination Attempts: Min: 1, Avg: 1.0, Max: 1, Diff: 0, Sum: 4]
      [GC Worker Other (ms): Min: 0.0, Avg: 0.0, Max: 0.0, Diff: 0.0, Sum: 0.0]
      [GC Worker Total (ms): Min: 15.3, Avg: 15.3, Max: 15.3, Diff: 0.0, Sum: 61.1]
      [GC Worker End (ms): Min: 320.0, Avg: 320.0, Max: 320.0, Diff: 0.0]
   [Code Root Fixup: 0.0 ms]
   [Code Root Purge: 0.0 ms]
   [Clear CT: 0.1 ms]
   [Other: 0.4 ms]
      [Choose CSet: 0.0 ms]
      [Ref Proc: 0.1 ms]
      [Ref Enq: 0.0 ms]
      [Redirty Cards: 0.0 ms]
      [Humongous Register: 0.1 ms]
      [Humongous Reclaim: 0.1 ms]
      [Free CSet: 0.0 ms]
   [Eden: 106.0M(106.0M)->0.0B(73.0M) Survivors: 7168.0K->15.0M Heap: 197.2M(350.0M)->101.4M(350.0M)]
 [Times: user=0.02 sys=0.03, real=0.02 secs] 
2021-01-22T17:50:20.519-0800: 0.346: [GC pause (G1 Evacuation Pause) (young), 0.0129727 secs]
   [Parallel Time: 12.5 ms, GC Workers: 4]
      [GC Worker Start (ms): Min: 346.3, Avg: 346.3, Max: 346.3, Diff: 0.1]
      [Ext Root Scanning (ms): Min: 0.1, Avg: 0.1, Max: 0.2, Diff: 0.0, Sum: 0.6]
      [Update RS (ms): Min: 0.2, Avg: 0.2, Max: 0.2, Diff: 0.1, Sum: 0.8]
         [Processed Buffers: Min: 1, Avg: 2.5, Max: 3, Diff: 2, Sum: 10]
      [Scan RS (ms): Min: 0.0, Avg: 0.0, Max: 0.0, Diff: 0.0, Sum: 0.0]
      [Code Root Scanning (ms): Min: 0.0, Avg: 0.0, Max: 0.0, Diff: 0.0, Sum: 0.0]
      [Object Copy (ms): Min: 11.5, Avg: 11.8, Max: 12.0, Diff: 0.5, Sum: 47.3]
      [Termination (ms): Min: 0.0, Avg: 0.2, Max: 0.5, Diff: 0.5, Sum: 0.9]
         [Termination Attempts: Min: 1, Avg: 1.0, Max: 1, Diff: 0, Sum: 4]
      [GC Worker Other (ms): Min: 0.0, Avg: 0.0, Max: 0.0, Diff: 0.0, Sum: 0.0]
      [GC Worker Total (ms): Min: 12.4, Avg: 12.4, Max: 12.4, Diff: 0.1, Sum: 49.7]
      [GC Worker End (ms): Min: 358.7, Avg: 358.7, Max: 358.7, Diff: 0.0]
   [Code Root Fixup: 0.0 ms]
   [Code Root Purge: 0.0 ms]
   [Clear CT: 0.1 ms]
   [Other: 0.4 ms]
      [Choose CSet: 0.0 ms]
      [Ref Proc: 0.1 ms]
      [Ref Enq: 0.0 ms]
      [Redirty Cards: 0.0 ms]
      [Humongous Register: 0.0 ms]
      [Humongous Reclaim: 0.1 ms]
      [Free CSet: 0.0 ms]
   [Eden: 73.0M(73.0M)->0.0B(134.0M) Survivors: 15.0M->11.0M Heap: 199.2M(350.0M)->124.7M(350.0M)]
 [Times: user=0.02 sys=0.02, real=0.02 secs] 
2021-01-22T17:50:20.551-0800: 0.378: [GC pause (G1 Humongous Allocation) (young) (initial-mark), 0.0072341 secs]
   [Parallel Time: 6.7 ms, GC Workers: 4]
      [GC Worker Start (ms): Min: 377.9, Avg: 377.9, Max: 378.0, Diff: 0.1]
      [Ext Root Scanning (ms): Min: 0.1, Avg: 0.2, Max: 0.2, Diff: 0.0, Sum: 0.6]
      [Update RS (ms): Min: 0.3, Avg: 0.3, Max: 0.4, Diff: 0.1, Sum: 1.3]
         [Processed Buffers: Min: 3, Avg: 4.2, Max: 6, Diff: 3, Sum: 17]
      [Scan RS (ms): Min: 0.0, Avg: 0.0, Max: 0.0, Diff: 0.0, Sum: 0.1]
      [Code Root Scanning (ms): Min: 0.0, Avg: 0.0, Max: 0.0, Diff: 0.0, Sum: 0.0]
      [Object Copy (ms): Min: 5.6, Avg: 5.9, Max: 6.1, Diff: 0.6, Sum: 23.8]
      [Termination (ms): Min: 0.0, Avg: 0.2, Max: 0.5, Diff: 0.5, Sum: 0.8]
         [Termination Attempts: Min: 1, Avg: 1.0, Max: 1, Diff: 0, Sum: 4]
      [GC Worker Other (ms): Min: 0.0, Avg: 0.0, Max: 0.0, Diff: 0.0, Sum: 0.1]
      [GC Worker Total (ms): Min: 6.6, Avg: 6.7, Max: 6.7, Diff: 0.1, Sum: 26.6]
      [GC Worker End (ms): Min: 384.6, Avg: 384.6, Max: 384.6, Diff: 0.0]
   [Code Root Fixup: 0.0 ms]
   [Code Root Purge: 0.0 ms]
   [Clear CT: 0.0 ms]
   [Other: 0.5 ms]
      [Choose CSet: 0.0 ms]
      [Ref Proc: 0.2 ms]
      [Ref Enq: 0.0 ms]
      [Redirty Cards: 0.0 ms]
      [Humongous Register: 0.1 ms]
      [Humongous Reclaim: 0.0 ms]
      [Free CSet: 0.0 ms]
   [Eden: 67.0M(134.0M)->0.0B(105.0M) Survivors: 11.0M->19.0M Heap: 207.9M(350.0M)->149.7M(350.0M)]
 [Times: user=0.01 sys=0.01, real=0.00 secs] 
2021-01-22T17:50:20.558-0800: 0.385: [GC concurrent-root-region-scan-start]
2021-01-22T17:50:20.558-0800: 0.385: [GC concurrent-root-region-scan-end, 0.0002196 secs]
2021-01-22T17:50:20.558-0800: 0.385: [GC concurrent-mark-start]
2021-01-22T17:50:20.562-0800: 0.389: [GC concurrent-mark-end, 0.0032087 secs]
2021-01-22T17:50:20.562-0800: 0.389: [GC remark 2021-01-22T17:50:20.562-0800: 0.389: [Finalize Marking, 0.0001805 secs] 2021-01-22T17:50:20.562-0800: 0.389: [GC ref-proc, 0.0000667 secs] 2021-01-22T17:50:20.562-0800: 0.389: [Unloading, 0.0009515 secs], 0.0018597 secs]
 [Times: user=0.00 sys=0.00, real=0.00 secs] 
2021-01-22T17:50:20.564-0800: 0.391: [GC cleanup 166M->166M(350M), 0.0005375 secs]
 [Times: user=0.00 sys=0.00, real=0.00 secs] 
2021-01-22T17:50:20.602-0800: 0.429: [GC pause (G1 Evacuation Pause) (young) (to-space exhausted), 0.0188577 secs]
   [Parallel Time: 17.9 ms, GC Workers: 4]
      [GC Worker Start (ms): Min: 428.9, Avg: 428.9, Max: 428.9, Diff: 0.0]
      [Ext Root Scanning (ms): Min: 0.1, Avg: 0.1, Max: 0.1, Diff: 0.0, Sum: 0.6]
      [Update RS (ms): Min: 0.4, Avg: 0.4, Max: 0.4, Diff: 0.0, Sum: 1.7]
         [Processed Buffers: Min: 3, Avg: 5.0, Max: 6, Diff: 3, Sum: 20]
      [Scan RS (ms): Min: 0.0, Avg: 0.0, Max: 0.0, Diff: 0.0, Sum: 0.1]
      [Code Root Scanning (ms): Min: 0.0, Avg: 0.0, Max: 0.0, Diff: 0.0, Sum: 0.0]
      [Object Copy (ms): Min: 17.1, Avg: 17.1, Max: 17.2, Diff: 0.2, Sum: 68.4]
      [Termination (ms): Min: 0.0, Avg: 0.2, Max: 0.2, Diff: 0.2, Sum: 0.6]
         [Termination Attempts: Min: 1, Avg: 1.0, Max: 1, Diff: 0, Sum: 4]
      [GC Worker Other (ms): Min: 0.0, Avg: 0.0, Max: 0.0, Diff: 0.0, Sum: 0.1]
      [GC Worker Total (ms): Min: 17.9, Avg: 17.9, Max: 17.9, Diff: 0.0, Sum: 71.5]
      [GC Worker End (ms): Min: 446.8, Avg: 446.8, Max: 446.8, Diff: 0.0]
   [Code Root Fixup: 0.0 ms]
   [Code Root Purge: 0.0 ms]
   [Clear CT: 0.1 ms]
   [Other: 0.9 ms]
      [Evacuation Failure: 0.4 ms]
      [Choose CSet: 0.0 ms]
      [Ref Proc: 0.2 ms]
      [Ref Enq: 0.0 ms]
      [Redirty Cards: 0.1 ms]
      [Humongous Register: 0.0 ms]
      [Humongous Reclaim: 0.0 ms]
      [Free CSet: 0.0 ms]
   [Eden: 105.0M(105.0M)->0.0B(3072.0K) Survivors: 19.0M->16.0M Heap: 276.1M(350.0M)->221.2M(350.0M)]
 [Times: user=0.02 sys=0.04, real=0.02 secs] 
2021-01-22T17:50:20.622-0800: 0.449: [GC pause (G1 Evacuation Pause) (mixed), 0.0041574 secs]
   [Parallel Time: 3.8 ms, GC Workers: 4]
      [GC Worker Start (ms): Min: 448.9, Avg: 448.9, Max: 448.9, Diff: 0.1]
      [Ext Root Scanning (ms): Min: 0.1, Avg: 0.2, Max: 0.2, Diff: 0.1, Sum: 0.6]
      [Update RS (ms): Min: 0.2, Avg: 0.2, Max: 0.3, Diff: 0.0, Sum: 1.0]
         [Processed Buffers: Min: 3, Avg: 3.8, Max: 5, Diff: 2, Sum: 15]
      [Scan RS (ms): Min: 0.0, Avg: 0.0, Max: 0.0, Diff: 0.0, Sum: 0.0]
      [Code Root Scanning (ms): Min: 0.0, Avg: 0.0, Max: 0.0, Diff: 0.0, Sum: 0.0]
      [Object Copy (ms): Min: 3.0, Avg: 3.1, Max: 3.2, Diff: 0.2, Sum: 12.5]
      [Termination (ms): Min: 0.0, Avg: 0.1, Max: 0.3, Diff: 0.3, Sum: 0.5]
         [Termination Attempts: Min: 1, Avg: 1.0, Max: 1, Diff: 0, Sum: 4]
      [GC Worker Other (ms): Min: 0.0, Avg: 0.0, Max: 0.0, Diff: 0.0, Sum: 0.1]
      [GC Worker Total (ms): Min: 3.6, Avg: 3.7, Max: 3.7, Diff: 0.1, Sum: 14.7]
      [GC Worker End (ms): Min: 452.6, Avg: 452.6, Max: 452.6, Diff: 0.0]
   [Code Root Fixup: 0.0 ms]
   [Code Root Purge: 0.0 ms]
   [Clear CT: 0.1 ms]
   [Other: 0.3 ms]
      [Choose CSet: 0.0 ms]
      [Ref Proc: 0.1 ms]
      [Ref Enq: 0.0 ms]
      [Redirty Cards: 0.0 ms]
      [Humongous Register: 0.0 ms]
      [Humongous Reclaim: 0.0 ms]
      [Free CSet: 0.0 ms]
   [Eden: 3072.0K(3072.0K)->0.0B(52.0M) Survivors: 16.0M->2048.0K Heap: 225.3M(350.0M)->221.3M(350.0M)]
 [Times: user=0.01 sys=0.00, real=0.00 secs] 
2021-01-22T17:50:20.627-0800: 0.454: [GC pause (G1 Humongous Allocation) (young) (initial-mark), 0.0014272 secs]
   [Parallel Time: 0.9 ms, GC Workers: 4]
      [GC Worker Start (ms): Min: 453.9, Avg: 454.0, Max: 454.1, Diff: 0.2]
      [Ext Root Scanning (ms): Min: 0.0, Avg: 0.2, Max: 0.3, Diff: 0.3, Sum: 0.7]
      [Update RS (ms): Min: 0.0, Avg: 0.1, Max: 0.1, Diff: 0.1, Sum: 0.3]
         [Processed Buffers: Min: 0, Avg: 1.8, Max: 3, Diff: 3, Sum: 7]
      [Scan RS (ms): Min: 0.0, Avg: 0.0, Max: 0.0, Diff: 0.0, Sum: 0.0]
      [Code Root Scanning (ms): Min: 0.0, Avg: 0.0, Max: 0.0, Diff: 0.0, Sum: 0.0]
      [Object Copy (ms): Min: 0.3, Avg: 0.4, Max: 0.5, Diff: 0.1, Sum: 1.6]
      [Termination (ms): Min: 0.0, Avg: 0.1, Max: 0.2, Diff: 0.2, Sum: 0.4]
         [Termination Attempts: Min: 1, Avg: 1.0, Max: 1, Diff: 0, Sum: 4]
      [GC Worker Other (ms): Min: 0.0, Avg: 0.0, Max: 0.0, Diff: 0.0, Sum: 0.0]
      [GC Worker Total (ms): Min: 0.6, Avg: 0.8, Max: 0.9, Diff: 0.2, Sum: 3.1]
      [GC Worker End (ms): Min: 454.7, Avg: 454.8, Max: 454.8, Diff: 0.0]
   [Code Root Fixup: 0.0 ms]
   [Code Root Purge: 0.0 ms]
   [Clear CT: 0.1 ms]
   [Other: 0.5 ms]
      [Choose CSet: 0.0 ms]
      [Ref Proc: 0.2 ms]
      [Ref Enq: 0.0 ms]
      [Redirty Cards: 0.0 ms]
      [Humongous Register: 0.0 ms]
      [Humongous Reclaim: 0.0 ms]
      [Free CSet: 0.0 ms]
   [Eden: 4096.0K(52.0M)->0.0B(49.0M) Survivors: 2048.0K->3072.0K Heap: 224.6M(350.0M)->222.7M(350.0M)]
 [Times: user=0.00 sys=0.00, real=0.00 secs] 
2021-01-22T17:50:20.628-0800: 0.455: [GC concurrent-root-region-scan-start]
2021-01-22T17:50:20.629-0800: 0.456: [GC concurrent-root-region-scan-end, 0.0001809 secs]
2021-01-22T17:50:20.629-0800: 0.456: [GC concurrent-mark-start]
2021-01-22T17:50:20.632-0800: 0.459: [GC concurrent-mark-end, 0.0034291 secs]
2021-01-22T17:50:20.632-0800: 0.459: [GC remark 2021-01-22T17:50:20.632-0800: 0.459: [Finalize Marking, 0.0001532 secs] 2021-01-22T17:50:20.633-0800: 0.460: [GC ref-proc, 0.0000424 secs] 2021-01-22T17:50:20.633-0800: 0.460: [Unloading, 0.0006050 secs], 0.0016356 secs]
 [Times: user=0.01 sys=0.00, real=0.00 secs] 
2021-01-22T17:50:20.634-0800: 0.461: [GC cleanup 234M->234M(350M), 0.0003592 secs]
 [Times: user=0.00 sys=0.00, real=0.00 secs] 
2021-01-22T17:50:20.647-0800: 0.474: [GC pause (G1 Evacuation Pause) (young), 0.0044470 secs]
   [Parallel Time: 3.8 ms, GC Workers: 4]
      [GC Worker Start (ms): Min: 473.7, Avg: 473.8, Max: 473.8, Diff: 0.1]
      [Ext Root Scanning (ms): Min: 0.1, Avg: 0.2, Max: 0.2, Diff: 0.1, Sum: 0.7]
      [Update RS (ms): Min: 0.5, Avg: 0.5, Max: 0.5, Diff: 0.0, Sum: 2.1]
         [Processed Buffers: Min: 4, Avg: 6.0, Max: 7, Diff: 3, Sum: 24]
      [Scan RS (ms): Min: 0.0, Avg: 0.0, Max: 0.0, Diff: 0.0, Sum: 0.0]
      [Code Root Scanning (ms): Min: 0.0, Avg: 0.0, Max: 0.0, Diff: 0.0, Sum: 0.0]
      [Object Copy (ms): Min: 2.9, Avg: 3.0, Max: 3.0, Diff: 0.1, Sum: 11.9]
      [Termination (ms): Min: 0.0, Avg: 0.0, Max: 0.1, Diff: 0.1, Sum: 0.1]
         [Termination Attempts: Min: 1, Avg: 1.0, Max: 1, Diff: 0, Sum: 4]
      [GC Worker Other (ms): Min: 0.0, Avg: 0.0, Max: 0.1, Diff: 0.0, Sum: 0.1]
      [GC Worker Total (ms): Min: 3.7, Avg: 3.7, Max: 3.8, Diff: 0.1, Sum: 14.9]
      [GC Worker End (ms): Min: 477.5, Avg: 477.5, Max: 477.5, Diff: 0.0]
   [Code Root Fixup: 0.0 ms]
   [Code Root Purge: 0.0 ms]
   [Clear CT: 0.0 ms]
   [Other: 0.6 ms]
      [Choose CSet: 0.0 ms]
      [Ref Proc: 0.2 ms]
      [Ref Enq: 0.0 ms]
      [Redirty Cards: 0.2 ms]
      [Humongous Register: 0.1 ms]
      [Humongous Reclaim: 0.0 ms]
      [Free CSet: 0.0 ms]
   [Eden: 49.0M(49.0M)->0.0B(10.0M) Survivors: 3072.0K->7168.0K Heap: 281.6M(350.0M)->241.1M(350.0M)]
 [Times: user=0.02 sys=0.01, real=0.01 secs] 
2021-01-22T17:50:20.655-0800: 0.482: [GC pause (G1 Evacuation Pause) (mixed), 0.0035968 secs]
   [Parallel Time: 3.1 ms, GC Workers: 4]
      [GC Worker Start (ms): Min: 481.7, Avg: 481.7, Max: 481.8, Diff: 0.1]
      [Ext Root Scanning (ms): Min: 0.1, Avg: 0.2, Max: 0.2, Diff: 0.1, Sum: 0.6]
      [Update RS (ms): Min: 0.5, Avg: 0.5, Max: 0.6, Diff: 0.0, Sum: 2.1]
         [Processed Buffers: Min: 4, Avg: 6.2, Max: 7, Diff: 3, Sum: 25]
      [Scan RS (ms): Min: 0.0, Avg: 0.0, Max: 0.0, Diff: 0.0, Sum: 0.1]
      [Code Root Scanning (ms): Min: 0.0, Avg: 0.0, Max: 0.0, Diff: 0.0, Sum: 0.0]
      [Object Copy (ms): Min: 2.2, Avg: 2.2, Max: 2.3, Diff: 0.1, Sum: 8.9]
      [Termination (ms): Min: 0.0, Avg: 0.0, Max: 0.1, Diff: 0.1, Sum: 0.1]
         [Termination Attempts: Min: 1, Avg: 1.0, Max: 1, Diff: 0, Sum: 4]
      [GC Worker Other (ms): Min: 0.0, Avg: 0.0, Max: 0.0, Diff: 0.0, Sum: 0.1]
      [GC Worker Total (ms): Min: 2.9, Avg: 3.0, Max: 3.0, Diff: 0.1, Sum: 11.9]
      [GC Worker End (ms): Min: 484.7, Avg: 484.7, Max: 484.7, Diff: 0.0]
   [Code Root Fixup: 0.0 ms]
   [Code Root Purge: 0.0 ms]
   [Clear CT: 0.1 ms]
   [Other: 0.4 ms]
      [Choose CSet: 0.0 ms]
      [Ref Proc: 0.1 ms]
      [Ref Enq: 0.0 ms]
      [Redirty Cards: 0.0 ms]
      [Humongous Register: 0.1 ms]
      [Humongous Reclaim: 0.0 ms]
      [Free CSet: 0.1 ms]
   [Eden: 10.0M(10.0M)->0.0B(14.0M) Survivors: 7168.0K->3072.0K Heap: 255.0M(350.0M)->215.2M(350.0M)]
 [Times: user=0.01 sys=0.00, real=0.00 secs] 
2021-01-22T17:50:20.663-0800: 0.490: [GC pause (G1 Evacuation Pause) (mixed), 0.0048807 secs]
   [Parallel Time: 4.4 ms, GC Workers: 4]
      [GC Worker Start (ms): Min: 490.7, Avg: 490.7, Max: 490.8, Diff: 0.1]
      [Ext Root Scanning (ms): Min: 0.1, Avg: 0.2, Max: 0.2, Diff: 0.1, Sum: 0.7]
      [Update RS (ms): Min: 0.4, Avg: 0.4, Max: 0.4, Diff: 0.0, Sum: 1.6]
         [Processed Buffers: Min: 5, Avg: 5.0, Max: 5, Diff: 0, Sum: 20]
      [Scan RS (ms): Min: 0.0, Avg: 0.1, Max: 0.1, Diff: 0.1, Sum: 0.3]
      [Code Root Scanning (ms): Min: 0.0, Avg: 0.0, Max: 0.0, Diff: 0.0, Sum: 0.0]
      [Object Copy (ms): Min: 3.5, Avg: 3.6, Max: 3.6, Diff: 0.1, Sum: 14.2]
      [Termination (ms): Min: 0.0, Avg: 0.0, Max: 0.1, Diff: 0.1, Sum: 0.2]
         [Termination Attempts: Min: 1, Avg: 1.0, Max: 1, Diff: 0, Sum: 4]
      [GC Worker Other (ms): Min: 0.0, Avg: 0.0, Max: 0.0, Diff: 0.0, Sum: 0.1]
      [GC Worker Total (ms): Min: 4.2, Avg: 4.3, Max: 4.3, Diff: 0.1, Sum: 17.1]
      [GC Worker End (ms): Min: 495.0, Avg: 495.0, Max: 495.0, Diff: 0.0]
   [Code Root Fixup: 0.0 ms]
   [Code Root Purge: 0.0 ms]
   [Clear CT: 0.1 ms]
   [Other: 0.4 ms]
      [Choose CSet: 0.0 ms]
      [Ref Proc: 0.1 ms]
      [Ref Enq: 0.0 ms]
      [Redirty Cards: 0.1 ms]
      [Humongous Register: 0.1 ms]
      [Humongous Reclaim: 0.0 ms]
      [Free CSet: 0.1 ms]
   [Eden: 14.0M(14.0M)->0.0B(62.0M) Survivors: 3072.0K->3072.0K Heap: 232.0M(350.0M)->205.1M(350.0M)]
 [Times: user=0.02 sys=0.00, real=0.00 secs] 
2021-01-22T17:50:20.669-0800: 0.496: [GC pause (G1 Humongous Allocation) (young) (initial-mark), 0.0012820 secs]
   [Parallel Time: 0.8 ms, GC Workers: 4]
      [GC Worker Start (ms): Min: 495.9, Avg: 496.0, Max: 496.0, Diff: 0.1]
      [Ext Root Scanning (ms): Min: 0.1, Avg: 0.2, Max: 0.2, Diff: 0.1, Sum: 0.6]
      [Update RS (ms): Min: 0.1, Avg: 0.2, Max: 0.4, Diff: 0.4, Sum: 0.9]
         [Processed Buffers: Min: 1, Avg: 1.2, Max: 2, Diff: 1, Sum: 5]
      [Scan RS (ms): Min: 0.0, Avg: 0.0, Max: 0.0, Diff: 0.0, Sum: 0.0]
      [Code Root Scanning (ms): Min: 0.0, Avg: 0.0, Max: 0.0, Diff: 0.0, Sum: 0.0]
      [Object Copy (ms): Min: 0.1, Avg: 0.3, Max: 0.4, Diff: 0.4, Sum: 1.0]
      [Termination (ms): Min: 0.0, Avg: 0.0, Max: 0.1, Diff: 0.1, Sum: 0.1]
         [Termination Attempts: Min: 1, Avg: 1.0, Max: 1, Diff: 0, Sum: 4]
      [GC Worker Other (ms): Min: 0.0, Avg: 0.0, Max: 0.0, Diff: 0.0, Sum: 0.0]
      [GC Worker Total (ms): Min: 0.7, Avg: 0.7, Max: 0.7, Diff: 0.1, Sum: 2.7]
      [GC Worker End (ms): Min: 496.6, Avg: 496.7, Max: 496.7, Diff: 0.0]
   [Code Root Fixup: 0.0 ms]
   [Code Root Purge: 0.0 ms]
   [Clear CT: 0.0 ms]
   [Other: 0.4 ms]
      [Choose CSet: 0.0 ms]
      [Ref Proc: 0.1 ms]
      [Ref Enq: 0.0 ms]
      [Redirty Cards: 0.1 ms]
      [Humongous Register: 0.1 ms]
      [Humongous Reclaim: 0.0 ms]
      [Free CSet: 0.0 ms]
   [Eden: 1024.0K(62.0M)->0.0B(66.0M) Survivors: 3072.0K->3072.0K Heap: 205.8M(350.0M)->204.9M(350.0M)]
 [Times: user=0.00 sys=0.00, real=0.01 secs] 
2021-01-22T17:50:20.670-0800: 0.497: [GC concurrent-root-region-scan-start]
2021-01-22T17:50:20.671-0800: 0.498: [GC concurrent-root-region-scan-end, 0.0002366 secs]
2021-01-22T17:50:20.671-0800: 0.498: [GC concurrent-mark-start]
2021-01-22T17:50:20.674-0800: 0.501: [GC concurrent-mark-end, 0.0035728 secs]
2021-01-22T17:50:20.674-0800: 0.501: [GC remark 2021-01-22T17:50:20.674-0800: 0.501: [Finalize Marking, 0.0001424 secs] 2021-01-22T17:50:20.675-0800: 0.502: [GC ref-proc, 0.0000408 secs] 2021-01-22T17:50:20.675-0800: 0.502: [Unloading, 0.0006151 secs], 0.0016718 secs]
 [Times: user=0.00 sys=0.00, real=0.00 secs] 
2021-01-22T17:50:20.676-0800: 0.503: [GC cleanup 215M->214M(350M), 0.0005116 secs]
 [Times: user=0.00 sys=0.00, real=0.00 secs] 
2021-01-22T17:50:20.677-0800: 0.504: [GC concurrent-cleanup-start]
2021-01-22T17:50:20.677-0800: 0.504: [GC concurrent-cleanup-end, 0.0000223 secs]
2021-01-22T17:50:20.697-0800: 0.524: [GC pause (G1 Evacuation Pause) (young), 0.0052679 secs]
   [Parallel Time: 4.9 ms, GC Workers: 4]
      [GC Worker Start (ms): Min: 524.3, Avg: 525.2, Max: 525.8, Diff: 1.5]
      [Ext Root Scanning (ms): Min: 0.0, Avg: 0.1, Max: 0.2, Diff: 0.2, Sum: 0.2]
      [Update RS (ms): Min: 0.0, Avg: 0.3, Max: 1.0, Diff: 1.0, Sum: 1.3]
         [Processed Buffers: Min: 0, Avg: 5.8, Max: 18, Diff: 18, Sum: 23]
      [Scan RS (ms): Min: 0.0, Avg: 0.0, Max: 0.0, Diff: 0.0, Sum: 0.1]
      [Code Root Scanning (ms): Min: 0.0, Avg: 0.0, Max: 0.0, Diff: 0.0, Sum: 0.0]
      [Object Copy (ms): Min: 3.0, Avg: 3.2, Max: 3.4, Diff: 0.4, Sum: 13.0]
      [Termination (ms): Min: 0.0, Avg: 0.1, Max: 0.2, Diff: 0.2, Sum: 0.4]
         [Termination Attempts: Min: 1, Avg: 1.0, Max: 1, Diff: 0, Sum: 4]
      [GC Worker Other (ms): Min: 0.0, Avg: 0.0, Max: 0.0, Diff: 0.0, Sum: 0.1]
      [GC Worker Total (ms): Min: 3.2, Avg: 3.8, Max: 4.7, Diff: 1.5, Sum: 15.1]
      [GC Worker End (ms): Min: 529.0, Avg: 529.0, Max: 529.0, Diff: 0.0]
   [Code Root Fixup: 0.0 ms]
   [Code Root Purge: 0.0 ms]
   [Clear CT: 0.1 ms]
   [Other: 0.3 ms]
      [Choose CSet: 0.0 ms]
      [Ref Proc: 0.1 ms]
      [Ref Enq: 0.0 ms]
      [Redirty Cards: 0.0 ms]
      [Humongous Register: 0.1 ms]
      [Humongous Reclaim: 0.0 ms]
      [Free CSet: 0.0 ms]
   [Eden: 66.0M(66.0M)->0.0B(8192.0K) Survivors: 3072.0K->9216.0K Heap: 282.4M(350.0M)->227.2M(350.0M)]
 [Times: user=0.01 sys=0.00, real=0.01 secs] 
2021-01-22T17:50:20.705-0800: 0.532: [GC pause (G1 Evacuation Pause) (mixed), 0.0057092 secs]
   [Parallel Time: 5.2 ms, GC Workers: 4]
      [GC Worker Start (ms): Min: 531.6, Avg: 532.8, Max: 533.8, Diff: 2.2]
      [Ext Root Scanning (ms): Min: 0.0, Avg: 0.1, Max: 0.2, Diff: 0.2, Sum: 0.2]
      [Update RS (ms): Min: 0.0, Avg: 0.2, Max: 0.7, Diff: 0.7, Sum: 0.7]
         [Processed Buffers: Min: 0, Avg: 4.2, Max: 17, Diff: 17, Sum: 17]
      [Scan RS (ms): Min: 0.0, Avg: 0.1, Max: 0.2, Diff: 0.2, Sum: 0.2]
      [Code Root Scanning (ms): Min: 0.0, Avg: 0.0, Max: 0.0, Diff: 0.0, Sum: 0.0]
      [Object Copy (ms): Min: 2.7, Avg: 3.6, Max: 4.1, Diff: 1.4, Sum: 14.3]
      [Termination (ms): Min: 0.0, Avg: 0.1, Max: 0.2, Diff: 0.2, Sum: 0.5]
         [Termination Attempts: Min: 1, Avg: 1.0, Max: 1, Diff: 0, Sum: 4]
      [GC Worker Other (ms): Min: 0.0, Avg: 0.0, Max: 0.0, Diff: 0.0, Sum: 0.1]
      [GC Worker Total (ms): Min: 3.0, Avg: 4.0, Max: 5.2, Diff: 2.2, Sum: 16.0]
      [GC Worker End (ms): Min: 536.8, Avg: 536.8, Max: 536.8, Diff: 0.0]
   [Code Root Fixup: 0.0 ms]
   [Code Root Purge: 0.0 ms]
   [Clear CT: 0.1 ms]
   [Other: 0.4 ms]
      [Choose CSet: 0.0 ms]
      [Ref Proc: 0.2 ms]
      [Ref Enq: 0.0 ms]
      [Redirty Cards: 0.0 ms]
      [Humongous Register: 0.0 ms]
      [Humongous Reclaim: 0.0 ms]
      [Free CSet: 0.0 ms]
   [Eden: 8192.0K(8192.0K)->0.0B(53.0M) Survivors: 9216.0K->3072.0K Heap: 236.6M(350.0M)->217.6M(350.0M)]
 [Times: user=0.02 sys=0.01, real=0.01 secs] 
2021-01-22T17:50:20.711-0800: 0.538: [GC pause (G1 Humongous Allocation) (young) (initial-mark), 0.0012083 secs]
   [Parallel Time: 0.8 ms, GC Workers: 4]
      [GC Worker Start (ms): Min: 537.8, Avg: 537.9, Max: 538.0, Diff: 0.2]
      [Ext Root Scanning (ms): Min: 0.0, Avg: 0.2, Max: 0.6, Diff: 0.6, Sum: 0.8]
      [Update RS (ms): Min: 0.0, Avg: 0.1, Max: 0.1, Diff: 0.1, Sum: 0.3]
         [Processed Buffers: Min: 0, Avg: 1.2, Max: 2, Diff: 2, Sum: 5]
      [Scan RS (ms): Min: 0.0, Avg: 0.0, Max: 0.0, Diff: 0.0, Sum: 0.0]
      [Code Root Scanning (ms): Min: 0.0, Avg: 0.0, Max: 0.0, Diff: 0.0, Sum: 0.0]
      [Object Copy (ms): Min: 0.0, Avg: 0.3, Max: 0.4, Diff: 0.4, Sum: 1.1]
      [Termination (ms): Min: 0.0, Avg: 0.1, Max: 0.1, Diff: 0.1, Sum: 0.3]
         [Termination Attempts: Min: 1, Avg: 1.0, Max: 1, Diff: 0, Sum: 4]
      [GC Worker Other (ms): Min: 0.0, Avg: 0.0, Max: 0.0, Diff: 0.0, Sum: 0.0]
      [GC Worker Total (ms): Min: 0.6, Avg: 0.6, Max: 0.8, Diff: 0.2, Sum: 2.6]
      [GC Worker End (ms): Min: 538.6, Avg: 538.6, Max: 538.6, Diff: 0.0]
   [Code Root Fixup: 0.0 ms]
   [Code Root Purge: 0.0 ms]
   [Clear CT: 0.1 ms]
   [Other: 0.3 ms]
      [Choose CSet: 0.0 ms]
      [Ref Proc: 0.2 ms]
      [Ref Enq: 0.0 ms]
      [Redirty Cards: 0.0 ms]
      [Humongous Register: 0.0 ms]
      [Humongous Reclaim: 0.0 ms]
      [Free CSet: 0.0 ms]
   [Eden: 2048.0K(53.0M)->0.0B(53.0M) Survivors: 3072.0K->4096.0K Heap: 219.1M(350.0M)->218.7M(350.0M)]
 [Times: user=0.00 sys=0.00, real=0.00 secs] 
2021-01-22T17:50:20.712-0800: 0.539: [GC concurrent-root-region-scan-start]
2021-01-22T17:50:20.712-0800: 0.539: [GC concurrent-root-region-scan-end, 0.0001431 secs]
2021-01-22T17:50:20.712-0800: 0.539: [GC concurrent-mark-start]
2021-01-22T17:50:20.714-0800: 0.541: [GC concurrent-mark-end, 0.0022323 secs]
2021-01-22T17:50:20.715-0800: 0.542: [GC remark 2021-01-22T17:50:20.715-0800: 0.542: [Finalize Marking, 0.0002652 secs] 2021-01-22T17:50:20.715-0800: 0.542: [GC ref-proc, 0.0000338 secs] 2021-01-22T17:50:20.715-0800: 0.542: [Unloading, 0.0009535 secs], 0.0026657 secs]
 [Times: user=0.00 sys=0.00, real=0.00 secs] 
2021-01-22T17:50:20.717-0800: 0.544: [GC cleanup 230M->229M(350M), 0.0005655 secs]
 [Times: user=0.00 sys=0.00, real=0.00 secs] 
2021-01-22T17:50:20.718-0800: 0.545: [GC concurrent-cleanup-start]
2021-01-22T17:50:20.718-0800: 0.545: [GC concurrent-cleanup-end, 0.0000125 secs]
2021-01-22T17:50:20.731-0800: 0.558: [GC pause (G1 Evacuation Pause) (young), 0.0047112 secs]
   [Parallel Time: 4.3 ms, GC Workers: 4]
      [GC Worker Start (ms): Min: 558.4, Avg: 559.8, Max: 561.9, Diff: 3.5]
      [Ext Root Scanning (ms): Min: 0.0, Avg: 0.1, Max: 0.2, Diff: 0.2, Sum: 0.2]
      [Update RS (ms): Min: 0.0, Avg: 0.5, Max: 1.2, Diff: 1.2, Sum: 2.0]
         [Processed Buffers: Min: 0, Avg: 7.2, Max: 19, Diff: 19, Sum: 29]
      [Scan RS (ms): Min: 0.0, Avg: 0.0, Max: 0.0, Diff: 0.0, Sum: 0.1]
      [Code Root Scanning (ms): Min: 0.0, Avg: 0.0, Max: 0.0, Diff: 0.0, Sum: 0.0]
      [Object Copy (ms): Min: 0.7, Avg: 2.2, Max: 2.8, Diff: 2.1, Sum: 9.0]
      [Termination (ms): Min: 0.0, Avg: 0.0, Max: 0.1, Diff: 0.1, Sum: 0.2]
         [Termination Attempts: Min: 1, Avg: 1.0, Max: 1, Diff: 0, Sum: 4]
      [GC Worker Other (ms): Min: 0.0, Avg: 0.0, Max: 0.0, Diff: 0.0, Sum: 0.0]
      [GC Worker Total (ms): Min: 0.7, Avg: 2.9, Max: 4.3, Diff: 3.5, Sum: 11.5]
      [GC Worker End (ms): Min: 562.6, Avg: 562.7, Max: 562.7, Diff: 0.0]
   [Code Root Fixup: 0.0 ms]
   [Code Root Purge: 0.0 ms]
   [Clear CT: 0.0 ms]
   [Other: 0.4 ms]
      [Choose CSet: 0.0 ms]
      [Ref Proc: 0.2 ms]
      [Ref Enq: 0.0 ms]
      [Redirty Cards: 0.0 ms]
      [Humongous Register: 0.1 ms]
      [Humongous Reclaim: 0.0 ms]
      [Free CSet: 0.0 ms]
   [Eden: 53.0M(53.0M)->0.0B(9216.0K) Survivors: 4096.0K->8192.0K Heap: 286.3M(350.0M)->239.5M(350.0M)]
 [Times: user=0.02 sys=0.00, real=0.00 secs] 
2021-01-22T17:50:20.738-0800: 0.565: [GC pause (G1 Evacuation Pause) (mixed), 0.0070369 secs]
   [Parallel Time: 6.5 ms, GC Workers: 4]
      [GC Worker Start (ms): Min: 565.6, Avg: 567.5, Max: 568.4, Diff: 2.8]
      [Ext Root Scanning (ms): Min: 0.0, Avg: 0.1, Max: 0.2, Diff: 0.2, Sum: 0.2]
      [Update RS (ms): Min: 0.0, Avg: 0.3, Max: 1.1, Diff: 1.1, Sum: 1.1]
         [Processed Buffers: Min: 0, Avg: 6.8, Max: 27, Diff: 27, Sum: 27]
      [Scan RS (ms): Min: 0.0, Avg: 0.0, Max: 0.1, Diff: 0.1, Sum: 0.2]
      [Code Root Scanning (ms): Min: 0.0, Avg: 0.0, Max: 0.0, Diff: 0.0, Sum: 0.0]
      [Object Copy (ms): Min: 3.6, Avg: 4.2, Max: 5.0, Diff: 1.4, Sum: 16.8]
      [Termination (ms): Min: 0.0, Avg: 0.0, Max: 0.0, Diff: 0.0, Sum: 0.1]
         [Termination Attempts: Min: 1, Avg: 1.0, Max: 1, Diff: 0, Sum: 4]
      [GC Worker Other (ms): Min: 0.0, Avg: 0.0, Max: 0.0, Diff: 0.0, Sum: 0.1]
      [GC Worker Total (ms): Min: 3.7, Avg: 4.6, Max: 6.5, Diff: 2.8, Sum: 18.5]
      [GC Worker End (ms): Min: 572.1, Avg: 572.1, Max: 572.1, Diff: 0.0]
   [Code Root Fixup: 0.0 ms]
   [Code Root Purge: 0.0 ms]
   [Clear CT: 0.1 ms]
   [Other: 0.4 ms]
      [Choose CSet: 0.0 ms]
      [Ref Proc: 0.2 ms]
      [Ref Enq: 0.0 ms]
      [Redirty Cards: 0.0 ms]
      [Humongous Register: 0.1 ms]
      [Humongous Reclaim: 0.0 ms]
      [Free CSet: 0.0 ms]
   [Eden: 9216.0K(9216.0K)->0.0B(38.0M) Survivors: 8192.0K->3072.0K Heap: 251.3M(350.0M)->233.5M(350.0M)]
 [Times: user=0.01 sys=0.00, real=0.01 secs] 
2021-01-22T17:50:20.746-0800: 0.573: [GC pause (G1 Humongous Allocation) (young) (initial-mark), 0.0014720 secs]
   [Parallel Time: 1.1 ms, GC Workers: 4]
      [GC Worker Start (ms): Min: 573.0, Avg: 573.2, Max: 573.3, Diff: 0.2]
      [Ext Root Scanning (ms): Min: 0.0, Avg: 0.3, Max: 0.8, Diff: 0.8, Sum: 1.1]
      [Update RS (ms): Min: 0.0, Avg: 0.2, Max: 0.7, Diff: 0.7, Sum: 0.9]
         [Processed Buffers: Min: 0, Avg: 1.2, Max: 3, Diff: 3, Sum: 5]
      [Scan RS (ms): Min: 0.0, Avg: 0.0, Max: 0.0, Diff: 0.0, Sum: 0.0]
      [Code Root Scanning (ms): Min: 0.0, Avg: 0.0, Max: 0.0, Diff: 0.0, Sum: 0.0]
      [Object Copy (ms): Min: 0.0, Avg: 0.3, Max: 0.6, Diff: 0.6, Sum: 1.1]
      [Termination (ms): Min: 0.0, Avg: 0.1, Max: 0.2, Diff: 0.2, Sum: 0.3]
         [Termination Attempts: Min: 1, Avg: 1.0, Max: 1, Diff: 0, Sum: 4]
      [GC Worker Other (ms): Min: 0.0, Avg: 0.0, Max: 0.0, Diff: 0.0, Sum: 0.0]
      [GC Worker Total (ms): Min: 0.8, Avg: 0.9, Max: 1.0, Diff: 0.3, Sum: 3.4]
      [GC Worker End (ms): Min: 574.0, Avg: 574.1, Max: 574.1, Diff: 0.0]
   [Code Root Fixup: 0.0 ms]
   [Code Root Purge: 0.0 ms]
   [Clear CT: 0.1 ms]
   [Other: 0.3 ms]
      [Choose CSet: 0.0 ms]
      [Ref Proc: 0.1 ms]
      [Ref Enq: 0.0 ms]
      [Redirty Cards: 0.0 ms]
      [Humongous Register: 0.0 ms]
      [Humongous Reclaim: 0.0 ms]
      [Free CSet: 0.0 ms]
   [Eden: 2048.0K(38.0M)->0.0B(36.0M) Survivors: 3072.0K->4096.0K Heap: 234.8M(350.0M)->233.8M(350.0M)]
 [Times: user=0.01 sys=0.00, real=0.00 secs] 
2021-01-22T17:50:20.748-0800: 0.575: [GC concurrent-root-region-scan-start]
2021-01-22T17:50:20.748-0800: 0.575: [GC concurrent-root-region-scan-end, 0.0001586 secs]
2021-01-22T17:50:20.748-0800: 0.575: [GC concurrent-mark-start]
2021-01-22T17:50:20.750-0800: 0.577: [GC concurrent-mark-end, 0.0024216 secs]
2021-01-22T17:50:20.750-0800: 0.577: [GC remark 2021-01-22T17:50:20.750-0800: 0.577: [Finalize Marking, 0.0002686 secs] 2021-01-22T17:50:20.751-0800: 0.578: [GC ref-proc, 0.0000297 secs] 2021-01-22T17:50:20.751-0800: 0.578: [Unloading, 0.0006363 secs], 0.0026782 secs]
 [Times: user=0.01 sys=0.00, real=0.00 secs] 
2021-01-22T17:50:20.753-0800: 0.580: [GC cleanup 243M->243M(350M), 0.0006674 secs]
 [Times: user=0.00 sys=0.00, real=0.00 secs] 
2021-01-22T17:50:20.761-0800: 0.588: [GC pause (G1 Evacuation Pause) (young), 0.0049381 secs]
   [Parallel Time: 4.5 ms, GC Workers: 4]
      [GC Worker Start (ms): Min: 588.0, Avg: 589.8, Max: 590.4, Diff: 2.4]
      [Ext Root Scanning (ms): Min: 0.0, Avg: 0.1, Max: 0.2, Diff: 0.2, Sum: 0.2]
      [Update RS (ms): Min: 0.0, Avg: 0.3, Max: 1.2, Diff: 1.2, Sum: 1.2]
         [Processed Buffers: Min: 0, Avg: 6.5, Max: 26, Diff: 26, Sum: 26]
      [Scan RS (ms): Min: 0.0, Avg: 0.0, Max: 0.0, Diff: 0.0, Sum: 0.0]
      [Code Root Scanning (ms): Min: 0.0, Avg: 0.0, Max: 0.0, Diff: 0.0, Sum: 0.0]
      [Object Copy (ms): Min: 1.8, Avg: 2.2, Max: 2.9, Diff: 1.1, Sum: 8.7]
      [Termination (ms): Min: 0.0, Avg: 0.1, Max: 0.2, Diff: 0.2, Sum: 0.4]
         [Termination Attempts: Min: 1, Avg: 1.0, Max: 1, Diff: 0, Sum: 4]
      [GC Worker Other (ms): Min: 0.0, Avg: 0.0, Max: 0.0, Diff: 0.0, Sum: 0.1]
      [GC Worker Total (ms): Min: 2.0, Avg: 2.6, Max: 4.4, Diff: 2.4, Sum: 10.6]
      [GC Worker End (ms): Min: 592.4, Avg: 592.4, Max: 592.4, Diff: 0.0]
   [Code Root Fixup: 0.0 ms]
   [Code Root Purge: 0.0 ms]
   [Clear CT: 0.1 ms]
   [Other: 0.4 ms]
      [Choose CSet: 0.0 ms]
      [Ref Proc: 0.2 ms]
      [Ref Enq: 0.0 ms]
      [Redirty Cards: 0.0 ms]
      [Humongous Register: 0.1 ms]
      [Humongous Reclaim: 0.0 ms]
      [Free CSet: 0.0 ms]
   [Eden: 36.0M(36.0M)->0.0B(12.0M) Survivors: 4096.0K->5120.0K Heap: 278.0M(350.0M)->246.2M(350.0M)]
 [Times: user=0.01 sys=0.00, real=0.00 secs] 
2021-01-22T17:50:20.769-0800: 0.596: [GC pause (G1 Evacuation Pause) (mixed), 0.0051470 secs]
   [Parallel Time: 4.7 ms, GC Workers: 4]
      [GC Worker Start (ms): Min: 596.1, Avg: 596.1, Max: 596.1, Diff: 0.0]
      [Ext Root Scanning (ms): Min: 0.1, Avg: 0.1, Max: 0.2, Diff: 0.0, Sum: 0.6]
      [Update RS (ms): Min: 0.3, Avg: 0.3, Max: 0.4, Diff: 0.1, Sum: 1.4]
         [Processed Buffers: Min: 4, Avg: 5.0, Max: 6, Diff: 2, Sum: 20]
      [Scan RS (ms): Min: 0.0, Avg: 0.0, Max: 0.1, Diff: 0.1, Sum: 0.1]
      [Code Root Scanning (ms): Min: 0.0, Avg: 0.0, Max: 0.0, Diff: 0.0, Sum: 0.0]
      [Object Copy (ms): Min: 4.0, Avg: 4.1, Max: 4.1, Diff: 0.1, Sum: 16.3]
      [Termination (ms): Min: 0.0, Avg: 0.0, Max: 0.1, Diff: 0.1, Sum: 0.1]
         [Termination Attempts: Min: 1, Avg: 1.0, Max: 1, Diff: 0, Sum: 4]
      [GC Worker Other (ms): Min: 0.0, Avg: 0.0, Max: 0.0, Diff: 0.0, Sum: 0.0]
      [GC Worker Total (ms): Min: 4.6, Avg: 4.6, Max: 4.6, Diff: 0.0, Sum: 18.5]
      [GC Worker End (ms): Min: 600.7, Avg: 600.7, Max: 600.7, Diff: 0.0]
   [Code Root Fixup: 0.0 ms]
   [Code Root Purge: 0.0 ms]
   [Clear CT: 0.1 ms]
   [Other: 0.4 ms]
      [Choose CSet: 0.0 ms]
      [Ref Proc: 0.2 ms]
      [Ref Enq: 0.0 ms]
      [Redirty Cards: 0.0 ms]
      [Humongous Register: 0.0 ms]
      [Humongous Reclaim: 0.0 ms]
      [Free CSet: 0.0 ms]
   [Eden: 12.0M(12.0M)->0.0B(30.0M) Survivors: 5120.0K->3072.0K Heap: 259.9M(350.0M)->242.5M(350.0M)]
 [Times: user=0.02 sys=0.00, real=0.01 secs] 
2021-01-22T17:50:20.774-0800: 0.601: [GC pause (G1 Humongous Allocation) (young) (initial-mark), 0.0012505 secs]
   [Parallel Time: 0.9 ms, GC Workers: 4]
      [GC Worker Start (ms): Min: 601.4, Avg: 601.6, Max: 601.7, Diff: 0.2]
      [Ext Root Scanning (ms): Min: 0.0, Avg: 0.2, Max: 0.6, Diff: 0.6, Sum: 0.9]
      [Update RS (ms): Min: 0.0, Avg: 0.1, Max: 0.1, Diff: 0.1, Sum: 0.3]
         [Processed Buffers: Min: 0, Avg: 1.5, Max: 3, Diff: 3, Sum: 6]
      [Scan RS (ms): Min: 0.0, Avg: 0.0, Max: 0.0, Diff: 0.0, Sum: 0.0]
      [Code Root Scanning (ms): Min: 0.0, Avg: 0.0, Max: 0.0, Diff: 0.0, Sum: 0.0]
      [Object Copy (ms): Min: 0.0, Avg: 0.3, Max: 0.5, Diff: 0.5, Sum: 1.2]
      [Termination (ms): Min: 0.0, Avg: 0.1, Max: 0.1, Diff: 0.1, Sum: 0.3]
         [Termination Attempts: Min: 1, Avg: 1.0, Max: 1, Diff: 0, Sum: 4]
      [GC Worker Other (ms): Min: 0.0, Avg: 0.0, Max: 0.0, Diff: 0.0, Sum: 0.0]
      [GC Worker Total (ms): Min: 0.6, Avg: 0.7, Max: 0.9, Diff: 0.3, Sum: 2.8]
      [GC Worker End (ms): Min: 602.3, Avg: 602.3, Max: 602.3, Diff: 0.0]
   [Code Root Fixup: 0.0 ms]
   [Code Root Purge: 0.0 ms]
   [Clear CT: 0.0 ms]
   [Other: 0.3 ms]
      [Choose CSet: 0.0 ms]
      [Ref Proc: 0.2 ms]
      [Ref Enq: 0.0 ms]
      [Redirty Cards: 0.0 ms]
      [Humongous Register: 0.0 ms]
      [Humongous Reclaim: 0.0 ms]
      [Free CSet: 0.0 ms]
   [Eden: 1024.0K(30.0M)->0.0B(31.0M) Survivors: 3072.0K->0.0B Heap: 242.7M(350.0M)->242.2M(350.0M)]
 [Times: user=0.00 sys=0.00, real=0.00 secs] 
2021-01-22T17:50:20.776-0800: 0.603: [GC concurrent-root-region-scan-start]
2021-01-22T17:50:20.776-0800: 0.603: [GC concurrent-root-region-scan-end, 0.0000136 secs]
2021-01-22T17:50:20.776-0800: 0.603: [GC concurrent-mark-start]
2021-01-22T17:50:20.778-0800: 0.605: [GC concurrent-mark-end, 0.0022796 secs]
2021-01-22T17:50:20.778-0800: 0.605: [GC remark 2021-01-22T17:50:20.778-0800: 0.605: [Finalize Marking, 0.0001469 secs] 2021-01-22T17:50:20.778-0800: 0.605: [GC ref-proc, 0.0000279 secs] 2021-01-22T17:50:20.778-0800: 0.605: [Unloading, 0.0006389 secs], 0.0023614 secs]
 [Times: user=0.01 sys=0.00, real=0.01 secs] 
2021-01-22T17:50:20.781-0800: 0.608: [GC cleanup 252M->251M(350M), 0.0005614 secs]
 [Times: user=0.00 sys=0.00, real=0.00 secs] 
2021-01-22T17:50:20.781-0800: 0.608: [GC concurrent-cleanup-start]
2021-01-22T17:50:20.781-0800: 0.608: [GC concurrent-cleanup-end, 0.0000130 secs]
2021-01-22T17:50:20.788-0800: 0.615: [GC pause (G1 Evacuation Pause) (young), 0.0036331 secs]
   [Parallel Time: 3.2 ms, GC Workers: 4]
      [GC Worker Start (ms): Min: 615.3, Avg: 617.2, Max: 618.4, Diff: 3.1]
      [Ext Root Scanning (ms): Min: 0.0, Avg: 0.1, Max: 0.2, Diff: 0.2, Sum: 0.2]
      [Update RS (ms): Min: 0.0, Avg: 0.4, Max: 1.4, Diff: 1.4, Sum: 1.4]
         [Processed Buffers: Min: 0, Avg: 8.0, Max: 32, Diff: 32, Sum: 32]
      [Scan RS (ms): Min: 0.0, Avg: 0.0, Max: 0.0, Diff: 0.0, Sum: 0.0]
      [Code Root Scanning (ms): Min: 0.0, Avg: 0.0, Max: 0.0, Diff: 0.0, Sum: 0.0]
      [Object Copy (ms): Min: 0.0, Avg: 0.7, Max: 1.4, Diff: 1.4, Sum: 3.0]
      [Termination (ms): Min: 0.0, Avg: 0.1, Max: 0.1, Diff: 0.1, Sum: 0.3]
         [Termination Attempts: Min: 1, Avg: 1.0, Max: 1, Diff: 0, Sum: 4]
      [GC Worker Other (ms): Min: 0.0, Avg: 0.0, Max: 0.0, Diff: 0.0, Sum: 0.1]
      [GC Worker Total (ms): Min: 0.0, Avg: 1.3, Max: 3.2, Diff: 3.1, Sum: 5.0]
      [GC Worker End (ms): Min: 618.4, Avg: 618.4, Max: 618.4, Diff: 0.0]
   [Code Root Fixup: 0.0 ms]
   [Code Root Purge: 0.0 ms]
   [Clear CT: 0.0 ms]
   [Other: 0.4 ms]
      [Choose CSet: 0.0 ms]
      [Ref Proc: 0.2 ms]
      [Ref Enq: 0.0 ms]
      [Redirty Cards: 0.0 ms]
      [Humongous Register: 0.1 ms]
      [Humongous Reclaim: 0.0 ms]
      [Free CSet: 0.0 ms]
   [Eden: 31.0M(31.0M)->0.0B(13.0M) Survivors: 0.0B->4096.0K Heap: 282.1M(350.0M)->253.4M(350.0M)]
 [Times: user=0.01 sys=0.00, real=0.01 secs] 
2021-01-22T17:50:20.796-0800: 0.623: [GC pause (G1 Evacuation Pause) (mixed), 0.0056359 secs]
   [Parallel Time: 5.2 ms, GC Workers: 4]
      [GC Worker Start (ms): Min: 622.9, Avg: 624.5, Max: 625.9, Diff: 2.9]
      [Ext Root Scanning (ms): Min: 0.0, Avg: 0.0, Max: 0.2, Diff: 0.2, Sum: 0.2]
      [Update RS (ms): Min: 0.0, Avg: 0.3, Max: 1.3, Diff: 1.3, Sum: 1.3]
         [Processed Buffers: Min: 0, Avg: 7.2, Max: 29, Diff: 29, Sum: 29]
      [Scan RS (ms): Min: 0.0, Avg: 0.0, Max: 0.1, Diff: 0.1, Sum: 0.1]
      [Code Root Scanning (ms): Min: 0.0, Avg: 0.0, Max: 0.0, Diff: 0.0, Sum: 0.0]
      [Object Copy (ms): Min: 2.0, Avg: 3.0, Max: 3.4, Diff: 1.4, Sum: 11.9]
      [Termination (ms): Min: 0.0, Avg: 0.1, Max: 0.2, Diff: 0.2, Sum: 0.5]
         [Termination Attempts: Min: 1, Avg: 1.0, Max: 1, Diff: 0, Sum: 4]
      [GC Worker Other (ms): Min: 0.0, Avg: 0.0, Max: 0.0, Diff: 0.0, Sum: 0.1]
      [GC Worker Total (ms): Min: 2.2, Avg: 3.5, Max: 5.1, Diff: 2.9, Sum: 14.0]
      [GC Worker End (ms): Min: 628.0, Avg: 628.1, Max: 628.1, Diff: 0.0]
   [Code Root Fixup: 0.0 ms]
   [Code Root Purge: 0.0 ms]
   [Clear CT: 0.0 ms]
   [Other: 0.4 ms]
      [Choose CSet: 0.0 ms]
      [Ref Proc: 0.2 ms]
      [Ref Enq: 0.0 ms]
      [Redirty Cards: 0.0 ms]
      [Humongous Register: 0.1 ms]
      [Humongous Reclaim: 0.0 ms]
      [Free CSet: 0.0 ms]
   [Eden: 13.0M(13.0M)->0.0B(22.0M) Survivors: 4096.0K->3072.0K Heap: 272.3M(350.0M)->250.6M(350.0M)]
 [Times: user=0.01 sys=0.00, real=0.01 secs] 
2021-01-22T17:50:20.804-0800: 0.631: [GC pause (G1 Humongous Allocation) (young) (initial-mark), 0.0023061 secs]
   [Parallel Time: 1.9 ms, GC Workers: 4]
      [GC Worker Start (ms): Min: 630.9, Avg: 631.2, Max: 631.5, Diff: 0.6]
      [Ext Root Scanning (ms): Min: 0.0, Avg: 0.3, Max: 0.6, Diff: 0.6, Sum: 1.4]
      [Update RS (ms): Min: 0.0, Avg: 0.1, Max: 0.3, Diff: 0.3, Sum: 0.4]
         [Processed Buffers: Min: 0, Avg: 1.2, Max: 2, Diff: 2, Sum: 5]
      [Scan RS (ms): Min: 0.0, Avg: 0.0, Max: 0.0, Diff: 0.0, Sum: 0.0]
      [Code Root Scanning (ms): Min: 0.0, Avg: 0.0, Max: 0.0, Diff: 0.0, Sum: 0.0]
      [Object Copy (ms): Min: 0.7, Avg: 0.9, Max: 1.1, Diff: 0.4, Sum: 3.5]
      [Termination (ms): Min: 0.0, Avg: 0.1, Max: 0.1, Diff: 0.1, Sum: 0.3]
         [Termination Attempts: Min: 1, Avg: 1.0, Max: 1, Diff: 0, Sum: 4]
      [GC Worker Other (ms): Min: 0.0, Avg: 0.0, Max: 0.0, Diff: 0.0, Sum: 0.0]
      [GC Worker Total (ms): Min: 1.2, Avg: 1.4, Max: 1.8, Diff: 0.6, Sum: 5.7]
      [GC Worker End (ms): Min: 632.7, Avg: 632.7, Max: 632.7, Diff: 0.0]
   [Code Root Fixup: 0.0 ms]
   [Code Root Purge: 0.0 ms]
   [Clear CT: 0.0 ms]
   [Other: 0.4 ms]
      [Choose CSet: 0.0 ms]
      [Ref Proc: 0.2 ms]
      [Ref Enq: 0.0 ms]
      [Redirty Cards: 0.0 ms]
      [Humongous Register: 0.0 ms]
      [Humongous Reclaim: 0.0 ms]
      [Free CSet: 0.0 ms]
   [Eden: 12.0M(22.0M)->0.0B(20.0M) Survivors: 3072.0K->4096.0K Heap: 261.7M(350.0M)->253.0M(350.0M)]
 [Times: user=0.00 sys=0.00, real=0.00 secs] 
2021-01-22T17:50:20.806-0800: 0.633: [GC concurrent-root-region-scan-start]
2021-01-22T17:50:20.806-0800: 0.633: [GC concurrent-root-region-scan-end, 0.0001418 secs]
2021-01-22T17:50:20.806-0800: 0.633: [GC concurrent-mark-start]
2021-01-22T17:50:20.808-0800: 0.635: [GC concurrent-mark-end, 0.0016813 secs]
2021-01-22T17:50:20.808-0800: 0.635: [GC remark 2021-01-22T17:50:20.808-0800: 0.635: [Finalize Marking, 0.0002438 secs] 2021-01-22T17:50:20.809-0800: 0.636: [GC ref-proc, 0.0000334 secs] 2021-01-22T17:50:20.809-0800: 0.636: [Unloading, 0.0009604 secs], 0.0032436 secs]
 [Times: user=0.01 sys=0.00, real=0.01 secs] 
2021-01-22T17:50:20.812-0800: 0.639: [GC cleanup 261M->261M(350M), 0.0005506 secs]
 [Times: user=0.00 sys=0.00, real=0.00 secs] 
2021-01-22T17:50:20.816-0800: 0.643: [GC pause (G1 Evacuation Pause) (young), 0.0038373 secs]
   [Parallel Time: 3.3 ms, GC Workers: 4]
      [GC Worker Start (ms): Min: 643.3, Avg: 644.2, Max: 645.0, Diff: 1.7]
      [Ext Root Scanning (ms): Min: 0.0, Avg: 0.0, Max: 0.2, Diff: 0.2, Sum: 0.2]
      [Update RS (ms): Min: 0.0, Avg: 0.5, Max: 1.2, Diff: 1.2, Sum: 2.0]
         [Processed Buffers: Min: 0, Avg: 8.0, Max: 20, Diff: 20, Sum: 32]
      [Scan RS (ms): Min: 0.0, Avg: 0.0, Max: 0.0, Diff: 0.0, Sum: 0.0]
      [Code Root Scanning (ms): Min: 0.0, Avg: 0.0, Max: 0.0, Diff: 0.0, Sum: 0.0]
      [Object Copy (ms): Min: 1.4, Avg: 1.7, Max: 1.9, Diff: 0.5, Sum: 6.7]
      [Termination (ms): Min: 0.0, Avg: 0.1, Max: 0.2, Diff: 0.2, Sum: 0.4]
         [Termination Attempts: Min: 1, Avg: 1.0, Max: 1, Diff: 0, Sum: 4]
      [GC Worker Other (ms): Min: 0.0, Avg: 0.0, Max: 0.0, Diff: 0.0, Sum: 0.1]
      [GC Worker Total (ms): Min: 1.6, Avg: 2.4, Max: 3.2, Diff: 1.6, Sum: 9.5]
      [GC Worker End (ms): Min: 646.5, Avg: 646.5, Max: 646.6, Diff: 0.0]
   [Code Root Fixup: 0.0 ms]
   [Code Root Purge: 0.0 ms]
   [Clear CT: 0.1 ms]
   [Other: 0.4 ms]
      [Choose CSet: 0.0 ms]
      [Ref Proc: 0.2 ms]
      [Ref Enq: 0.0 ms]
      [Redirty Cards: 0.1 ms]
      [Humongous Register: 0.1 ms]
      [Humongous Reclaim: 0.0 ms]
      [Free CSet: 0.0 ms]
   [Eden: 20.0M(20.0M)->0.0B(14.0M) Survivors: 4096.0K->3072.0K Heap: 277.2M(350.0M)->259.7M(350.0M)]
 [Times: user=0.01 sys=0.00, real=0.01 secs] 
2021-01-22T17:50:20.824-0800: 0.651: [GC pause (G1 Evacuation Pause) (mixed), 0.0050978 secs]
   [Parallel Time: 4.7 ms, GC Workers: 4]
      [GC Worker Start (ms): Min: 651.3, Avg: 652.4, Max: 654.3, Diff: 3.1]
      [Ext Root Scanning (ms): Min: 0.0, Avg: 0.0, Max: 0.2, Diff: 0.2, Sum: 0.2]
      [Update RS (ms): Min: 0.0, Avg: 0.4, Max: 1.0, Diff: 1.0, Sum: 1.6]
         [Processed Buffers: Min: 0, Avg: 7.2, Max: 19, Diff: 19, Sum: 29]
      [Scan RS (ms): Min: 0.0, Avg: 0.1, Max: 0.1, Diff: 0.1, Sum: 0.2]
      [Code Root Scanning (ms): Min: 0.0, Avg: 0.0, Max: 0.0, Diff: 0.0, Sum: 0.0]
      [Object Copy (ms): Min: 1.4, Avg: 2.9, Max: 3.4, Diff: 2.0, Sum: 11.4]
      [Termination (ms): Min: 0.0, Avg: 0.1, Max: 0.1, Diff: 0.1, Sum: 0.3]
         [Termination Attempts: Min: 1, Avg: 1.0, Max: 1, Diff: 0, Sum: 4]
      [GC Worker Other (ms): Min: 0.0, Avg: 0.0, Max: 0.0, Diff: 0.0, Sum: 0.1]
      [GC Worker Total (ms): Min: 1.5, Avg: 3.4, Max: 4.6, Diff: 3.1, Sum: 13.8]
      [GC Worker End (ms): Min: 655.9, Avg: 655.9, Max: 655.9, Diff: 0.0]
   [Code Root Fixup: 0.0 ms]
   [Code Root Purge: 0.0 ms]
   [Clear CT: 0.1 ms]
   [Other: 0.4 ms]
      [Choose CSet: 0.0 ms]
      [Ref Proc: 0.1 ms]
      [Ref Enq: 0.0 ms]
      [Redirty Cards: 0.0 ms]
      [Humongous Register: 0.1 ms]
      [Humongous Reclaim: 0.0 ms]
      [Free CSet: 0.0 ms]
   [Eden: 14.0M(14.0M)->0.0B(20.0M) Survivors: 3072.0K->3072.0K Heap: 276.6M(350.0M)->254.6M(350.0M)]
 [Times: user=0.01 sys=0.00, real=0.00 secs] 
2021-01-22T17:50:20.830-0800: 0.657: [GC pause (G1 Humongous Allocation) (young) (initial-mark), 0.0016660 secs]
   [Parallel Time: 1.2 ms, GC Workers: 4]
      [GC Worker Start (ms): Min: 656.7, Avg: 656.8, Max: 657.0, Diff: 0.2]
      [Ext Root Scanning (ms): Min: 0.0, Avg: 0.2, Max: 0.6, Diff: 0.6, Sum: 1.0]
      [Update RS (ms): Min: 0.0, Avg: 0.2, Max: 0.3, Diff: 0.3, Sum: 0.7]
         [Processed Buffers: Min: 0, Avg: 1.2, Max: 2, Diff: 2, Sum: 5]
      [Scan RS (ms): Min: 0.0, Avg: 0.0, Max: 0.0, Diff: 0.0, Sum: 0.0]
      [Code Root Scanning (ms): Min: 0.0, Avg: 0.0, Max: 0.0, Diff: 0.0, Sum: 0.0]
      [Object Copy (ms): Min: 0.4, Avg: 0.5, Max: 0.6, Diff: 0.3, Sum: 2.0]
      [Termination (ms): Min: 0.0, Avg: 0.1, Max: 0.2, Diff: 0.2, Sum: 0.5]
         [Termination Attempts: Min: 1, Avg: 1.0, Max: 1, Diff: 0, Sum: 4]
      [GC Worker Other (ms): Min: 0.0, Avg: 0.0, Max: 0.0, Diff: 0.0, Sum: 0.1]
      [GC Worker Total (ms): Min: 0.9, Avg: 1.0, Max: 1.1, Diff: 0.3, Sum: 4.2]
      [GC Worker End (ms): Min: 657.8, Avg: 657.9, Max: 657.9, Diff: 0.0]
   [Code Root Fixup: 0.0 ms]
   [Code Root Purge: 0.0 ms]
   [Clear CT: 0.0 ms]
   [Other: 0.4 ms]
      [Choose CSet: 0.0 ms]
      [Ref Proc: 0.2 ms]
      [Ref Enq: 0.0 ms]
      [Redirty Cards: 0.1 ms]
      [Humongous Register: 0.1 ms]
      [Humongous Reclaim: 0.0 ms]
      [Free CSet: 0.0 ms]
   [Eden: 1024.0K(20.0M)->0.0B(21.0M) Survivors: 3072.0K->0.0B Heap: 255.0M(350.0M)->254.6M(350.0M)]
 [Times: user=0.00 sys=0.00, real=0.00 secs] 
2021-01-22T17:50:20.831-0800: 0.658: [GC concurrent-root-region-scan-start]
2021-01-22T17:50:20.831-0800: 0.658: [GC concurrent-root-region-scan-end, 0.0000165 secs]
2021-01-22T17:50:20.831-0800: 0.658: [GC concurrent-mark-start]
2021-01-22T17:50:20.834-0800: 0.661: [GC concurrent-mark-end, 0.0025563 secs]
2021-01-22T17:50:20.834-0800: 0.661: [GC remark 2021-01-22T17:50:20.834-0800: 0.661: [Finalize Marking, 0.0001929 secs] 2021-01-22T17:50:20.834-0800: 0.661: [GC ref-proc, 0.0000300 secs] 2021-01-22T17:50:20.834-0800: 0.661: [Unloading, 0.0009660 secs], 0.0031476 secs]
 [Times: user=0.00 sys=0.00, real=0.00 secs] 
2021-01-22T17:50:20.837-0800: 0.664: [GC cleanup 265M->265M(350M), 0.0005319 secs]
 [Times: user=0.00 sys=0.00, real=0.00 secs] 
2021-01-22T17:50:20.841-0800: 0.668: [GC pause (G1 Evacuation Pause) (young), 0.0030598 secs]
   [Parallel Time: 2.6 ms, GC Workers: 4]
      [GC Worker Start (ms): Min: 668.4, Avg: 669.4, Max: 670.3, Diff: 1.9]
      [Ext Root Scanning (ms): Min: 0.0, Avg: 0.1, Max: 0.2, Diff: 0.2, Sum: 0.2]
      [Update RS (ms): Min: 0.0, Avg: 0.5, Max: 1.1, Diff: 1.1, Sum: 1.9]
         [Processed Buffers: Min: 0, Avg: 8.0, Max: 22, Diff: 22, Sum: 32]
      [Scan RS (ms): Min: 0.0, Avg: 0.0, Max: 0.0, Diff: 0.0, Sum: 0.0]
      [Code Root Scanning (ms): Min: 0.0, Avg: 0.0, Max: 0.0, Diff: 0.0, Sum: 0.0]
      [Object Copy (ms): Min: 0.4, Avg: 0.9, Max: 1.2, Diff: 0.7, Sum: 3.7]
      [Termination (ms): Min: 0.0, Avg: 0.1, Max: 0.1, Diff: 0.1, Sum: 0.4]
         [Termination Attempts: Min: 1, Avg: 1.0, Max: 1, Diff: 0, Sum: 4]
      [GC Worker Other (ms): Min: 0.0, Avg: 0.0, Max: 0.0, Diff: 0.0, Sum: 0.1]
      [GC Worker Total (ms): Min: 0.6, Avg: 1.6, Max: 2.5, Diff: 1.9, Sum: 6.3]
      [GC Worker End (ms): Min: 670.9, Avg: 670.9, Max: 670.9, Diff: 0.0]
   [Code Root Fixup: 0.0 ms]
   [Code Root Purge: 0.0 ms]
   [Clear CT: 0.0 ms]
   [Other: 0.4 ms]
      [Choose CSet: 0.0 ms]
      [Ref Proc: 0.2 ms]
      [Ref Enq: 0.0 ms]
      [Redirty Cards: 0.0 ms]
      [Humongous Register: 0.1 ms]
      [Humongous Reclaim: 0.0 ms]
      [Free CSet: 0.0 ms]
   [Eden: 21.0M(21.0M)->0.0B(14.0M) Survivors: 0.0B->3072.0K Heap: 279.1M(350.0M)->262.8M(350.0M)]
 [Times: user=0.00 sys=0.00, real=0.00 secs] 
2021-01-22T17:50:20.848-0800: 0.675: [GC pause (G1 Evacuation Pause) (mixed), 0.0058737 secs]
   [Parallel Time: 5.3 ms, GC Workers: 4]
      [GC Worker Start (ms): Min: 675.3, Avg: 676.9, Max: 679.0, Diff: 3.7]
      [Ext Root Scanning (ms): Min: 0.0, Avg: 0.1, Max: 0.2, Diff: 0.2, Sum: 0.2]
      [Update RS (ms): Min: 0.0, Avg: 0.3, Max: 1.1, Diff: 1.1, Sum: 1.1]
         [Processed Buffers: Min: 0, Avg: 7.0, Max: 28, Diff: 28, Sum: 28]
      [Scan RS (ms): Min: 0.0, Avg: 0.0, Max: 0.1, Diff: 0.1, Sum: 0.1]
      [Code Root Scanning (ms): Min: 0.0, Avg: 0.0, Max: 0.0, Diff: 0.0, Sum: 0.0]
      [Object Copy (ms): Min: 1.6, Avg: 3.2, Max: 3.7, Diff: 2.2, Sum: 12.6]
      [Termination (ms): Min: 0.0, Avg: 0.1, Max: 0.1, Diff: 0.1, Sum: 0.3]
         [Termination Attempts: Min: 1, Avg: 1.0, Max: 1, Diff: 0, Sum: 4]
      [GC Worker Other (ms): Min: 0.0, Avg: 0.0, Max: 0.0, Diff: 0.0, Sum: 0.1]
      [GC Worker Total (ms): Min: 1.6, Avg: 3.6, Max: 5.3, Diff: 3.7, Sum: 14.5]
      [GC Worker End (ms): Min: 680.6, Avg: 680.6, Max: 680.6, Diff: 0.0]
   [Code Root Fixup: 0.0 ms]
   [Code Root Purge: 0.0 ms]
   [Clear CT: 0.1 ms]
   [Other: 0.5 ms]
      [Choose CSet: 0.0 ms]
      [Ref Proc: 0.2 ms]
      [Ref Enq: 0.0 ms]
      [Redirty Cards: 0.0 ms]
      [Humongous Register: 0.1 ms]
      [Humongous Reclaim: 0.0 ms]
      [Free CSet: 0.0 ms]
   [Eden: 14.0M(14.0M)->0.0B(18.0M) Survivors: 3072.0K->3072.0K Heap: 279.5M(350.0M)->257.3M(350.0M)]
 [Times: user=0.01 sys=0.00, real=0.01 secs] 
2021-01-22T17:50:20.854-0800: 0.681: [GC pause (G1 Humongous Allocation) (young) (initial-mark), 0.0011595 secs]
   [Parallel Time: 0.8 ms, GC Workers: 4]
      [GC Worker Start (ms): Min: 681.5, Avg: 681.5, Max: 681.5, Diff: 0.0]
      [Ext Root Scanning (ms): Min: 0.1, Avg: 0.2, Max: 0.2, Diff: 0.0, Sum: 0.6]
      [Update RS (ms): Min: 0.1, Avg: 0.1, Max: 0.2, Diff: 0.2, Sum: 0.4]
         [Processed Buffers: Min: 1, Avg: 1.2, Max: 2, Diff: 1, Sum: 5]
      [Scan RS (ms): Min: 0.0, Avg: 0.0, Max: 0.0, Diff: 0.0, Sum: 0.0]
      [Code Root Scanning (ms): Min: 0.0, Avg: 0.0, Max: 0.0, Diff: 0.0, Sum: 0.0]
      [Object Copy (ms): Min: 0.3, Avg: 0.4, Max: 0.5, Diff: 0.1, Sum: 1.6]
      [Termination (ms): Min: 0.0, Avg: 0.0, Max: 0.1, Diff: 0.1, Sum: 0.2]
         [Termination Attempts: Min: 1, Avg: 1.0, Max: 1, Diff: 0, Sum: 4]
      [GC Worker Other (ms): Min: 0.0, Avg: 0.0, Max: 0.0, Diff: 0.0, Sum: 0.0]
      [GC Worker Total (ms): Min: 0.7, Avg: 0.7, Max: 0.7, Diff: 0.0, Sum: 2.9]
      [GC Worker End (ms): Min: 682.2, Avg: 682.2, Max: 682.2, Diff: 0.0]
   [Code Root Fixup: 0.0 ms]
   [Code Root Purge: 0.0 ms]
   [Clear CT: 0.1 ms]
   [Other: 0.3 ms]
      [Choose CSet: 0.0 ms]
      [Ref Proc: 0.1 ms]
      [Ref Enq: 0.0 ms]
      [Redirty Cards: 0.0 ms]
      [Humongous Register: 0.0 ms]
      [Humongous Reclaim: 0.0 ms]
      [Free CSet: 0.0 ms]
   [Eden: 1024.0K(18.0M)->0.0B(18.0M) Survivors: 3072.0K->1024.0K Heap: 257.8M(350.0M)->257.3M(350.0M)]
 [Times: user=0.00 sys=0.00, real=0.00 secs] 
2021-01-22T17:50:20.856-0800: 0.683: [GC concurrent-root-region-scan-start]
2021-01-22T17:50:20.856-0800: 0.683: [GC concurrent-root-region-scan-end, 0.0000252 secs]
2021-01-22T17:50:20.856-0800: 0.683: [GC concurrent-mark-start]
2021-01-22T17:50:20.858-0800: 0.685: [GC concurrent-mark-end, 0.0024713 secs]
2021-01-22T17:50:20.858-0800: 0.685: [GC remark 2021-01-22T17:50:20.858-0800: 0.685: [Finalize Marking, 0.0002455 secs] 2021-01-22T17:50:20.859-0800: 0.686: [GC ref-proc, 0.0000295 secs] 2021-01-22T17:50:20.859-0800: 0.686: [Unloading, 0.0007196 secs], 0.0022738 secs]
 [Times: user=0.00 sys=0.00, real=0.01 secs] 
2021-01-22T17:50:20.861-0800: 0.688: [GC cleanup 267M->267M(350M), 0.0005127 secs]
 [Times: user=0.00 sys=0.00, real=0.00 secs] 
2021-01-22T17:50:20.865-0800: 0.692: [GC pause (G1 Evacuation Pause) (young), 0.0026570 secs]
   [Parallel Time: 2.2 ms, GC Workers: 4]
      [GC Worker Start (ms): Min: 692.2, Avg: 692.4, Max: 692.7, Diff: 0.5]
      [Ext Root Scanning (ms): Min: 0.0, Avg: 0.1, Max: 0.2, Diff: 0.2, Sum: 0.4]
      [Update RS (ms): Min: 0.8, Avg: 1.0, Max: 1.0, Diff: 0.2, Sum: 3.9]
         [Processed Buffers: Min: 10, Avg: 11.8, Max: 13, Diff: 3, Sum: 47]
      [Scan RS (ms): Min: 0.0, Avg: 0.0, Max: 0.0, Diff: 0.0, Sum: 0.0]
      [Code Root Scanning (ms): Min: 0.0, Avg: 0.0, Max: 0.0, Diff: 0.0, Sum: 0.0]
      [Object Copy (ms): Min: 0.7, Avg: 0.7, Max: 0.8, Diff: 0.1, Sum: 2.9]
      [Termination (ms): Min: 0.0, Avg: 0.1, Max: 0.1, Diff: 0.1, Sum: 0.4]
         [Termination Attempts: Min: 1, Avg: 1.0, Max: 1, Diff: 0, Sum: 4]
      [GC Worker Other (ms): Min: 0.0, Avg: 0.0, Max: 0.0, Diff: 0.0, Sum: 0.0]
      [GC Worker Total (ms): Min: 1.6, Avg: 1.9, Max: 2.1, Diff: 0.5, Sum: 7.6]
      [GC Worker End (ms): Min: 694.3, Avg: 694.3, Max: 694.3, Diff: 0.0]
   [Code Root Fixup: 0.0 ms]
   [Code Root Purge: 0.0 ms]
   [Clear CT: 0.0 ms]
   [Other: 0.5 ms]
      [Choose CSet: 0.0 ms]
      [Ref Proc: 0.2 ms]
      [Ref Enq: 0.0 ms]
      [Redirty Cards: 0.0 ms]
      [Humongous Register: 0.1 ms]
      [Humongous Reclaim: 0.0 ms]
      [Free CSet: 0.0 ms]
   [Eden: 18.0M(18.0M)->0.0B(14.0M) Survivors: 1024.0K->3072.0K Heap: 283.0M(350.0M)->265.4M(350.0M)]
 [Times: user=0.01 sys=0.00, real=0.00 secs] 
2021-01-22T17:50:20.872-0800: 0.699: [GC pause (G1 Evacuation Pause) (mixed), 0.0048405 secs]
   [Parallel Time: 4.4 ms, GC Workers: 4]
      [GC Worker Start (ms): Min: 699.1, Avg: 699.8, Max: 701.8, Diff: 2.7]
      [Ext Root Scanning (ms): Min: 0.0, Avg: 0.1, Max: 0.2, Diff: 0.2, Sum: 0.6]
      [Update RS (ms): Min: 0.0, Avg: 0.9, Max: 1.2, Diff: 1.2, Sum: 3.6]
         [Processed Buffers: Min: 0, Avg: 12.5, Max: 18, Diff: 18, Sum: 50]
      [Scan RS (ms): Min: 0.0, Avg: 0.0, Max: 0.0, Diff: 0.0, Sum: 0.1]
      [Code Root Scanning (ms): Min: 0.0, Avg: 0.0, Max: 0.0, Diff: 0.0, Sum: 0.0]
      [Object Copy (ms): Min: 1.6, Avg: 2.5, Max: 2.9, Diff: 1.3, Sum: 10.1]
      [Termination (ms): Min: 0.0, Avg: 0.0, Max: 0.0, Diff: 0.0, Sum: 0.1]
         [Termination Attempts: Min: 1, Avg: 1.0, Max: 1, Diff: 0, Sum: 4]
      [GC Worker Other (ms): Min: 0.0, Avg: 0.0, Max: 0.0, Diff: 0.0, Sum: 0.1]
      [GC Worker Total (ms): Min: 1.6, Avg: 3.6, Max: 4.3, Diff: 2.7, Sum: 14.6]
      [GC Worker End (ms): Min: 703.5, Avg: 703.5, Max: 703.5, Diff: 0.0]
   [Code Root Fixup: 0.0 ms]
   [Code Root Purge: 0.0 ms]
   [Clear CT: 0.0 ms]
   [Other: 0.4 ms]
      [Choose CSet: 0.0 ms]
      [Ref Proc: 0.2 ms]
      [Ref Enq: 0.0 ms]
      [Redirty Cards: 0.0 ms]
      [Humongous Register: 0.1 ms]
      [Humongous Reclaim: 0.0 ms]
      [Free CSet: 0.0 ms]
   [Eden: 14.0M(14.0M)->0.0B(14.0M) Survivors: 3072.0K->3072.0K Heap: 284.8M(350.0M)->267.4M(350.0M)]
 [Times: user=0.02 sys=0.01, real=0.00 secs] 
2021-01-22T17:50:20.878-0800: 0.705: [GC pause (G1 Humongous Allocation) (young) (initial-mark), 0.0017137 secs]
   [Parallel Time: 1.3 ms, GC Workers: 4]
      [GC Worker Start (ms): Min: 705.0, Avg: 705.1, Max: 705.2, Diff: 0.2]
      [Ext Root Scanning (ms): Min: 0.0, Avg: 0.8, Max: 1.0, Diff: 1.0, Sum: 3.0]
      [Update RS (ms): Min: 0.0, Avg: 0.1, Max: 0.2, Diff: 0.2, Sum: 0.2]
         [Processed Buffers: Min: 0, Avg: 1.5, Max: 6, Diff: 6, Sum: 6]
      [Scan RS (ms): Min: 0.0, Avg: 0.0, Max: 0.0, Diff: 0.0, Sum: 0.0]
      [Code Root Scanning (ms): Min: 0.0, Avg: 0.0, Max: 0.0, Diff: 0.0, Sum: 0.0]
      [Object Copy (ms): Min: 0.0, Avg: 0.2, Max: 0.7, Diff: 0.7, Sum: 0.9]
      [Termination (ms): Min: 0.0, Avg: 0.1, Max: 0.1, Diff: 0.1, Sum: 0.3]
         [Termination Attempts: Min: 1, Avg: 1.0, Max: 1, Diff: 0, Sum: 4]
      [GC Worker Other (ms): Min: 0.0, Avg: 0.0, Max: 0.0, Diff: 0.0, Sum: 0.0]
      [GC Worker Total (ms): Min: 1.0, Avg: 1.1, Max: 1.2, Diff: 0.2, Sum: 4.5]
      [GC Worker End (ms): Min: 706.2, Avg: 706.2, Max: 706.2, Diff: 0.0]
   [Code Root Fixup: 0.0 ms]
   [Code Root Purge: 0.0 ms]
   [Clear CT: 0.0 ms]
   [Other: 0.4 ms]
      [Choose CSet: 0.0 ms]
      [Ref Proc: 0.2 ms]
      [Ref Enq: 0.0 ms]
      [Redirty Cards: 0.0 ms]
      [Humongous Register: 0.1 ms]
      [Humongous Reclaim: 0.0 ms]
      [Free CSet: 0.0 ms]
   [Eden: 3072.0K(14.0M)->0.0B(16.0M) Survivors: 3072.0K->1024.0K Heap: 269.7M(350.0M)->267.4M(350.0M)]
 [Times: user=0.00 sys=0.00, real=0.01 secs] 
2021-01-22T17:50:20.880-0800: 0.707: [GC concurrent-root-region-scan-start]
2021-01-22T17:50:20.880-0800: 0.707: [GC concurrent-root-region-scan-end, 0.0001371 secs]
2021-01-22T17:50:20.880-0800: 0.707: [GC concurrent-mark-start]
2021-01-22T17:50:20.882-0800: 0.709: [GC concurrent-mark-end, 0.0024825 secs]
2021-01-22T17:50:20.882-0800: 0.709: [GC remark 2021-01-22T17:50:20.883-0800: 0.710: [Finalize Marking, 0.0002416 secs] 2021-01-22T17:50:20.883-0800: 0.710: [GC ref-proc, 0.0000278 secs] 2021-01-22T17:50:20.883-0800: 0.710: [Unloading, 0.0008576 secs], 0.0024022 secs]
 [Times: user=0.01 sys=0.00, real=0.00 secs] 
2021-01-22T17:50:20.885-0800: 0.712: [GC cleanup 281M->281M(350M), 0.0005088 secs]
 [Times: user=0.00 sys=0.00, real=0.00 secs] 
2021-01-22T17:50:20.890-0800: 0.717: [GC pause (G1 Evacuation Pause) (young), 0.0033031 secs]
   [Parallel Time: 2.8 ms, GC Workers: 4]
      [GC Worker Start (ms): Min: 716.9, Avg: 718.1, Max: 718.8, Diff: 1.9]
      [Ext Root Scanning (ms): Min: 0.0, Avg: 0.0, Max: 0.2, Diff: 0.2, Sum: 0.2]
      [Update RS (ms): Min: 0.0, Avg: 0.6, Max: 1.7, Diff: 1.7, Sum: 2.6]
         [Processed Buffers: Min: 0, Avg: 11.0, Max: 32, Diff: 32, Sum: 44]
      [Scan RS (ms): Min: 0.0, Avg: 0.0, Max: 0.0, Diff: 0.0, Sum: 0.0]
      [Code Root Scanning (ms): Min: 0.0, Avg: 0.0, Max: 0.0, Diff: 0.0, Sum: 0.0]
      [Object Copy (ms): Min: 0.7, Avg: 0.8, Max: 0.9, Diff: 0.2, Sum: 3.0]
      [Termination (ms): Min: 0.0, Avg: 0.1, Max: 0.2, Diff: 0.2, Sum: 0.4]
         [Termination Attempts: Min: 1, Avg: 1.0, Max: 1, Diff: 0, Sum: 4]
      [GC Worker Other (ms): Min: 0.0, Avg: 0.0, Max: 0.0, Diff: 0.0, Sum: 0.1]
      [GC Worker Total (ms): Min: 0.8, Avg: 1.6, Max: 2.8, Diff: 1.9, Sum: 6.3]
      [GC Worker End (ms): Min: 719.7, Avg: 719.7, Max: 719.7, Diff: 0.0]
   [Code Root Fixup: 0.0 ms]
   [Code Root Purge: 0.0 ms]
   [Clear CT: 0.0 ms]
   [Other: 0.4 ms]
      [Choose CSet: 0.0 ms]
      [Ref Proc: 0.3 ms]
      [Ref Enq: 0.0 ms]
      [Redirty Cards: 0.0 ms]
      [Humongous Register: 0.1 ms]
      [Humongous Reclaim: 0.0 ms]
      [Free CSet: 0.0 ms]
   [Eden: 16.0M(16.0M)->0.0B(14.0M) Survivors: 1024.0K->3072.0K Heap: 294.2M(350.0M)->276.0M(350.0M)]
 [Times: user=0.00 sys=0.00, real=0.00 secs] 
2021-01-22T17:50:20.897-0800: 0.723: [GC pause (G1 Evacuation Pause) (mixed) (to-space exhausted), 0.0055596 secs]
   [Parallel Time: 5.0 ms, GC Workers: 4]
      [GC Worker Start (ms): Min: 723.6, Avg: 725.0, Max: 725.7, Diff: 2.1]
      [Ext Root Scanning (ms): Min: 0.0, Avg: 0.1, Max: 0.2, Diff: 0.2, Sum: 0.2]
      [Update RS (ms): Min: 0.0, Avg: 0.3, Max: 1.3, Diff: 1.3, Sum: 1.3]
         [Processed Buffers: Min: 0, Avg: 7.8, Max: 31, Diff: 31, Sum: 31]
      [Scan RS (ms): Min: 0.0, Avg: 0.1, Max: 0.3, Diff: 0.3, Sum: 0.5]
      [Code Root Scanning (ms): Min: 0.0, Avg: 0.0, Max: 0.0, Diff: 0.0, Sum: 0.0]
      [Object Copy (ms): Min: 2.4, Avg: 3.0, Max: 3.2, Diff: 0.8, Sum: 11.8]
      [Termination (ms): Min: 0.0, Avg: 0.1, Max: 0.1, Diff: 0.1, Sum: 0.3]
         [Termination Attempts: Min: 1, Avg: 1.0, Max: 1, Diff: 0, Sum: 4]
      [GC Worker Other (ms): Min: 0.0, Avg: 0.0, Max: 0.0, Diff: 0.0, Sum: 0.1]
      [GC Worker Total (ms): Min: 2.8, Avg: 3.5, Max: 4.9, Diff: 2.1, Sum: 14.1]
      [GC Worker End (ms): Min: 728.5, Avg: 728.5, Max: 728.5, Diff: 0.0]
   [Code Root Fixup: 0.0 ms]
   [Code Root Purge: 0.0 ms]
   [Clear CT: 0.1 ms]
   [Other: 0.5 ms]
      [Evacuation Failure: 0.2 ms]
      [Choose CSet: 0.0 ms]
      [Ref Proc: 0.2 ms]
      [Ref Enq: 0.0 ms]
      [Redirty Cards: 0.0 ms]
      [Humongous Register: 0.1 ms]
      [Humongous Reclaim: 0.0 ms]
      [Free CSet: 0.0 ms]
   [Eden: 14.0M(14.0M)->0.0B(14.0M) Survivors: 3072.0K->3072.0K Heap: 293.2M(350.0M)->282.3M(350.0M)]
 [Times: user=0.01 sys=0.00, real=0.01 secs] 
2021-01-22T17:50:20.902-0800: 0.729: [GC pause (G1 Humongous Allocation) (young) (initial-mark), 0.0014071 secs]
   [Parallel Time: 0.9 ms, GC Workers: 4]
      [GC Worker Start (ms): Min: 729.4, Avg: 729.5, Max: 729.6, Diff: 0.2]
      [Ext Root Scanning (ms): Min: 0.0, Avg: 0.1, Max: 0.2, Diff: 0.2, Sum: 0.4]
      [Update RS (ms): Min: 0.0, Avg: 0.1, Max: 0.2, Diff: 0.2, Sum: 0.4]
         [Processed Buffers: Min: 0, Avg: 1.8, Max: 3, Diff: 3, Sum: 7]
      [Scan RS (ms): Min: 0.0, Avg: 0.0, Max: 0.0, Diff: 0.0, Sum: 0.0]
      [Code Root Scanning (ms): Min: 0.0, Avg: 0.0, Max: 0.0, Diff: 0.0, Sum: 0.0]
      [Object Copy (ms): Min: 0.4, Avg: 0.4, Max: 0.4, Diff: 0.1, Sum: 1.7]
      [Termination (ms): Min: 0.0, Avg: 0.1, Max: 0.1, Diff: 0.1, Sum: 0.2]
         [Termination Attempts: Min: 1, Avg: 1.0, Max: 1, Diff: 0, Sum: 4]
      [GC Worker Other (ms): Min: 0.0, Avg: 0.0, Max: 0.0, Diff: 0.0, Sum: 0.0]
      [GC Worker Total (ms): Min: 0.6, Avg: 0.7, Max: 0.9, Diff: 0.2, Sum: 2.8]
      [GC Worker End (ms): Min: 730.2, Avg: 730.2, Max: 730.2, Diff: 0.0]
   [Code Root Fixup: 0.0 ms]
   [Code Root Purge: 0.0 ms]
   [Clear CT: 0.0 ms]
   [Other: 0.5 ms]
      [Choose CSet: 0.0 ms]
      [Ref Proc: 0.2 ms]
      [Ref Enq: 0.0 ms]
      [Redirty Cards: 0.1 ms]
      [Humongous Register: 0.0 ms]
      [Humongous Reclaim: 0.0 ms]
      [Free CSet: 0.0 ms]
   [Eden: 1024.0K(14.0M)->0.0B(16.0M) Survivors: 3072.0K->1024.0K Heap: 282.4M(350.0M)->282.2M(350.0M)]
 [Times: user=0.00 sys=0.00, real=0.00 secs] 
2021-01-22T17:50:20.904-0800: 0.731: [GC concurrent-root-region-scan-start]
2021-01-22T17:50:20.904-0800: 0.731: [GC concurrent-root-region-scan-end, 0.0000290 secs]
2021-01-22T17:50:20.904-0800: 0.731: [GC concurrent-mark-start]
2021-01-22T17:50:20.906-0800: 0.733: [GC concurrent-mark-end, 0.0026353 secs]
2021-01-22T17:50:20.907-0800: 0.734: [GC remark 2021-01-22T17:50:20.907-0800: 0.734: [Finalize Marking, 0.0002693 secs] 2021-01-22T17:50:20.907-0800: 0.734: [GC ref-proc, 0.0000301 secs] 2021-01-22T17:50:20.907-0800: 0.734: [Unloading, 0.0009702 secs], 0.0035933 secs]
 [Times: user=0.00 sys=0.00, real=0.01 secs] 
2021-01-22T17:50:20.910-0800: 0.737: [GC cleanup 292M->292M(350M), 0.0005751 secs]
 [Times: user=0.00 sys=0.00, real=0.00 secs] 
2021-01-22T17:50:20.914-0800: 0.741: [GC pause (G1 Evacuation Pause) (young) (to-space exhausted), 0.0027316 secs]
   [Parallel Time: 2.2 ms, GC Workers: 4]
      [GC Worker Start (ms): Min: 741.2, Avg: 741.5, Max: 741.7, Diff: 0.5]
      [Ext Root Scanning (ms): Min: 0.0, Avg: 0.1, Max: 0.2, Diff: 0.2, Sum: 0.2]
      [Update RS (ms): Min: 0.9, Avg: 1.0, Max: 1.1, Diff: 0.2, Sum: 4.0]
         [Processed Buffers: Min: 11, Avg: 12.2, Max: 14, Diff: 3, Sum: 49]
      [Scan RS (ms): Min: 0.0, Avg: 0.0, Max: 0.0, Diff: 0.0, Sum: 0.0]
      [Code Root Scanning (ms): Min: 0.0, Avg: 0.0, Max: 0.0, Diff: 0.0, Sum: 0.0]
      [Object Copy (ms): Min: 0.6, Avg: 0.7, Max: 0.8, Diff: 0.2, Sum: 2.6]
      [Termination (ms): Min: 0.0, Avg: 0.1, Max: 0.2, Diff: 0.2, Sum: 0.5]
         [Termination Attempts: Min: 1, Avg: 1.0, Max: 1, Diff: 0, Sum: 4]
      [GC Worker Other (ms): Min: 0.0, Avg: 0.0, Max: 0.0, Diff: 0.0, Sum: 0.0]
      [GC Worker Total (ms): Min: 1.7, Avg: 1.8, Max: 2.2, Diff: 0.5, Sum: 7.4]
      [GC Worker End (ms): Min: 743.3, Avg: 743.3, Max: 743.4, Diff: 0.0]
   [Code Root Fixup: 0.0 ms]
   [Code Root Purge: 0.0 ms]
   [Clear CT: 0.0 ms]
   [Other: 0.5 ms]
      [Evacuation Failure: 0.1 ms]
      [Choose CSet: 0.0 ms]
      [Ref Proc: 0.2 ms]
      [Ref Enq: 0.0 ms]
      [Redirty Cards: 0.0 ms]
      [Humongous Register: 0.1 ms]
      [Humongous Reclaim: 0.0 ms]
      [Free CSet: 0.0 ms]
   [Eden: 16.0M(16.0M)->0.0B(14.0M) Survivors: 1024.0K->3072.0K Heap: 305.5M(350.0M)->299.6M(350.0M)]
 [Times: user=0.00 sys=0.00, real=0.00 secs] 
2021-01-22T17:50:20.919-0800: 0.746: [GC pause (G1 Humongous Allocation) (mixed) (to-space exhausted), 0.0027303 secs]
   [Parallel Time: 2.1 ms, GC Workers: 4]
      [GC Worker Start (ms): Min: 746.1, Avg: 747.0, Max: 747.7, Diff: 1.6]
      [Ext Root Scanning (ms): Min: 0.0, Avg: 0.1, Max: 0.2, Diff: 0.2, Sum: 0.2]
      [Update RS (ms): Min: 0.0, Avg: 0.6, Max: 1.3, Diff: 1.3, Sum: 2.4]
         [Processed Buffers: Min: 0, Avg: 8.5, Max: 22, Diff: 22, Sum: 34]
      [Scan RS (ms): Min: 0.0, Avg: 0.0, Max: 0.1, Diff: 0.1, Sum: 0.2]
      [Code Root Scanning (ms): Min: 0.0, Avg: 0.0, Max: 0.0, Diff: 0.0, Sum: 0.0]
      [Object Copy (ms): Min: 0.2, Avg: 0.3, Max: 0.4, Diff: 0.2, Sum: 1.4]
      [Termination (ms): Min: 0.0, Avg: 0.1, Max: 0.2, Diff: 0.2, Sum: 0.3]
         [Termination Attempts: Min: 1, Avg: 1.0, Max: 1, Diff: 0, Sum: 4]
      [GC Worker Other (ms): Min: 0.0, Avg: 0.0, Max: 0.0, Diff: 0.0, Sum: 0.0]
      [GC Worker Total (ms): Min: 0.4, Avg: 1.1, Max: 2.0, Diff: 1.6, Sum: 4.5]
      [GC Worker End (ms): Min: 748.1, Avg: 748.1, Max: 748.1, Diff: 0.0]
   [Code Root Fixup: 0.0 ms]
   [Code Root Purge: 0.0 ms]
   [Clear CT: 0.1 ms]
   [Other: 0.6 ms]
      [Evacuation Failure: 0.2 ms]
      [Choose CSet: 0.0 ms]
      [Ref Proc: 0.2 ms]
      [Ref Enq: 0.0 ms]
      [Redirty Cards: 0.0 ms]
      [Humongous Register: 0.1 ms]
      [Humongous Reclaim: 0.0 ms]
      [Free CSet: 0.0 ms]
   [Eden: 7168.0K(14.0M)->0.0B(17.0M) Survivors: 3072.0K->0.0B Heap: 309.9M(350.0M)->306.8M(350.0M)]
 [Times: user=0.00 sys=0.00, real=0.01 secs] 
2021-01-22T17:50:20.923-0800: 0.750: [GC pause (G1 Evacuation Pause) (young) (initial-mark) (to-space exhausted), 0.0011057 secs]
   [Parallel Time: 0.6 ms, GC Workers: 4]
      [GC Worker Start (ms): Min: 749.7, Avg: 749.8, Max: 749.9, Diff: 0.2]
      [Ext Root Scanning (ms): Min: 0.0, Avg: 0.2, Max: 0.5, Diff: 0.5, Sum: 0.8]
      [Update RS (ms): Min: 0.0, Avg: 0.2, Max: 0.3, Diff: 0.3, Sum: 0.8]
         [Processed Buffers: Min: 0, Avg: 3.0, Max: 5, Diff: 5, Sum: 12]
      [Scan RS (ms): Min: 0.0, Avg: 0.0, Max: 0.0, Diff: 0.0, Sum: 0.0]
      [Code Root Scanning (ms): Min: 0.0, Avg: 0.0, Max: 0.0, Diff: 0.0, Sum: 0.0]
      [Object Copy (ms): Min: 0.0, Avg: 0.0, Max: 0.1, Diff: 0.1, Sum: 0.1]
      [Termination (ms): Min: 0.0, Avg: 0.1, Max: 0.1, Diff: 0.1, Sum: 0.3]
         [Termination Attempts: Min: 1, Avg: 1.0, Max: 1, Diff: 0, Sum: 4]
      [GC Worker Other (ms): Min: 0.0, Avg: 0.0, Max: 0.0, Diff: 0.0, Sum: 0.0]
      [GC Worker Total (ms): Min: 0.4, Avg: 0.5, Max: 0.6, Diff: 0.2, Sum: 2.1]
      [GC Worker End (ms): Min: 750.3, Avg: 750.3, Max: 750.3, Diff: 0.0]
   [Code Root Fixup: 0.0 ms]
   [Code Root Purge: 0.0 ms]
   [Clear CT: 0.0 ms]
   [Other: 0.4 ms]
      [Evacuation Failure: 0.1 ms]
      [Choose CSet: 0.0 ms]
      [Ref Proc: 0.2 ms]
      [Ref Enq: 0.0 ms]
      [Redirty Cards: 0.0 ms]
      [Humongous Register: 0.1 ms]
      [Humongous Reclaim: 0.0 ms]
      [Free CSet: 0.0 ms]
   [Eden: 3072.0K(17.0M)->0.0B(17.0M) Survivors: 0.0B->0.0B Heap: 310.4M(350.0M)->308.7M(350.0M)]
 [Times: user=0.00 sys=0.00, real=0.00 secs] 
2021-01-22T17:50:20.924-0800: 0.751: [GC concurrent-root-region-scan-start]
2021-01-22T17:50:20.924-0800: 0.751: [GC concurrent-root-region-scan-end, 0.0000120 secs]
2021-01-22T17:50:20.924-0800: 0.751: [GC concurrent-mark-start]
2021-01-22T17:50:20.925-0800: 0.752: [GC pause (G1 Evacuation Pause) (young) (to-space exhausted), 0.0010818 secs]
   [Parallel Time: 0.7 ms, GC Workers: 4]
      [GC Worker Start (ms): Min: 751.7, Avg: 752.1, Max: 752.3, Diff: 0.6]
      [Ext Root Scanning (ms): Min: 0.0, Avg: 0.1, Max: 0.2, Diff: 0.2, Sum: 0.2]
      [Update RS (ms): Min: 0.0, Avg: 0.2, Max: 0.3, Diff: 0.3, Sum: 0.6]
         [Processed Buffers: Min: 0, Avg: 3.0, Max: 8, Diff: 8, Sum: 12]
      [Scan RS (ms): Min: 0.0, Avg: 0.0, Max: 0.0, Diff: 0.0, Sum: 0.0]
      [Code Root Scanning (ms): Min: 0.0, Avg: 0.0, Max: 0.0, Diff: 0.0, Sum: 0.0]
      [Object Copy (ms): Min: 0.0, Avg: 0.0, Max: 0.0, Diff: 0.0, Sum: 0.0]
      [Termination (ms): Min: 0.0, Avg: 0.1, Max: 0.1, Diff: 0.1, Sum: 0.3]
         [Termination Attempts: Min: 1, Avg: 1.0, Max: 1, Diff: 0, Sum: 4]
      [GC Worker Other (ms): Min: 0.0, Avg: 0.0, Max: 0.0, Diff: 0.0, Sum: 0.0]
      [GC Worker Total (ms): Min: 0.0, Avg: 0.3, Max: 0.6, Diff: 0.6, Sum: 1.2]
      [GC Worker End (ms): Min: 752.3, Avg: 752.3, Max: 752.3, Diff: 0.0]
   [Code Root Fixup: 0.0 ms]
   [Code Root Purge: 0.0 ms]
   [Clear CT: 0.1 ms]
   [Other: 0.3 ms]
      [Evacuation Failure: 0.0 ms]
      [Choose CSet: 0.0 ms]
      [Ref Proc: 0.1 ms]
      [Ref Enq: 0.0 ms]
      [Redirty Cards: 0.0 ms]
      [Humongous Register: 0.1 ms]
      [Humongous Reclaim: 0.0 ms]
      [Free CSet: 0.0 ms]
   [Eden: 2048.0K(17.0M)->0.0B(17.0M) Survivors: 0.0B->0.0B Heap: 311.3M(350.0M)->311.3M(350.0M)]
 [Times: user=0.00 sys=0.00, real=0.00 secs] 
2021-01-22T17:50:20.926-0800: 0.753: [Full GC (Allocation Failure)  311M->243M(350M), 0.0430995 secs]
   [Eden: 0.0B(17.0M)->0.0B(17.0M) Survivors: 0.0B->0.0B Heap: 311.3M(350.0M)->243.6M(350.0M)], [Metaspace: 2720K->2720K(1056768K)]
 [Times: user=0.05 sys=0.00, real=0.04 secs] 
2021-01-22T17:50:20.969-0800: 0.796: [GC concurrent-mark-abort]
2021-01-22T17:50:20.970-0800: 0.797: [GC pause (G1 Humongous Allocation) (young) (initial-mark), 0.0017236 secs]
   [Parallel Time: 1.3 ms, GC Workers: 4]
      [GC Worker Start (ms): Min: 797.1, Avg: 797.2, Max: 797.3, Diff: 0.2]
      [Ext Root Scanning (ms): Min: 0.0, Avg: 0.5, Max: 0.9, Diff: 0.9, Sum: 2.0]
      [Update RS (ms): Min: 0.0, Avg: 0.0, Max: 0.2, Diff: 0.2, Sum: 0.2]
         [Processed Buffers: Min: 0, Avg: 0.5, Max: 2, Diff: 2, Sum: 2]
      [Scan RS (ms): Min: 0.0, Avg: 0.0, Max: 0.0, Diff: 0.0, Sum: 0.0]
      [Code Root Scanning (ms): Min: 0.0, Avg: 0.0, Max: 0.0, Diff: 0.0, Sum: 0.0]
      [Object Copy (ms): Min: 0.0, Avg: 0.3, Max: 0.5, Diff: 0.5, Sum: 1.0]
      [Termination (ms): Min: 0.0, Avg: 0.2, Max: 0.5, Diff: 0.5, Sum: 0.8]
         [Termination Attempts: Min: 1, Avg: 1.0, Max: 1, Diff: 0, Sum: 4]
      [GC Worker Other (ms): Min: 0.0, Avg: 0.0, Max: 0.0, Diff: 0.0, Sum: 0.1]
      [GC Worker Total (ms): Min: 0.9, Avg: 1.0, Max: 1.2, Diff: 0.2, Sum: 4.0]
      [GC Worker End (ms): Min: 798.2, Avg: 798.2, Max: 798.3, Diff: 0.1]
   [Code Root Fixup: 0.0 ms]
   [Code Root Purge: 0.0 ms]
   [Clear CT: 0.0 ms]
   [Other: 0.4 ms]
      [Choose CSet: 0.0 ms]
      [Ref Proc: 0.2 ms]
      [Ref Enq: 0.0 ms]
      [Redirty Cards: 0.0 ms]
      [Humongous Register: 0.1 ms]
      [Humongous Reclaim: 0.0 ms]
      [Free CSet: 0.0 ms]
   [Eden: 5120.0K(17.0M)->0.0B(15.0M) Survivors: 0.0B->2048.0K Heap: 247.7M(350.0M)->245.3M(350.0M)]
 [Times: user=0.00 sys=0.00, real=0.00 secs] 
2021-01-22T17:50:20.972-0800: 0.799: [GC concurrent-root-region-scan-start]
2021-01-22T17:50:20.972-0800: 0.799: [GC concurrent-root-region-scan-end, 0.0001478 secs]
2021-01-22T17:50:20.972-0800: 0.799: [GC concurrent-mark-start]
2021-01-22T17:50:20.974-0800: 0.801: [GC concurrent-mark-end, 0.0021319 secs]
2021-01-22T17:50:20.974-0800: 0.801: [GC remark 2021-01-22T17:50:20.974-0800: 0.801: [Finalize Marking, 0.0001667 secs] 2021-01-22T17:50:20.975-0800: 0.801: [GC ref-proc, 0.0000279 secs] 2021-01-22T17:50:20.975-0800: 0.802: [Unloading, 0.0007601 secs], 0.0023331 secs]
 [Times: user=0.01 sys=0.00, real=0.00 secs] 
2021-01-22T17:50:20.977-0800: 0.804: [GC cleanup 254M->254M(350M), 0.0005082 secs]
 [Times: user=0.00 sys=0.00, real=0.00 secs] 
2021-01-22T17:50:20.980-0800: 0.807: [GC pause (G1 Evacuation Pause) (young), 0.0027228 secs]
   [Parallel Time: 2.3 ms, GC Workers: 4]
      [GC Worker Start (ms): Min: 807.1, Avg: 807.6, Max: 809.3, Diff: 2.2]
      [Ext Root Scanning (ms): Min: 0.0, Avg: 0.1, Max: 0.2, Diff: 0.2, Sum: 0.5]
      [Update RS (ms): Min: 0.0, Avg: 0.8, Max: 1.0, Diff: 1.0, Sum: 3.0]
         [Processed Buffers: Min: 0, Avg: 10.0, Max: 14, Diff: 14, Sum: 40]
      [Scan RS (ms): Min: 0.0, Avg: 0.0, Max: 0.0, Diff: 0.0, Sum: 0.0]
      [Code Root Scanning (ms): Min: 0.0, Avg: 0.0, Max: 0.0, Diff: 0.0, Sum: 0.0]
      [Object Copy (ms): Min: 0.0, Avg: 0.7, Max: 0.9, Diff: 0.9, Sum: 2.7]
      [Termination (ms): Min: 0.0, Avg: 0.1, Max: 0.1, Diff: 0.1, Sum: 0.4]
         [Termination Attempts: Min: 1, Avg: 1.0, Max: 1, Diff: 0, Sum: 4]
      [GC Worker Other (ms): Min: 0.0, Avg: 0.0, Max: 0.0, Diff: 0.0, Sum: 0.0]
      [GC Worker Total (ms): Min: 0.0, Avg: 1.7, Max: 2.2, Diff: 2.2, Sum: 6.6]
      [GC Worker End (ms): Min: 809.3, Avg: 809.3, Max: 809.3, Diff: 0.0]
   [Code Root Fixup: 0.0 ms]
   [Code Root Purge: 0.0 ms]
   [Clear CT: 0.0 ms]
   [Other: 0.4 ms]
      [Choose CSet: 0.0 ms]
      [Ref Proc: 0.2 ms]
      [Ref Enq: 0.0 ms]
      [Redirty Cards: 0.0 ms]
      [Humongous Register: 0.1 ms]
      [Humongous Reclaim: 0.0 ms]
      [Free CSet: 0.0 ms]
   [Eden: 15.0M(15.0M)->0.0B(14.0M) Survivors: 2048.0K->3072.0K Heap: 264.6M(350.0M)->252.8M(350.0M)]
 [Times: user=0.01 sys=0.00, real=0.00 secs] 
2021-01-22T17:50:20.984-0800: 0.811: [GC pause (G1 Humongous Allocation) (young) (initial-mark), 0.0011981 secs]
   [Parallel Time: 0.8 ms, GC Workers: 4]
      [GC Worker Start (ms): Min: 811.1, Avg: 811.3, Max: 811.4, Diff: 0.2]
      [Ext Root Scanning (ms): Min: 0.0, Avg: 0.1, Max: 0.3, Diff: 0.3, Sum: 0.4]
      [Update RS (ms): Min: 0.0, Avg: 0.1, Max: 0.1, Diff: 0.1, Sum: 0.3]
         [Processed Buffers: Min: 1, Avg: 1.5, Max: 3, Diff: 2, Sum: 6]
      [Scan RS (ms): Min: 0.0, Avg: 0.0, Max: 0.0, Diff: 0.0, Sum: 0.0]
      [Code Root Scanning (ms): Min: 0.0, Avg: 0.0, Max: 0.0, Diff: 0.0, Sum: 0.0]
      [Object Copy (ms): Min: 0.3, Avg: 0.4, Max: 0.4, Diff: 0.1, Sum: 1.5]
      [Termination (ms): Min: 0.0, Avg: 0.0, Max: 0.1, Diff: 0.1, Sum: 0.2]
         [Termination Attempts: Min: 1, Avg: 1.0, Max: 1, Diff: 0, Sum: 4]
      [GC Worker Other (ms): Min: 0.0, Avg: 0.0, Max: 0.0, Diff: 0.0, Sum: 0.0]
      [GC Worker Total (ms): Min: 0.5, Avg: 0.6, Max: 0.8, Diff: 0.3, Sum: 2.4]
      [GC Worker End (ms): Min: 811.9, Avg: 811.9, Max: 811.9, Diff: 0.0]
   [Code Root Fixup: 0.0 ms]
   [Code Root Purge: 0.0 ms]
   [Clear CT: 0.0 ms]
   [Other: 0.3 ms]
      [Choose CSet: 0.0 ms]
      [Ref Proc: 0.1 ms]
      [Ref Enq: 0.0 ms]
      [Redirty Cards: 0.0 ms]
      [Humongous Register: 0.1 ms]
      [Humongous Reclaim: 0.0 ms]
      [Free CSet: 0.0 ms]
   [Eden: 5120.0K(14.0M)->0.0B(16.0M) Survivors: 3072.0K->1024.0K Heap: 257.8M(350.0M)->252.9M(350.0M)]
 [Times: user=0.00 sys=0.00, real=0.00 secs] 
2021-01-22T17:50:20.985-0800: 0.812: [GC concurrent-root-region-scan-start]
2021-01-22T17:50:20.985-0800: 0.812: [GC concurrent-root-region-scan-end, 0.0001287 secs]
2021-01-22T17:50:20.985-0800: 0.812: [GC concurrent-mark-start]
2021-01-22T17:50:20.988-0800: 0.815: [GC concurrent-mark-end, 0.0022138 secs]
2021-01-22T17:50:20.988-0800: 0.815: [GC remark 2021-01-22T17:50:20.988-0800: 0.815: [Finalize Marking, 0.0002499 secs] 2021-01-22T17:50:20.988-0800: 0.815: [GC ref-proc, 0.0000269 secs] 2021-01-22T17:50:20.988-0800: 0.815: [Unloading, 0.0009234 secs], 0.0030993 secs]
 [Times: user=0.00 sys=0.00, real=0.01 secs] 
2021-01-22T17:50:20.991-0800: 0.818: [GC cleanup 265M->265M(350M), 0.0005972 secs]
 [Times: user=0.00 sys=0.01, real=0.00 secs] 
2021-01-22T17:50:20.995-0800: 0.822: [GC pause (G1 Evacuation Pause) (young) (to-space exhausted), 0.0032781 secs]
   [Parallel Time: 2.8 ms, GC Workers: 4]
      [GC Worker Start (ms): Min: 822.0, Avg: 822.9, Max: 824.7, Diff: 2.7]
      [Ext Root Scanning (ms): Min: 0.0, Avg: 0.1, Max: 0.2, Diff: 0.2, Sum: 0.2]
      [Update RS (ms): Min: 0.0, Avg: 1.1, Max: 1.5, Diff: 1.5, Sum: 4.4]
         [Processed Buffers: Min: 0, Avg: 13.8, Max: 22, Diff: 22, Sum: 55]
      [Scan RS (ms): Min: 0.0, Avg: 0.0, Max: 0.0, Diff: 0.0, Sum: 0.0]
      [Code Root Scanning (ms): Min: 0.0, Avg: 0.0, Max: 0.0, Diff: 0.0, Sum: 0.0]
      [Object Copy (ms): Min: 0.0, Avg: 0.6, Max: 0.9, Diff: 0.9, Sum: 2.6]
      [Termination (ms): Min: 0.0, Avg: 0.1, Max: 0.1, Diff: 0.1, Sum: 0.3]
         [Termination Attempts: Min: 1, Avg: 1.0, Max: 1, Diff: 0, Sum: 4]
      [GC Worker Other (ms): Min: 0.0, Avg: 0.0, Max: 0.0, Diff: 0.0, Sum: 0.0]
      [GC Worker Total (ms): Min: 0.1, Avg: 1.9, Max: 2.8, Diff: 2.7, Sum: 7.5]
      [GC Worker End (ms): Min: 824.8, Avg: 824.8, Max: 824.8, Diff: 0.0]
   [Code Root Fixup: 0.0 ms]
   [Code Root Purge: 0.0 ms]
   [Clear CT: 0.0 ms]
   [Other: 0.5 ms]
      [Evacuation Failure: 0.1 ms]
      [Choose CSet: 0.0 ms]
      [Ref Proc: 0.2 ms]
      [Ref Enq: 0.0 ms]
      [Redirty Cards: 0.0 ms]
      [Humongous Register: 0.1 ms]
      [Humongous Reclaim: 0.0 ms]
      [Free CSet: 0.0 ms]
   [Eden: 16.0M(16.0M)->0.0B(14.0M) Survivors: 1024.0K->3072.0K Heap: 276.3M(350.0M)->266.1M(350.0M)]
 [Times: user=0.01 sys=0.00, real=0.00 secs] 
2021-01-22T17:50:20.999-0800: 0.826: [GC pause (G1 Humongous Allocation) (young) (initial-mark), 0.0021638 secs]
   [Parallel Time: 1.2 ms, GC Workers: 4]
      [GC Worker Start (ms): Min: 827.1, Avg: 827.2, Max: 827.3, Diff: 0.2]
      [Ext Root Scanning (ms): Min: 0.0, Avg: 0.5, Max: 1.1, Diff: 1.0, Sum: 2.0]
      [Update RS (ms): Min: 0.0, Avg: 0.1, Max: 0.3, Diff: 0.3, Sum: 0.4]
         [Processed Buffers: Min: 0, Avg: 1.5, Max: 4, Diff: 4, Sum: 6]
      [Scan RS (ms): Min: 0.0, Avg: 0.0, Max: 0.0, Diff: 0.0, Sum: 0.0]
      [Code Root Scanning (ms): Min: 0.0, Avg: 0.0, Max: 0.0, Diff: 0.0, Sum: 0.0]
      [Object Copy (ms): Min: 0.0, Avg: 0.3, Max: 0.5, Diff: 0.5, Sum: 1.4]
      [Termination (ms): Min: 0.0, Avg: 0.1, Max: 0.1, Diff: 0.1, Sum: 0.3]
         [Termination Attempts: Min: 1, Avg: 1.0, Max: 1, Diff: 0, Sum: 4]
      [GC Worker Other (ms): Min: 0.0, Avg: 0.0, Max: 0.0, Diff: 0.0, Sum: 0.0]
      [GC Worker Total (ms): Min: 0.9, Avg: 1.0, Max: 1.1, Diff: 0.3, Sum: 4.1]
      [GC Worker End (ms): Min: 828.2, Avg: 828.2, Max: 828.2, Diff: 0.0]
   [Code Root Fixup: 0.0 ms]
   [Code Root Purge: 0.0 ms]
   [Clear CT: 0.0 ms]
   [Other: 1.0 ms]
      [Choose CSet: 0.0 ms]
      [Ref Proc: 0.2 ms]
      [Ref Enq: 0.0 ms]
      [Redirty Cards: 0.0 ms]
      [Humongous Register: 0.6 ms]
      [Humongous Reclaim: 0.0 ms]
      [Free CSet: 0.0 ms]
   [Eden: 3072.0K(14.0M)->0.0B(16.0M) Survivors: 3072.0K->1024.0K Heap: 268.7M(350.0M)->265.4M(350.0M)]
 [Times: user=0.00 sys=0.00, real=0.01 secs] 
2021-01-22T17:50:21.002-0800: 0.829: [GC concurrent-root-region-scan-start]
2021-01-22T17:50:21.002-0800: 0.829: [GC concurrent-root-region-scan-end, 0.0000216 secs]
2021-01-22T17:50:21.002-0800: 0.829: [GC concurrent-mark-start]
2021-01-22T17:50:21.004-0800: 0.831: [GC concurrent-mark-end, 0.0024277 secs]
2021-01-22T17:50:21.004-0800: 0.831: [GC remark 2021-01-22T17:50:21.004-0800: 0.831: [Finalize Marking, 0.0002053 secs] 2021-01-22T17:50:21.005-0800: 0.832: [GC ref-proc, 0.0000426 secs] 2021-01-22T17:50:21.005-0800: 0.832: [Unloading, 0.0011654 secs], 0.0032850 secs]
 [Times: user=0.01 sys=0.00, real=0.00 secs] 
2021-01-22T17:50:21.008-0800: 0.835: [GC cleanup 271M->271M(350M), 0.0008248 secs]
 [Times: user=0.00 sys=0.00, real=0.00 secs] 
2021-01-22T17:50:21.013-0800: 0.840: [GC pause (G1 Humongous Allocation) (young) (to-space exhausted), 0.0018750 secs]
   [Parallel Time: 1.4 ms, GC Workers: 4]
      [GC Worker Start (ms): Min: 839.9, Avg: 840.6, Max: 841.2, Diff: 1.3]
      [Ext Root Scanning (ms): Min: 0.0, Avg: 0.1, Max: 0.2, Diff: 0.2, Sum: 0.2]
      [Update RS (ms): Min: 0.0, Avg: 0.5, Max: 0.9, Diff: 0.9, Sum: 2.0]
         [Processed Buffers: Min: 0, Avg: 7.2, Max: 16, Diff: 16, Sum: 29]
      [Scan RS (ms): Min: 0.0, Avg: 0.0, Max: 0.0, Diff: 0.0, Sum: 0.0]
      [Code Root Scanning (ms): Min: 0.0, Avg: 0.0, Max: 0.0, Diff: 0.0, Sum: 0.0]
      [Object Copy (ms): Min: 0.0, Avg: 0.0, Max: 0.1, Diff: 0.1, Sum: 0.1]
      [Termination (ms): Min: 0.0, Avg: 0.1, Max: 0.2, Diff: 0.2, Sum: 0.4]
         [Termination Attempts: Min: 1, Avg: 1.0, Max: 1, Diff: 0, Sum: 4]
      [GC Worker Other (ms): Min: 0.0, Avg: 0.0, Max: 0.0, Diff: 0.0, Sum: 0.0]
      [GC Worker Total (ms): Min: 0.0, Avg: 0.7, Max: 1.3, Diff: 1.3, Sum: 2.7]
      [GC Worker End (ms): Min: 841.2, Avg: 841.3, Max: 841.3, Diff: 0.0]
   [Code Root Fixup: 0.0 ms]
   [Code Root Purge: 0.0 ms]
   [Clear CT: 0.0 ms]
   [Other: 0.5 ms]
      [Evacuation Failure: 0.1 ms]
      [Choose CSet: 0.0 ms]
      [Ref Proc: 0.2 ms]
      [Ref Enq: 0.0 ms]
      [Redirty Cards: 0.0 ms]
      [Humongous Register: 0.1 ms]
      [Humongous Reclaim: 0.0 ms]
      [Free CSet: 0.0 ms]
   [Eden: 14.0M(16.0M)->0.0B(17.0M) Survivors: 1024.0K->0.0B Heap: 281.6M(350.0M)->277.2M(350.0M)]
 [Times: user=0.00 sys=0.00, real=0.00 secs] 
2021-01-22T17:50:21.016-0800: 0.843: [GC pause (G1 Evacuation Pause) (mixed) (to-space exhausted), 0.0014342 secs]
   [Parallel Time: 0.8 ms, GC Workers: 4]
      [GC Worker Start (ms): Min: 843.4, Avg: 843.6, Max: 844.0, Diff: 0.7]
      [Ext Root Scanning (ms): Min: 0.0, Avg: 0.2, Max: 0.6, Diff: 0.6, Sum: 1.0]
      [Update RS (ms): Min: 0.0, Avg: 0.2, Max: 0.3, Diff: 0.3, Sum: 0.7]
         [Processed Buffers: Min: 0, Avg: 3.0, Max: 7, Diff: 7, Sum: 12]
      [Scan RS (ms): Min: 0.0, Avg: 0.0, Max: 0.1, Diff: 0.1, Sum: 0.1]
      [Code Root Scanning (ms): Min: 0.0, Avg: 0.0, Max: 0.0, Diff: 0.0, Sum: 0.0]
      [Object Copy (ms): Min: 0.0, Avg: 0.1, Max: 0.2, Diff: 0.2, Sum: 0.2]
      [Termination (ms): Min: 0.0, Avg: 0.1, Max: 0.1, Diff: 0.1, Sum: 0.3]
         [Termination Attempts: Min: 1, Avg: 1.0, Max: 1, Diff: 0, Sum: 4]
      [GC Worker Other (ms): Min: 0.0, Avg: 0.0, Max: 0.0, Diff: 0.0, Sum: 0.0]
      [GC Worker Total (ms): Min: 0.1, Avg: 0.6, Max: 0.8, Diff: 0.7, Sum: 2.3]
      [GC Worker End (ms): Min: 844.1, Avg: 844.2, Max: 844.2, Diff: 0.0]
   [Code Root Fixup: 0.0 ms]
   [Code Root Purge: 0.0 ms]
   [Clear CT: 0.1 ms]
   [Other: 0.6 ms]
      [Evacuation Failure: 0.1 ms]
      [Choose CSet: 0.0 ms]
      [Ref Proc: 0.2 ms]
      [Ref Enq: 0.0 ms]
      [Redirty Cards: 0.0 ms]
      [Humongous Register: 0.1 ms]
      [Humongous Reclaim: 0.0 ms]
      [Free CSet: 0.0 ms]
   [Eden: 5120.0K(17.0M)->0.0B(17.0M) Survivors: 0.0B->0.0B Heap: 282.9M(350.0M)->282.1M(350.0M)]
 [Times: user=0.00 sys=0.00, real=0.00 secs] 
2021-01-22T17:50:21.019-0800: 0.846: [GC pause (G1 Evacuation Pause) (young) (to-space exhausted), 0.0011374 secs]
   [Parallel Time: 0.6 ms, GC Workers: 4]
      [GC Worker Start (ms): Min: 846.0, Avg: 846.4, Max: 846.6, Diff: 0.6]
      [Ext Root Scanning (ms): Min: 0.0, Avg: 0.0, Max: 0.2, Diff: 0.2, Sum: 0.2]
      [Update RS (ms): Min: 0.0, Avg: 0.0, Max: 0.2, Diff: 0.2, Sum: 0.2]
         [Processed Buffers: Min: 0, Avg: 1.5, Max: 6, Diff: 6, Sum: 6]
      [Scan RS (ms): Min: 0.0, Avg: 0.0, Max: 0.0, Diff: 0.0, Sum: 0.0]
      [Code Root Scanning (ms): Min: 0.0, Avg: 0.0, Max: 0.0, Diff: 0.0, Sum: 0.0]
      [Object Copy (ms): Min: 0.0, Avg: 0.0, Max: 0.0, Diff: 0.0, Sum: 0.0]
      [Termination (ms): Min: 0.0, Avg: 0.1, Max: 0.2, Diff: 0.2, Sum: 0.3]
         [Termination Attempts: Min: 1, Avg: 1.0, Max: 1, Diff: 0, Sum: 4]
      [GC Worker Other (ms): Min: 0.0, Avg: 0.0, Max: 0.0, Diff: 0.0, Sum: 0.0]
      [GC Worker Total (ms): Min: 0.0, Avg: 0.2, Max: 0.6, Diff: 0.6, Sum: 0.8]
      [GC Worker End (ms): Min: 846.6, Avg: 846.6, Max: 846.6, Diff: 0.0]
   [Code Root Fixup: 0.0 ms]
   [Code Root Purge: 0.0 ms]
   [Clear CT: 0.0 ms]
   [Other: 0.5 ms]
      [Evacuation Failure: 0.0 ms]
      [Choose CSet: 0.0 ms]
      [Ref Proc: 0.2 ms]
      [Ref Enq: 0.0 ms]
      [Redirty Cards: 0.0 ms]
      [Humongous Register: 0.1 ms]
      [Humongous Reclaim: 0.0 ms]
      [Free CSet: 0.0 ms]
   [Eden: 1024.0K(17.0M)->0.0B(17.0M) Survivors: 0.0B->0.0B Heap: 283.1M(350.0M)->283.1M(350.0M)]
 [Times: user=0.00 sys=0.00, real=0.01 secs] 
2021-01-22T17:50:21.020-0800: 0.847: [Full GC (Allocation Failure)  283M->254M(350M), 0.0390060 secs]
   [Eden: 0.0B(17.0M)->0.0B(17.0M) Survivors: 0.0B->0.0B Heap: 283.1M(350.0M)->254.5M(350.0M)], [Metaspace: 2720K->2720K(1056768K)]
 [Times: user=0.04 sys=0.00, real=0.03 secs] 
2021-01-22T17:50:21.060-0800: 0.887: [GC pause (G1 Humongous Allocation) (young) (initial-mark), 0.0011988 secs]
   [Parallel Time: 0.8 ms, GC Workers: 4]
      [GC Worker Start (ms): Min: 886.7, Avg: 886.9, Max: 887.0, Diff: 0.3]
      [Ext Root Scanning (ms): Min: 0.0, Avg: 0.4, Max: 0.6, Diff: 0.6, Sum: 1.5]
      [Update RS (ms): Min: 0.0, Avg: 0.0, Max: 0.2, Diff: 0.2, Sum: 0.2]
         [Processed Buffers: Min: 0, Avg: 0.5, Max: 2, Diff: 2, Sum: 2]
      [Scan RS (ms): Min: 0.0, Avg: 0.0, Max: 0.0, Diff: 0.0, Sum: 0.0]
      [Code Root Scanning (ms): Min: 0.0, Avg: 0.0, Max: 0.0, Diff: 0.0, Sum: 0.0]
      [Object Copy (ms): Min: 0.0, Avg: 0.0, Max: 0.1, Diff: 0.1, Sum: 0.1]
      [Termination (ms): Min: 0.0, Avg: 0.1, Max: 0.2, Diff: 0.2, Sum: 0.3]
         [Termination Attempts: Min: 1, Avg: 1.0, Max: 1, Diff: 0, Sum: 4]
      [GC Worker Other (ms): Min: 0.0, Avg: 0.0, Max: 0.0, Diff: 0.0, Sum: 0.0]
      [GC Worker Total (ms): Min: 0.5, Avg: 0.5, Max: 0.7, Diff: 0.3, Sum: 2.1]
      [GC Worker End (ms): Min: 887.4, Avg: 887.4, Max: 887.4, Diff: 0.0]
   [Code Root Fixup: 0.0 ms]
   [Code Root Purge: 0.0 ms]
   [Clear CT: 0.0 ms]
   [Other: 0.4 ms]
      [Choose CSet: 0.0 ms]
      [Ref Proc: 0.2 ms]
      [Ref Enq: 0.0 ms]
      [Redirty Cards: 0.0 ms]
      [Humongous Register: 0.1 ms]
      [Humongous Reclaim: 0.0 ms]
      [Free CSet: 0.0 ms]
   [Eden: 2048.0K(17.0M)->0.0B(16.0M) Survivors: 0.0B->1024.0K Heap: 256.0M(350.0M)->255.0M(350.0M)]
 [Times: user=0.00 sys=0.00, real=0.00 secs] 
2021-01-22T17:50:21.061-0800: 0.888: [GC concurrent-root-region-scan-start]
2021-01-22T17:50:21.061-0800: 0.888: [GC concurrent-root-region-scan-end, 0.0000226 secs]
2021-01-22T17:50:21.061-0800: 0.888: [GC concurrent-mark-start]
2021-01-22T17:50:21.062-0800: 0.889: [GC concurrent-mark-end, 0.0014719 secs]
2021-01-22T17:50:21.063-0800: 0.890: [GC remark 2021-01-22T17:50:21.063-0800: 0.890: [Finalize Marking, 0.0002626 secs] 2021-01-22T17:50:21.063-0800: 0.890: [GC ref-proc, 0.0000292 secs] 2021-01-22T17:50:21.063-0800: 0.890: [Unloading, 0.0005969 secs], 0.0022843 secs]
 [Times: user=0.00 sys=0.00, real=0.00 secs] 
2021-01-22T17:50:21.066-0800: 0.893: [GC cleanup 265M->265M(350M), 0.0006622 secs]
 [Times: user=0.00 sys=0.00, real=0.00 secs] 
2021-01-22T17:50:21.069-0800: 0.896: [GC pause (G1 Evacuation Pause) (young), 0.0030385 secs]
   [Parallel Time: 2.6 ms, GC Workers: 4]
      [GC Worker Start (ms): Min: 896.2, Avg: 897.4, Max: 898.6, Diff: 2.5]
      [Ext Root Scanning (ms): Min: 0.0, Avg: 0.1, Max: 0.2, Diff: 0.2, Sum: 0.2]
      [Update RS (ms): Min: 0.0, Avg: 0.7, Max: 1.6, Diff: 1.6, Sum: 2.8]
         [Processed Buffers: Min: 0, Avg: 10.5, Max: 30, Diff: 30, Sum: 42]
      [Scan RS (ms): Min: 0.0, Avg: 0.0, Max: 0.0, Diff: 0.0, Sum: 0.0]
      [Code Root Scanning (ms): Min: 0.0, Avg: 0.0, Max: 0.0, Diff: 0.0, Sum: 0.0]
      [Object Copy (ms): Min: 0.0, Avg: 0.4, Max: 0.6, Diff: 0.6, Sum: 1.7]
      [Termination (ms): Min: 0.0, Avg: 0.1, Max: 0.1, Diff: 0.1, Sum: 0.3]
         [Termination Attempts: Min: 1, Avg: 1.0, Max: 1, Diff: 0, Sum: 4]
      [GC Worker Other (ms): Min: 0.0, Avg: 0.0, Max: 0.0, Diff: 0.0, Sum: 0.1]
      [GC Worker Total (ms): Min: 0.0, Avg: 1.3, Max: 2.5, Diff: 2.5, Sum: 5.1]
      [GC Worker End (ms): Min: 898.7, Avg: 898.7, Max: 898.7, Diff: 0.0]
   [Code Root Fixup: 0.0 ms]
   [Code Root Purge: 0.0 ms]
   [Clear CT: 0.0 ms]
   [Other: 0.4 ms]
      [Choose CSet: 0.0 ms]
      [Ref Proc: 0.2 ms]
      [Ref Enq: 0.0 ms]
      [Redirty Cards: 0.0 ms]
      [Humongous Register: 0.1 ms]
      [Humongous Reclaim: 0.0 ms]
      [Free CSet: 0.0 ms]
   [Eden: 16.0M(16.0M)->0.0B(14.0M) Survivors: 1024.0K->3072.0K Heap: 275.8M(350.0M)->260.3M(350.0M)]
 [Times: user=0.00 sys=0.00, real=0.01 secs] 
2021-01-22T17:50:21.073-0800: 0.900: [GC pause (G1 Humongous Allocation) (young) (initial-mark), 0.0018136 secs]
   [Parallel Time: 1.4 ms, GC Workers: 4]
      [GC Worker Start (ms): Min: 900.0, Avg: 900.2, Max: 900.3, Diff: 0.3]
      [Ext Root Scanning (ms): Min: 0.0, Avg: 0.8, Max: 1.2, Diff: 1.2, Sum: 3.1]
      [Update RS (ms): Min: 0.0, Avg: 0.0, Max: 0.2, Diff: 0.2, Sum: 0.2]
         [Processed Buffers: Min: 0, Avg: 1.2, Max: 5, Diff: 5, Sum: 5]
      [Scan RS (ms): Min: 0.0, Avg: 0.0, Max: 0.0, Diff: 0.0, Sum: 0.0]
      [Code Root Scanning (ms): Min: 0.0, Avg: 0.0, Max: 0.0, Diff: 0.0, Sum: 0.0]
      [Object Copy (ms): Min: 0.0, Avg: 0.2, Max: 0.6, Diff: 0.6, Sum: 0.7]
      [Termination (ms): Min: 0.0, Avg: 0.1, Max: 0.2, Diff: 0.2, Sum: 0.4]
         [Termination Attempts: Min: 1, Avg: 1.0, Max: 1, Diff: 0, Sum: 4]
      [GC Worker Other (ms): Min: 0.0, Avg: 0.0, Max: 0.0, Diff: 0.0, Sum: 0.0]
      [GC Worker Total (ms): Min: 1.0, Avg: 1.1, Max: 1.3, Diff: 0.3, Sum: 4.4]
      [GC Worker End (ms): Min: 901.3, Avg: 901.3, Max: 901.3, Diff: 0.0]
   [Code Root Fixup: 0.0 ms]
   [Code Root Purge: 0.0 ms]
   [Clear CT: 0.0 ms]
   [Other: 0.4 ms]
      [Choose CSet: 0.0 ms]
      [Ref Proc: 0.2 ms]
      [Ref Enq: 0.0 ms]
      [Redirty Cards: 0.0 ms]
      [Humongous Register: 0.1 ms]
      [Humongous Reclaim: 0.0 ms]
      [Free CSet: 0.0 ms]
   [Eden: 4096.0K(14.0M)->0.0B(16.0M) Survivors: 3072.0K->1024.0K Heap: 263.6M(350.0M)->260.0M(350.0M)]
 [Times: user=0.01 sys=0.00, real=0.00 secs] 
2021-01-22T17:50:21.075-0800: 0.902: [GC concurrent-root-region-scan-start]
2021-01-22T17:50:21.075-0800: 0.902: [GC concurrent-root-region-scan-end, 0.0001462 secs]
2021-01-22T17:50:21.075-0800: 0.902: [GC concurrent-mark-start]
2021-01-22T17:50:21.078-0800: 0.905: [GC concurrent-mark-end, 0.0026178 secs]
2021-01-22T17:50:21.078-0800: 0.905: [GC remark 2021-01-22T17:50:21.078-0800: 0.905: [Finalize Marking, 0.0001502 secs] 2021-01-22T17:50:21.078-0800: 0.905: [GC ref-proc, 0.0000278 secs] 2021-01-22T17:50:21.078-0800: 0.905: [Unloading, 0.0008819 secs], 0.0029578 secs]
 [Times: user=0.01 sys=0.00, real=0.01 secs] 
2021-01-22T17:50:21.081-0800: 0.908: [GC cleanup 274M->274M(350M), 0.0005497 secs]
 [Times: user=0.00 sys=0.00, real=0.00 secs] 
2021-01-22T17:50:21.083-0800: 0.910: [GC pause (G1 Evacuation Pause) (young) (to-space exhausted), 0.0026292 secs]
   [Parallel Time: 2.1 ms, GC Workers: 4]
      [GC Worker Start (ms): Min: 910.3, Avg: 911.7, Max: 912.2, Diff: 2.0]
      [Ext Root Scanning (ms): Min: 0.0, Avg: 0.0, Max: 0.2, Diff: 0.2, Sum: 0.2]
      [Update RS (ms): Min: 0.0, Avg: 0.4, Max: 1.4, Diff: 1.4, Sum: 1.4]
         [Processed Buffers: Min: 0, Avg: 8.0, Max: 32, Diff: 32, Sum: 32]
      [Scan RS (ms): Min: 0.0, Avg: 0.0, Max: 0.0, Diff: 0.0, Sum: 0.0]
      [Code Root Scanning (ms): Min: 0.0, Avg: 0.0, Max: 0.0, Diff: 0.0, Sum: 0.0]
      [Object Copy (ms): Min: 0.0, Avg: 0.1, Max: 0.3, Diff: 0.3, Sum: 0.3]
      [Termination (ms): Min: 0.0, Avg: 0.1, Max: 0.1, Diff: 0.1, Sum: 0.3]
         [Termination Attempts: Min: 1, Avg: 1.0, Max: 1, Diff: 0, Sum: 4]
      [GC Worker Other (ms): Min: 0.0, Avg: 0.0, Max: 0.0, Diff: 0.0, Sum: 0.0]
      [GC Worker Total (ms): Min: 0.0, Avg: 0.6, Max: 2.0, Diff: 2.0, Sum: 2.2]
      [GC Worker End (ms): Min: 912.3, Avg: 912.3, Max: 912.3, Diff: 0.0]
   [Code Root Fixup: 0.0 ms]
   [Code Root Purge: 0.0 ms]
   [Clear CT: 0.0 ms]
   [Other: 0.5 ms]
      [Evacuation Failure: 0.1 ms]
      [Choose CSet: 0.0 ms]
      [Ref Proc: 0.2 ms]
      [Ref Enq: 0.0 ms]
      [Redirty Cards: 0.0 ms]
      [Humongous Register: 0.1 ms]
      [Humongous Reclaim: 0.0 ms]
      [Free CSet: 0.0 ms]
   [Eden: 16.0M(16.0M)->0.0B(16.0M) Survivors: 1024.0K->1024.0K Heap: 279.7M(350.0M)->274.1M(350.0M)]
 [Times: user=0.00 sys=0.00, real=0.00 secs] 
2021-01-22T17:50:21.088-0800: 0.915: [GC pause (G1 Evacuation Pause) (mixed) (to-space exhausted), 0.0014530 secs]
   [Parallel Time: 1.0 ms, GC Workers: 4]
      [GC Worker Start (ms): Min: 915.5, Avg: 916.1, Max: 916.4, Diff: 0.9]
      [Ext Root Scanning (ms): Min: 0.0, Avg: 0.1, Max: 0.2, Diff: 0.2, Sum: 0.2]
      [Update RS (ms): Min: 0.0, Avg: 0.1, Max: 0.5, Diff: 0.5, Sum: 0.5]
         [Processed Buffers: Min: 0, Avg: 2.2, Max: 9, Diff: 9, Sum: 9]
      [Scan RS (ms): Min: 0.0, Avg: 0.0, Max: 0.0, Diff: 0.0, Sum: 0.0]
      [Code Root Scanning (ms): Min: 0.0, Avg: 0.0, Max: 0.0, Diff: 0.0, Sum: 0.0]
      [Object Copy (ms): Min: 0.0, Avg: 0.0, Max: 0.0, Diff: 0.0, Sum: 0.0]
      [Termination (ms): Min: 0.0, Avg: 0.1, Max: 0.2, Diff: 0.2, Sum: 0.3]
         [Termination Attempts: Min: 1, Avg: 1.0, Max: 1, Diff: 0, Sum: 4]
      [GC Worker Other (ms): Min: 0.0, Avg: 0.0, Max: 0.0, Diff: 0.0, Sum: 0.0]
      [GC Worker Total (ms): Min: 0.0, Avg: 0.3, Max: 0.9, Diff: 0.9, Sum: 1.1]
      [GC Worker End (ms): Min: 916.4, Avg: 916.4, Max: 916.4, Diff: 0.0]
   [Code Root Fixup: 0.0 ms]
   [Code Root Purge: 0.0 ms]
   [Clear CT: 0.0 ms]
   [Other: 0.5 ms]
      [Evacuation Failure: 0.1 ms]
      [Choose CSet: 0.0 ms]
      [Ref Proc: 0.2 ms]
      [Ref Enq: 0.0 ms]
      [Redirty Cards: 0.0 ms]
      [Humongous Register: 0.1 ms]
      [Humongous Reclaim: 0.0 ms]
      [Free CSet: 0.0 ms]
   [Eden: 9216.0K(16.0M)->0.0B(17.0M) Survivors: 1024.0K->0.0B Heap: 283.8M(350.0M)->282.8M(350.0M)]
 [Times: user=0.01 sys=0.00, real=0.01 secs] 
2021-01-22T17:50:21.090-0800: 0.917: [GC pause (G1 Evacuation Pause) (young) (to-space exhausted), 0.0009426 secs]
   [Parallel Time: 0.5 ms, GC Workers: 4]
      [GC Worker Start (ms): Min: 917.2, Avg: 917.4, Max: 917.7, Diff: 0.4]
      [Ext Root Scanning (ms): Min: 0.0, Avg: 0.1, Max: 0.2, Diff: 0.2, Sum: 0.3]
      [Update RS (ms): Min: 0.0, Avg: 0.1, Max: 0.1, Diff: 0.1, Sum: 0.3]
         [Processed Buffers: Min: 0, Avg: 1.2, Max: 3, Diff: 3, Sum: 5]
      [Scan RS (ms): Min: 0.0, Avg: 0.0, Max: 0.0, Diff: 0.0, Sum: 0.0]
      [Code Root Scanning (ms): Min: 0.0, Avg: 0.0, Max: 0.0, Diff: 0.0, Sum: 0.0]
      [Object Copy (ms): Min: 0.0, Avg: 0.0, Max: 0.0, Diff: 0.0, Sum: 0.0]
      [Termination (ms): Min: 0.0, Avg: 0.1, Max: 0.2, Diff: 0.2, Sum: 0.4]
         [Termination Attempts: Min: 1, Avg: 1.2, Max: 2, Diff: 1, Sum: 5]
      [GC Worker Other (ms): Min: 0.0, Avg: 0.0, Max: 0.0, Diff: 0.0, Sum: 0.0]
      [GC Worker Total (ms): Min: 0.0, Avg: 0.3, Max: 0.4, Diff: 0.4, Sum: 1.0]
      [GC Worker End (ms): Min: 917.7, Avg: 917.7, Max: 917.7, Diff: 0.0]
   [Code Root Fixup: 0.0 ms]
   [Code Root Purge: 0.0 ms]
   [Clear CT: 0.0 ms]
   [Other: 0.4 ms]
      [Evacuation Failure: 0.0 ms]
      [Choose CSet: 0.0 ms]
      [Ref Proc: 0.3 ms]
      [Ref Enq: 0.0 ms]
      [Redirty Cards: 0.0 ms]
      [Humongous Register: 0.1 ms]
      [Humongous Reclaim: 0.0 ms]
      [Free CSet: 0.0 ms]
   [Eden: 1024.0K(17.0M)->0.0B(17.0M) Survivors: 0.0B->0.0B Heap: 283.8M(350.0M)->283.8M(350.0M)]
 [Times: user=0.00 sys=0.00, real=0.00 secs] 
2021-01-22T17:50:21.091-0800: 0.918: [Full GC (Allocation Failure)  283M->257M(350M), 0.0395289 secs]
   [Eden: 0.0B(17.0M)->0.0B(17.0M) Survivors: 0.0B->0.0B Heap: 283.8M(350.0M)->257.2M(350.0M)], [Metaspace: 2720K->2720K(1056768K)]
 [Times: user=0.03 sys=0.00, real=0.04 secs] 
2021-01-22T17:50:21.132-0800: 0.959: [GC pause (G1 Humongous Allocation) (young) (initial-mark), 0.0013872 secs]
   [Parallel Time: 0.9 ms, GC Workers: 4]
      [GC Worker Start (ms): Min: 959.2, Avg: 959.4, Max: 959.5, Diff: 0.3]
      [Ext Root Scanning (ms): Min: 0.0, Avg: 0.5, Max: 0.8, Diff: 0.8, Sum: 1.9]
      [Update RS (ms): Min: 0.0, Avg: 0.1, Max: 0.2, Diff: 0.2, Sum: 0.2]
         [Processed Buffers: Min: 0, Avg: 0.5, Max: 2, Diff: 2, Sum: 2]
      [Scan RS (ms): Min: 0.0, Avg: 0.0, Max: 0.0, Diff: 0.0, Sum: 0.0]
      [Code Root Scanning (ms): Min: 0.0, Avg: 0.0, Max: 0.0, Diff: 0.0, Sum: 0.0]
      [Object Copy (ms): Min: 0.0, Avg: 0.1, Max: 0.2, Diff: 0.2, Sum: 0.2]
      [Termination (ms): Min: 0.0, Avg: 0.1, Max: 0.2, Diff: 0.2, Sum: 0.4]
         [Termination Attempts: Min: 1, Avg: 1.0, Max: 1, Diff: 0, Sum: 4]
      [GC Worker Other (ms): Min: 0.0, Avg: 0.0, Max: 0.0, Diff: 0.0, Sum: 0.0]
      [GC Worker Total (ms): Min: 0.6, Avg: 0.7, Max: 0.9, Diff: 0.3, Sum: 2.8]
      [GC Worker End (ms): Min: 960.1, Avg: 960.1, Max: 960.1, Diff: 0.0]
   [Code Root Fixup: 0.0 ms]
   [Code Root Purge: 0.0 ms]
   [Clear CT: 0.0 ms]
   [Other: 0.4 ms]
      [Choose CSet: 0.0 ms]
      [Ref Proc: 0.2 ms]
      [Ref Enq: 0.0 ms]
      [Redirty Cards: 0.0 ms]
      [Humongous Register: 0.1 ms]
      [Humongous Reclaim: 0.0 ms]
      [Free CSet: 0.0 ms]
   [Eden: 5120.0K(17.0M)->0.0B(15.0M) Survivors: 0.0B->2048.0K Heap: 261.6M(350.0M)->258.6M(350.0M)]
 [Times: user=0.00 sys=0.00, real=0.00 secs] 
2021-01-22T17:50:21.134-0800: 0.961: [GC concurrent-root-region-scan-start]
2021-01-22T17:50:21.134-0800: 0.961: [GC concurrent-root-region-scan-end, 0.0001225 secs]
2021-01-22T17:50:21.134-0800: 0.961: [GC concurrent-mark-start]
2021-01-22T17:50:21.136-0800: 0.963: [GC concurrent-mark-end, 0.0024126 secs]
2021-01-22T17:50:21.136-0800: 0.963: [GC remark 2021-01-22T17:50:21.136-0800: 0.963: [Finalize Marking, 0.0002354 secs] 2021-01-22T17:50:21.137-0800: 0.964: [GC ref-proc, 0.0000298 secs] 2021-01-22T17:50:21.137-0800: 0.964: [Unloading, 0.0010292 secs], 0.0028952 secs]
 [Times: user=0.01 sys=0.00, real=0.00 secs] 
2021-01-22T17:50:21.139-0800: 0.966: [GC cleanup 273M->273M(350M), 0.0005654 secs]
 [Times: user=0.00 sys=0.00, real=0.01 secs] 
2021-01-22T17:50:21.142-0800: 0.969: [GC pause (G1 Humongous Allocation) (young) (to-space exhausted), 0.0028906 secs]
   [Parallel Time: 2.4 ms, GC Workers: 4]
      [GC Worker Start (ms): Min: 968.7, Avg: 970.1, Max: 970.7, Diff: 2.0]
      [Ext Root Scanning (ms): Min: 0.0, Avg: 0.1, Max: 0.2, Diff: 0.2, Sum: 0.2]
      [Update RS (ms): Min: 0.3, Avg: 0.9, Max: 2.1, Diff: 1.8, Sum: 3.6]
         [Processed Buffers: Min: 4, Avg: 14.0, Max: 37, Diff: 33, Sum: 56]
      [Scan RS (ms): Min: 0.0, Avg: 0.0, Max: 0.0, Diff: 0.0, Sum: 0.0]
      [Code Root Scanning (ms): Min: 0.0, Avg: 0.0, Max: 0.0, Diff: 0.0, Sum: 0.0]
      [Object Copy (ms): Min: 0.0, Avg: 0.1, Max: 0.1, Diff: 0.0, Sum: 0.2]
      [Termination (ms): Min: 0.0, Avg: 0.0, Max: 0.0, Diff: 0.0, Sum: 0.1]
         [Termination Attempts: Min: 1, Avg: 1.0, Max: 1, Diff: 0, Sum: 4]
      [GC Worker Other (ms): Min: 0.0, Avg: 0.0, Max: 0.0, Diff: 0.0, Sum: 0.0]
      [GC Worker Total (ms): Min: 0.4, Avg: 1.0, Max: 2.4, Diff: 2.0, Sum: 4.2]
      [GC Worker End (ms): Min: 971.1, Avg: 971.1, Max: 971.1, Diff: 0.0]
   [Code Root Fixup: 0.0 ms]
   [Code Root Purge: 0.0 ms]
   [Clear CT: 0.0 ms]
   [Other: 0.4 ms]
      [Evacuation Failure: 0.1 ms]
      [Choose CSet: 0.0 ms]
      [Ref Proc: 0.1 ms]
      [Ref Enq: 0.0 ms]
      [Redirty Cards: 0.0 ms]
      [Humongous Register: 0.1 ms]
      [Humongous Reclaim: 0.0 ms]
      [Free CSet: 0.0 ms]
   [Eden: 14.0M(15.0M)->0.0B(17.0M) Survivors: 2048.0K->0.0B Heap: 278.8M(350.0M)->274.7M(350.0M)]
 [Times: user=0.00 sys=0.00, real=0.00 secs] 
2021-01-22T17:50:21.145-0800: 0.972: [GC pause (G1 Humongous Allocation) (young) (initial-mark), 0.0013557 secs]
   [Parallel Time: 1.0 ms, GC Workers: 4]
      [GC Worker Start (ms): Min: 972.1, Avg: 972.3, Max: 972.4, Diff: 0.2]
      [Ext Root Scanning (ms): Min: 0.0, Avg: 0.5, Max: 0.8, Diff: 0.8, Sum: 2.0]
      [Update RS (ms): Min: 0.0, Avg: 0.1, Max: 0.4, Diff: 0.4, Sum: 0.4]
         [Processed Buffers: Min: 0, Avg: 3.5, Max: 14, Diff: 14, Sum: 14]
      [Scan RS (ms): Min: 0.0, Avg: 0.0, Max: 0.0, Diff: 0.0, Sum: 0.0]
      [Code Root Scanning (ms): Min: 0.0, Avg: 0.0, Max: 0.0, Diff: 0.0, Sum: 0.0]
      [Object Copy (ms): Min: 0.0, Avg: 0.0, Max: 0.1, Diff: 0.1, Sum: 0.1]
      [Termination (ms): Min: 0.0, Avg: 0.1, Max: 0.2, Diff: 0.2, Sum: 0.3]
         [Termination Attempts: Min: 1, Avg: 1.0, Max: 1, Diff: 0, Sum: 4]
      [GC Worker Other (ms): Min: 0.0, Avg: 0.0, Max: 0.0, Diff: 0.0, Sum: 0.0]
      [GC Worker Total (ms): Min: 0.6, Avg: 0.7, Max: 0.9, Diff: 0.2, Sum: 2.9]
      [GC Worker End (ms): Min: 973.0, Avg: 973.0, Max: 973.1, Diff: 0.0]
   [Code Root Fixup: 0.0 ms]
   [Code Root Purge: 0.0 ms]
   [Clear CT: 0.0 ms]
   [Other: 0.3 ms]
      [Choose CSet: 0.0 ms]
      [Ref Proc: 0.1 ms]
      [Ref Enq: 0.0 ms]
      [Redirty Cards: 0.0 ms]
      [Humongous Register: 0.1 ms]
      [Humongous Reclaim: 0.0 ms]
      [Free CSet: 0.0 ms]
   [Eden: 2048.0K(17.0M)->0.0B(16.0M) Survivors: 0.0B->1024.0K Heap: 276.6M(350.0M)->275.1M(350.0M)]
 [Times: user=0.00 sys=0.01, real=0.00 secs] 
2021-01-22T17:50:21.147-0800: 0.973: [GC concurrent-root-region-scan-start]
2021-01-22T17:50:21.147-0800: 0.974: [GC concurrent-root-region-scan-end, 0.0000226 secs]
2021-01-22T17:50:21.147-0800: 0.974: [GC concurrent-mark-start]
2021-01-22T17:50:21.148-0800: 0.975: [GC pause (G1 Evacuation Pause) (young) (to-space exhausted), 0.0013799 secs]
   [Parallel Time: 0.9 ms, GC Workers: 4]
      [GC Worker Start (ms): Min: 974.9, Avg: 975.5, Max: 975.8, Diff: 0.8]
      [Ext Root Scanning (ms): Min: 0.0, Avg: 0.1, Max: 0.2, Diff: 0.2, Sum: 0.2]
      [Update RS (ms): Min: 0.0, Avg: 0.1, Max: 0.4, Diff: 0.4, Sum: 0.4]
         [Processed Buffers: Min: 0, Avg: 2.2, Max: 9, Diff: 9, Sum: 9]
      [Scan RS (ms): Min: 0.0, Avg: 0.0, Max: 0.0, Diff: 0.0, Sum: 0.0]
      [Code Root Scanning (ms): Min: 0.0, Avg: 0.0, Max: 0.0, Diff: 0.0, Sum: 0.0]
      [Object Copy (ms): Min: 0.0, Avg: 0.0, Max: 0.0, Diff: 0.0, Sum: 0.0]
      [Termination (ms): Min: 0.0, Avg: 0.1, Max: 0.2, Diff: 0.2, Sum: 0.4]
         [Termination Attempts: Min: 1, Avg: 1.0, Max: 1, Diff: 0, Sum: 4]
      [GC Worker Other (ms): Min: 0.0, Avg: 0.0, Max: 0.0, Diff: 0.0, Sum: 0.0]
      [GC Worker Total (ms): Min: 0.0, Avg: 0.3, Max: 0.9, Diff: 0.9, Sum: 1.1]
      [GC Worker End (ms): Min: 975.8, Avg: 975.8, Max: 975.8, Diff: 0.0]
   [Code Root Fixup: 0.0 ms]
   [Code Root Purge: 0.0 ms]
   [Clear CT: 0.0 ms]
   [Other: 0.5 ms]
      [Evacuation Failure: 0.1 ms]
      [Choose CSet: 0.0 ms]
      [Ref Proc: 0.2 ms]
      [Ref Enq: 0.0 ms]
      [Redirty Cards: 0.0 ms]
      [Humongous Register: 0.1 ms]
      [Humongous Reclaim: 0.0 ms]
      [Free CSet: 0.0 ms]
   [Eden: 4096.0K(16.0M)->0.0B(17.0M) Survivors: 1024.0K->0.0B Heap: 279.8M(350.0M)->279.1M(350.0M)]
 [Times: user=0.00 sys=0.00, real=0.00 secs] 
2021-01-22T17:50:21.150-0800: 0.977: [GC pause (G1 Humongous Allocation) (young) (to-space exhausted), 0.0009629 secs]
   [Parallel Time: 0.5 ms, GC Workers: 4]
      [GC Worker Start (ms): Min: 976.7, Avg: 977.1, Max: 977.2, Diff: 0.5]
      [Ext Root Scanning (ms): Min: 0.0, Avg: 0.0, Max: 0.2, Diff: 0.2, Sum: 0.2]
      [Update RS (ms): Min: 0.0, Avg: 0.0, Max: 0.2, Diff: 0.2, Sum: 0.2]
         [Processed Buffers: Min: 0, Avg: 1.0, Max: 4, Diff: 4, Sum: 4]
      [Scan RS (ms): Min: 0.0, Avg: 0.0, Max: 0.0, Diff: 0.0, Sum: 0.0]
      [Code Root Scanning (ms): Min: 0.0, Avg: 0.0, Max: 0.0, Diff: 0.0, Sum: 0.0]
      [Object Copy (ms): Min: 0.0, Avg: 0.0, Max: 0.0, Diff: 0.0, Sum: 0.0]
      [Termination (ms): Min: 0.0, Avg: 0.1, Max: 0.2, Diff: 0.2, Sum: 0.3]
         [Termination Attempts: Min: 1, Avg: 1.0, Max: 1, Diff: 0, Sum: 4]
      [GC Worker Other (ms): Min: 0.0, Avg: 0.0, Max: 0.0, Diff: 0.0, Sum: 0.0]
      [GC Worker Total (ms): Min: 0.0, Avg: 0.2, Max: 0.5, Diff: 0.5, Sum: 0.7]
      [GC Worker End (ms): Min: 977.2, Avg: 977.2, Max: 977.2, Diff: 0.0]
   [Code Root Fixup: 0.0 ms]
   [Code Root Purge: 0.0 ms]
   [Clear CT: 0.0 ms]
   [Other: 0.4 ms]
      [Evacuation Failure: 0.0 ms]
      [Choose CSet: 0.0 ms]
      [Ref Proc: 0.2 ms]
      [Ref Enq: 0.0 ms]
      [Redirty Cards: 0.0 ms]
      [Humongous Register: 0.1 ms]
      [Humongous Reclaim: 0.0 ms]
      [Free CSet: 0.0 ms]
   [Eden: 1024.0K(17.0M)->0.0B(17.0M) Survivors: 0.0B->0.0B Heap: 279.8M(350.0M)->279.2M(350.0M)]
 [Times: user=0.00 sys=0.00, real=0.00 secs] 
2021-01-22T17:50:21.151-0800: 0.978: [GC pause (G1 Evacuation Pause) (young), 0.0011310 secs]
   [Parallel Time: 0.8 ms, GC Workers: 4]
      [GC Worker Start (ms): Min: 977.9, Avg: 978.4, Max: 978.7, Diff: 0.7]
      [Ext Root Scanning (ms): Min: 0.0, Avg: 0.0, Max: 0.2, Diff: 0.2, Sum: 0.2]
      [Update RS (ms): Min: 0.0, Avg: 0.1, Max: 0.4, Diff: 0.4, Sum: 0.4]
         [Processed Buffers: Min: 0, Avg: 2.0, Max: 8, Diff: 8, Sum: 8]
      [Scan RS (ms): Min: 0.0, Avg: 0.0, Max: 0.0, Diff: 0.0, Sum: 0.0]
      [Code Root Scanning (ms): Min: 0.0, Avg: 0.0, Max: 0.0, Diff: 0.0, Sum: 0.0]
      [Object Copy (ms): Min: 0.0, Avg: 0.0, Max: 0.0, Diff: 0.0, Sum: 0.0]
      [Termination (ms): Min: 0.0, Avg: 0.1, Max: 0.2, Diff: 0.2, Sum: 0.3]
         [Termination Attempts: Min: 1, Avg: 1.0, Max: 1, Diff: 0, Sum: 4]
      [GC Worker Other (ms): Min: 0.0, Avg: 0.0, Max: 0.0, Diff: 0.0, Sum: 0.0]
      [GC Worker Total (ms): Min: 0.0, Avg: 0.2, Max: 0.7, Diff: 0.7, Sum: 0.9]
      [GC Worker End (ms): Min: 978.7, Avg: 978.7, Max: 978.7, Diff: 0.0]
   [Code Root Fixup: 0.0 ms]
   [Code Root Purge: 0.0 ms]
   [Clear CT: 0.0 ms]
   [Other: 0.3 ms]
      [Choose CSet: 0.0 ms]
      [Ref Proc: 0.2 ms]
      [Ref Enq: 0.0 ms]
      [Redirty Cards: 0.0 ms]
      [Humongous Register: 0.1 ms]
      [Humongous Reclaim: 0.0 ms]
      [Free CSet: 0.0 ms]
   [Eden: 0.0B(17.0M)->0.0B(17.0M) Survivors: 0.0B->0.0B Heap: 279.9M(350.0M)->279.2M(350.0M)]
 [Times: user=0.00 sys=0.00, real=0.00 secs] 
2021-01-22T17:50:21.152-0800: 0.979: [GC concurrent-mark-end, 0.0057644 secs]
2021-01-22T17:50:21.152-0800: 0.979: [GC remark 2021-01-22T17:50:21.152-0800: 0.979: [Finalize Marking, 0.0002492 secs] 2021-01-22T17:50:21.153-0800: 0.980: [GC ref-proc, 0.0000266 secs] 2021-01-22T17:50:21.153-0800: 0.980: [Unloading, 0.0008186 secs], 0.0025773 secs]
 [Times: user=0.01 sys=0.00, real=0.00 secs] 
2021-01-22T17:50:21.155-0800: 0.982: [GC cleanup 279M->279M(350M), 0.0006065 secs]
 [Times: user=0.00 sys=0.00, real=0.00 secs] 
2021-01-22T17:50:21.156-0800: 0.983: [GC pause (G1 Evacuation Pause) (young) (to-space exhausted), 0.0010117 secs]
   [Parallel Time: 0.6 ms, GC Workers: 4]
      [GC Worker Start (ms): Min: 983.3, Avg: 983.7, Max: 983.9, Diff: 0.5]
      [Ext Root Scanning (ms): Min: 0.0, Avg: 0.0, Max: 0.2, Diff: 0.2, Sum: 0.2]
      [Update RS (ms): Min: 0.0, Avg: 0.0, Max: 0.2, Diff: 0.2, Sum: 0.2]
         [Processed Buffers: Min: 0, Avg: 0.8, Max: 3, Diff: 3, Sum: 3]
      [Scan RS (ms): Min: 0.0, Avg: 0.0, Max: 0.0, Diff: 0.0, Sum: 0.0]
      [Code Root Scanning (ms): Min: 0.0, Avg: 0.0, Max: 0.0, Diff: 0.0, Sum: 0.0]
      [Object Copy (ms): Min: 0.0, Avg: 0.0, Max: 0.0, Diff: 0.0, Sum: 0.0]
      [Termination (ms): Min: 0.0, Avg: 0.1, Max: 0.2, Diff: 0.2, Sum: 0.3]
         [Termination Attempts: Min: 1, Avg: 1.0, Max: 1, Diff: 0, Sum: 4]
      [GC Worker Other (ms): Min: 0.0, Avg: 0.0, Max: 0.0, Diff: 0.0, Sum: 0.0]
      [GC Worker Total (ms): Min: 0.0, Avg: 0.2, Max: 0.6, Diff: 0.6, Sum: 0.7]
      [GC Worker End (ms): Min: 983.9, Avg: 983.9, Max: 983.9, Diff: 0.0]
   [Code Root Fixup: 0.0 ms]
   [Code Root Purge: 0.0 ms]
   [Clear CT: 0.0 ms]
   [Other: 0.4 ms]
      [Evacuation Failure: 0.0 ms]
      [Choose CSet: 0.0 ms]
      [Ref Proc: 0.2 ms]
      [Ref Enq: 0.0 ms]
      [Redirty Cards: 0.0 ms]
      [Humongous Register: 0.1 ms]
      [Humongous Reclaim: 0.0 ms]
      [Free CSet: 0.0 ms]
   [Eden: 1024.0K(17.0M)->0.0B(17.0M) Survivors: 0.0B->0.0B Heap: 280.2M(350.0M)->280.2M(350.0M)]
 [Times: user=0.00 sys=0.00, real=0.00 secs] 
2021-01-22T17:50:21.157-0800: 0.984: [Full GC (Allocation Failure)  280M->262M(350M), 0.0373689 secs]
   [Eden: 0.0B(17.0M)->0.0B(17.0M) Survivors: 0.0B->0.0B Heap: 280.2M(350.0M)->262.7M(350.0M)], [Metaspace: 2720K->2720K(1056768K)]
 [Times: user=0.04 sys=0.00, real=0.04 secs] 
2021-01-22T17:50:21.195-0800: 1.022: [GC pause (G1 Humongous Allocation) (young) (initial-mark), 0.0009680 secs]
   [Parallel Time: 0.7 ms, GC Workers: 4]
      [GC Worker Start (ms): Min: 1022.2, Avg: 1022.2, Max: 1022.2, Diff: 0.0]
      [Ext Root Scanning (ms): Min: 0.3, Avg: 0.3, Max: 0.4, Diff: 0.1, Sum: 1.2]
      [Update RS (ms): Min: 0.0, Avg: 0.1, Max: 0.4, Diff: 0.4, Sum: 0.4]
         [Processed Buffers: Min: 0, Avg: 0.5, Max: 1, Diff: 1, Sum: 2]
      [Scan RS (ms): Min: 0.0, Avg: 0.0, Max: 0.0, Diff: 0.0, Sum: 0.0]
      [Code Root Scanning (ms): Min: 0.0, Avg: 0.0, Max: 0.0, Diff: 0.0, Sum: 0.0]
      [Object Copy (ms): Min: 0.0, Avg: 0.0, Max: 0.1, Diff: 0.1, Sum: 0.1]
      [Termination (ms): Min: 0.0, Avg: 0.2, Max: 0.3, Diff: 0.3, Sum: 0.8]
         [Termination Attempts: Min: 1, Avg: 1.0, Max: 1, Diff: 0, Sum: 4]
      [GC Worker Other (ms): Min: 0.0, Avg: 0.0, Max: 0.0, Diff: 0.0, Sum: 0.0]
      [GC Worker Total (ms): Min: 0.6, Avg: 0.6, Max: 0.7, Diff: 0.0, Sum: 2.6]
      [GC Worker End (ms): Min: 1022.8, Avg: 1022.8, Max: 1022.8, Diff: 0.0]
   [Code Root Fixup: 0.0 ms]
   [Code Root Purge: 0.0 ms]
   [Clear CT: 0.0 ms]
   [Other: 0.2 ms]
      [Choose CSet: 0.0 ms]
      [Ref Proc: 0.1 ms]
      [Ref Enq: 0.0 ms]
      [Redirty Cards: 0.0 ms]
      [Humongous Register: 0.1 ms]
      [Humongous Reclaim: 0.0 ms]
      [Free CSet: 0.0 ms]
   [Eden: 1024.0K(17.0M)->0.0B(16.0M) Survivors: 0.0B->1024.0K Heap: 263.2M(350.0M)->262.9M(350.0M)]
 [Times: user=0.00 sys=0.00, real=0.00 secs] 
2021-01-22T17:50:21.196-0800: 1.023: [GC concurrent-root-region-scan-start]
2021-01-22T17:50:21.196-0800: 1.023: [GC concurrent-root-region-scan-end, 0.0000275 secs]
2021-01-22T17:50:21.196-0800: 1.023: [GC concurrent-mark-start]
2021-01-22T17:50:21.199-0800: 1.026: [GC concurrent-mark-end, 0.0024967 secs]
2021-01-22T17:50:21.199-0800: 1.026: [GC remark 2021-01-22T17:50:21.199-0800: 1.026: [Finalize Marking, 0.0001917 secs] 2021-01-22T17:50:21.199-0800: 1.026: [GC ref-proc, 0.0000424 secs] 2021-01-22T17:50:21.199-0800: 1.026: [Unloading, 0.0005700 secs], 0.0021353 secs]
 [Times: user=0.01 sys=0.00, real=0.01 secs] 
2021-01-22T17:50:21.203-0800: 1.030: [GC pause (G1 Evacuation Pause) (young) (to-space exhausted), 0.0015785 secs]
   [Parallel Time: 1.0 ms, GC Workers: 4]
      [GC Worker Start (ms): Min: 1030.1, Avg: 1030.4, Max: 1030.6, Diff: 0.5]
      [Ext Root Scanning (ms): Min: 0.0, Avg: 0.1, Max: 0.3, Diff: 0.3, Sum: 0.3]
      [Update RS (ms): Min: 0.4, Avg: 0.4, Max: 0.5, Diff: 0.2, Sum: 1.7]
         [Processed Buffers: Min: 2, Avg: 5.8, Max: 11, Diff: 9, Sum: 23]
      [Scan RS (ms): Min: 0.0, Avg: 0.0, Max: 0.0, Diff: 0.0, Sum: 0.0]
      [Code Root Scanning (ms): Min: 0.0, Avg: 0.0, Max: 0.0, Diff: 0.0, Sum: 0.0]
      [Object Copy (ms): Min: 0.0, Avg: 0.0, Max: 0.1, Diff: 0.1, Sum: 0.2]
      [Termination (ms): Min: 0.0, Avg: 0.0, Max: 0.0, Diff: 0.0, Sum: 0.1]
         [Termination Attempts: Min: 1, Avg: 1.0, Max: 1, Diff: 0, Sum: 4]
      [GC Worker Other (ms): Min: 0.0, Avg: 0.0, Max: 0.0, Diff: 0.0, Sum: 0.1]
      [GC Worker Total (ms): Min: 0.4, Avg: 0.6, Max: 0.9, Diff: 0.5, Sum: 2.3]
      [GC Worker End (ms): Min: 1031.0, Avg: 1031.0, Max: 1031.0, Diff: 0.0]
   [Code Root Fixup: 0.0 ms]
   [Code Root Purge: 0.0 ms]
   [Clear CT: 0.1 ms]
   [Other: 0.5 ms]
      [Evacuation Failure: 0.1 ms]
      [Choose CSet: 0.0 ms]
      [Ref Proc: 0.1 ms]
      [Ref Enq: 0.0 ms]
      [Redirty Cards: 0.1 ms]
      [Humongous Register: 0.1 ms]
      [Humongous Reclaim: 0.0 ms]
      [Free CSet: 0.1 ms]
   [Eden: 14.0M(16.0M)->0.0B(17.0M) Survivors: 1024.0K->0.0B Heap: 279.3M(350.0M)->276.4M(350.0M)]
 [Times: user=0.00 sys=0.00, real=0.00 secs] 
2021-01-22T17:50:21.205-0800: 1.032: [GC cleanup 276M->276M(350M), 0.0005671 secs]
 [Times: user=0.00 sys=0.00, real=0.00 secs] 
2021-01-22T17:50:21.207-0800: 1.034: [GC pause (G1 Humongous Allocation) (young) (to-space exhausted), 0.0009468 secs]
   [Parallel Time: 0.4 ms, GC Workers: 4]
      [GC Worker Start (ms): Min: 1033.8, Avg: 1033.8, Max: 1034.1, Diff: 0.3]
      [Ext Root Scanning (ms): Min: 0.0, Avg: 0.1, Max: 0.2, Diff: 0.2, Sum: 0.5]
      [Update RS (ms): Min: 0.0, Avg: 0.1, Max: 0.1, Diff: 0.1, Sum: 0.3]
         [Processed Buffers: Min: 0, Avg: 2.2, Max: 4, Diff: 4, Sum: 9]
      [Scan RS (ms): Min: 0.0, Avg: 0.0, Max: 0.0, Diff: 0.0, Sum: 0.0]
      [Code Root Scanning (ms): Min: 0.0, Avg: 0.0, Max: 0.0, Diff: 0.0, Sum: 0.0]
      [Object Copy (ms): Min: 0.0, Avg: 0.0, Max: 0.0, Diff: 0.0, Sum: 0.1]
      [Termination (ms): Min: 0.0, Avg: 0.0, Max: 0.0, Diff: 0.0, Sum: 0.1]
         [Termination Attempts: Min: 1, Avg: 1.0, Max: 1, Diff: 0, Sum: 4]
      [GC Worker Other (ms): Min: 0.0, Avg: 0.0, Max: 0.0, Diff: 0.0, Sum: 0.0]
      [GC Worker Total (ms): Min: 0.0, Avg: 0.3, Max: 0.3, Diff: 0.3, Sum: 1.0]
      [GC Worker End (ms): Min: 1034.1, Avg: 1034.1, Max: 1034.1, Diff: 0.0]
   [Code Root Fixup: 0.0 ms]
   [Code Root Purge: 0.0 ms]
   [Clear CT: 0.0 ms]
   [Other: 0.5 ms]
      [Evacuation Failure: 0.1 ms]
      [Choose CSet: 0.0 ms]
      [Ref Proc: 0.3 ms]
      [Ref Enq: 0.0 ms]
      [Redirty Cards: 0.0 ms]
      [Humongous Register: 0.1 ms]
      [Humongous Reclaim: 0.0 ms]
      [Free CSet: 0.0 ms]
   [Eden: 4096.0K(17.0M)->0.0B(17.0M) Survivors: 0.0B->0.0B Heap: 280.4M(350.0M)->278.3M(350.0M)]
 [Times: user=0.00 sys=0.00, real=0.00 secs] 
2021-01-22T17:50:21.208-0800: 1.035: [GC pause (G1 Humongous Allocation) (young) (initial-mark) (to-space exhausted), 0.0012141 secs]
   [Parallel Time: 0.6 ms, GC Workers: 4]
      [GC Worker Start (ms): Min: 1035.5, Avg: 1035.7, Max: 1035.8, Diff: 0.3]
      [Ext Root Scanning (ms): Min: 0.0, Avg: 0.2, Max: 0.3, Diff: 0.3, Sum: 0.7]
      [Update RS (ms): Min: 0.0, Avg: 0.2, Max: 0.2, Diff: 0.2, Sum: 0.6]
         [Processed Buffers: Min: 0, Avg: 3.0, Max: 5, Diff: 5, Sum: 12]
      [Scan RS (ms): Min: 0.0, Avg: 0.0, Max: 0.0, Diff: 0.0, Sum: 0.0]
      [Code Root Scanning (ms): Min: 0.0, Avg: 0.0, Max: 0.0, Diff: 0.0, Sum: 0.0]
      [Object Copy (ms): Min: 0.0, Avg: 0.0, Max: 0.0, Diff: 0.0, Sum: 0.0]
      [Termination (ms): Min: 0.0, Avg: 0.1, Max: 0.1, Diff: 0.1, Sum: 0.3]
         [Termination Attempts: Min: 1, Avg: 1.0, Max: 1, Diff: 0, Sum: 4]
      [GC Worker Other (ms): Min: 0.0, Avg: 0.0, Max: 0.0, Diff: 0.0, Sum: 0.0]
      [GC Worker Total (ms): Min: 0.3, Avg: 0.4, Max: 0.6, Diff: 0.3, Sum: 1.7]
      [GC Worker End (ms): Min: 1036.1, Avg: 1036.1, Max: 1036.1, Diff: 0.0]
   [Code Root Fixup: 0.0 ms]
   [Code Root Purge: 0.0 ms]
   [Clear CT: 0.0 ms]
   [Other: 0.5 ms]
      [Evacuation Failure: 0.1 ms]
      [Choose CSet: 0.0 ms]
      [Ref Proc: 0.2 ms]
      [Ref Enq: 0.0 ms]
      [Redirty Cards: 0.1 ms]
      [Humongous Register: 0.1 ms]
      [Humongous Reclaim: 0.0 ms]
      [Free CSet: 0.0 ms]
   [Eden: 2048.0K(17.0M)->0.0B(17.0M) Survivors: 0.0B->0.0B Heap: 280.7M(350.0M)->279.2M(350.0M)]
 [Times: user=0.00 sys=0.00, real=0.01 secs] 
2021-01-22T17:50:21.210-0800: 1.037: [GC concurrent-root-region-scan-start]
2021-01-22T17:50:21.210-0800: 1.037: [GC concurrent-root-region-scan-end, 0.0000138 secs]
2021-01-22T17:50:21.210-0800: 1.037: [GC concurrent-mark-start]
2021-01-22T17:50:21.210-0800: 1.037: [GC pause (G1 Humongous Allocation) (young) (to-space exhausted), 0.0013304 secs]
   [Parallel Time: 0.9 ms, GC Workers: 4]
      [GC Worker Start (ms): Min: 1037.5, Avg: 1038.1, Max: 1038.3, Diff: 0.8]
      [Ext Root Scanning (ms): Min: 0.0, Avg: 0.0, Max: 0.2, Diff: 0.2, Sum: 0.2]
      [Update RS (ms): Min: 0.0, Avg: 0.1, Max: 0.4, Diff: 0.4, Sum: 0.4]
         [Processed Buffers: Min: 0, Avg: 2.8, Max: 11, Diff: 11, Sum: 11]
      [Scan RS (ms): Min: 0.0, Avg: 0.0, Max: 0.0, Diff: 0.0, Sum: 0.0]
      [Code Root Scanning (ms): Min: 0.0, Avg: 0.0, Max: 0.0, Diff: 0.0, Sum: 0.0]
      [Object Copy (ms): Min: 0.0, Avg: 0.0, Max: 0.0, Diff: 0.0, Sum: 0.0]
      [Termination (ms): Min: 0.0, Avg: 0.1, Max: 0.2, Diff: 0.2, Sum: 0.3]
         [Termination Attempts: Min: 1, Avg: 1.0, Max: 1, Diff: 0, Sum: 4]
      [GC Worker Other (ms): Min: 0.0, Avg: 0.0, Max: 0.0, Diff: 0.0, Sum: 0.0]
      [GC Worker Total (ms): Min: 0.0, Avg: 0.2, Max: 0.8, Diff: 0.8, Sum: 0.9]
      [GC Worker End (ms): Min: 1038.3, Avg: 1038.3, Max: 1038.3, Diff: 0.0]
   [Code Root Fixup: 0.0 ms]
   [Code Root Purge: 0.0 ms]
   [Clear CT: 0.0 ms]
   [Other: 0.4 ms]
      [Evacuation Failure: 0.1 ms]
      [Choose CSet: 0.0 ms]
      [Ref Proc: 0.2 ms]
      [Ref Enq: 0.0 ms]
      [Redirty Cards: 0.0 ms]
      [Humongous Register: 0.1 ms]
      [Humongous Reclaim: 0.0 ms]
      [Free CSet: 0.0 ms]
   [Eden: 1024.0K(17.0M)->0.0B(17.0M) Survivors: 0.0B->0.0B Heap: 280.5M(350.0M)->279.8M(350.0M)]
 [Times: user=0.00 sys=0.00, real=0.00 secs] 
2021-01-22T17:50:21.212-0800: 1.039: [GC pause (G1 Evacuation Pause) (young), 0.0009996 secs]
   [Parallel Time: 0.5 ms, GC Workers: 4]
      [GC Worker Start (ms): Min: 1039.2, Avg: 1039.2, Max: 1039.3, Diff: 0.1]
      [Ext Root Scanning (ms): Min: 0.1, Avg: 0.2, Max: 0.4, Diff: 0.3, Sum: 0.8]
      [Update RS (ms): Min: 0.0, Avg: 0.1, Max: 0.2, Diff: 0.2, Sum: 0.6]
         [Processed Buffers: Min: 0, Avg: 1.8, Max: 3, Diff: 3, Sum: 7]
      [Scan RS (ms): Min: 0.0, Avg: 0.0, Max: 0.0, Diff: 0.0, Sum: 0.0]
      [Code Root Scanning (ms): Min: 0.0, Avg: 0.0, Max: 0.0, Diff: 0.0, Sum: 0.0]
      [Object Copy (ms): Min: 0.0, Avg: 0.0, Max: 0.0, Diff: 0.0, Sum: 0.0]
      [Termination (ms): Min: 0.0, Avg: 0.1, Max: 0.1, Diff: 0.1, Sum: 0.3]
         [Termination Attempts: Min: 1, Avg: 1.0, Max: 1, Diff: 0, Sum: 4]
      [GC Worker Other (ms): Min: 0.0, Avg: 0.0, Max: 0.0, Diff: 0.0, Sum: 0.0]
      [GC Worker Total (ms): Min: 0.4, Avg: 0.4, Max: 0.5, Diff: 0.1, Sum: 1.8]
      [GC Worker End (ms): Min: 1039.7, Avg: 1039.7, Max: 1039.7, Diff: 0.0]
   [Code Root Fixup: 0.0 ms]
   [Code Root Purge: 0.0 ms]
   [Clear CT: 0.1 ms]
   [Other: 0.4 ms]
      [Choose CSet: 0.0 ms]
      [Ref Proc: 0.2 ms]
      [Ref Enq: 0.0 ms]
      [Redirty Cards: 0.0 ms]
      [Humongous Register: 0.1 ms]
      [Humongous Reclaim: 0.0 ms]
      [Free CSet: 0.0 ms]
   [Eden: 0.0B(17.0M)->0.0B(17.0M) Survivors: 0.0B->0.0B Heap: 280.4M(350.0M)->279.8M(350.0M)]
 [Times: user=0.00 sys=0.00, real=0.00 secs] 
2021-01-22T17:50:21.213-0800: 1.040: [GC pause (G1 Humongous Allocation) (young), 0.0009932 secs]
   [Parallel Time: 0.6 ms, GC Workers: 4]
      [GC Worker Start (ms): Min: 1040.4, Avg: 1040.8, Max: 1041.0, Diff: 0.5]
      [Ext Root Scanning (ms): Min: 0.0, Avg: 0.0, Max: 0.2, Diff: 0.2, Sum: 0.2]
      [Update RS (ms): Min: 0.0, Avg: 0.1, Max: 0.2, Diff: 0.2, Sum: 0.2]
         [Processed Buffers: Min: 0, Avg: 0.5, Max: 2, Diff: 2, Sum: 2]
      [Scan RS (ms): Min: 0.0, Avg: 0.0, Max: 0.0, Diff: 0.0, Sum: 0.0]
      [Code Root Scanning (ms): Min: 0.0, Avg: 0.0, Max: 0.0, Diff: 0.0, Sum: 0.0]
      [Object Copy (ms): Min: 0.0, Avg: 0.0, Max: 0.0, Diff: 0.0, Sum: 0.0]
      [Termination (ms): Min: 0.0, Avg: 0.1, Max: 0.2, Diff: 0.2, Sum: 0.2]
         [Termination Attempts: Min: 1, Avg: 1.0, Max: 1, Diff: 0, Sum: 4]
      [GC Worker Other (ms): Min: 0.0, Avg: 0.0, Max: 0.0, Diff: 0.0, Sum: 0.0]
      [GC Worker Total (ms): Min: 0.0, Avg: 0.2, Max: 0.6, Diff: 0.6, Sum: 0.7]
      [GC Worker End (ms): Min: 1041.0, Avg: 1041.0, Max: 1041.0, Diff: 0.0]
   [Code Root Fixup: 0.0 ms]
   [Code Root Purge: 0.0 ms]
   [Clear CT: 0.0 ms]
   [Other: 0.3 ms]
      [Choose CSet: 0.0 ms]
      [Ref Proc: 0.2 ms]
      [Ref Enq: 0.0 ms]
      [Redirty Cards: 0.0 ms]
      [Humongous Register: 0.1 ms]
      [Humongous Reclaim: 0.0 ms]
      [Free CSet: 0.0 ms]
   [Eden: 1024.0K(17.0M)->0.0B(17.0M) Survivors: 0.0B->0.0B Heap: 280.3M(350.0M)->279.8M(350.0M)]
 [Times: user=0.00 sys=0.00, real=0.00 secs] 
2021-01-22T17:50:21.215-0800: 1.042: [GC pause (G1 Evacuation Pause) (young), 0.0016076 secs]
   [Parallel Time: 1.1 ms, GC Workers: 4]
      [GC Worker Start (ms): Min: 1042.1, Avg: 1042.2, Max: 1042.7, Diff: 0.6]
      [Ext Root Scanning (ms): Min: 0.0, Avg: 0.2, Max: 0.3, Diff: 0.2, Sum: 0.7]
      [Update RS (ms): Min: 0.0, Avg: 0.3, Max: 0.7, Diff: 0.7, Sum: 1.2]
         [Processed Buffers: Min: 0, Avg: 2.2, Max: 3, Diff: 3, Sum: 9]
      [Scan RS (ms): Min: 0.0, Avg: 0.0, Max: 0.0, Diff: 0.0, Sum: 0.0]
      [Code Root Scanning (ms): Min: 0.0, Avg: 0.0, Max: 0.0, Diff: 0.0, Sum: 0.0]
      [Object Copy (ms): Min: 0.0, Avg: 0.0, Max: 0.0, Diff: 0.0, Sum: 0.0]
      [Termination (ms): Min: 0.0, Avg: 0.4, Max: 0.6, Diff: 0.6, Sum: 1.5]
         [Termination Attempts: Min: 1, Avg: 1.0, Max: 1, Diff: 0, Sum: 4]
      [GC Worker Other (ms): Min: 0.0, Avg: 0.0, Max: 0.0, Diff: 0.0, Sum: 0.1]
      [GC Worker Total (ms): Min: 0.5, Avg: 0.9, Max: 1.0, Diff: 0.6, Sum: 3.5]
      [GC Worker End (ms): Min: 1043.1, Avg: 1043.1, Max: 1043.1, Diff: 0.0]
   [Code Root Fixup: 0.0 ms]
   [Code Root Purge: 0.0 ms]
   [Clear CT: 0.1 ms]
   [Other: 0.4 ms]
      [Choose CSet: 0.0 ms]
      [Ref Proc: 0.2 ms]
      [Ref Enq: 0.0 ms]
      [Redirty Cards: 0.0 ms]
      [Humongous Register: 0.1 ms]
      [Humongous Reclaim: 0.0 ms]
      [Free CSet: 0.0 ms]
   [Eden: 0.0B(17.0M)->0.0B(17.0M) Survivors: 0.0B->0.0B Heap: 280.6M(350.0M)->280.6M(350.0M)]
 [Times: user=0.01 sys=0.00, real=0.00 secs] 
2021-01-22T17:50:21.217-0800: 1.044: [GC pause (G1 Evacuation Pause) (young), 0.0014506 secs]
   [Parallel Time: 0.9 ms, GC Workers: 4]
      [GC Worker Start (ms): Min: 1043.9, Avg: 1044.0, Max: 1044.2, Diff: 0.3]
      [Ext Root Scanning (ms): Min: 0.0, Avg: 0.2, Max: 0.2, Diff: 0.2, Sum: 0.6]
      [Update RS (ms): Min: 0.0, Avg: 0.1, Max: 0.5, Diff: 0.5, Sum: 0.6]
         [Processed Buffers: Min: 0, Avg: 0.5, Max: 1, Diff: 1, Sum: 2]
      [Scan RS (ms): Min: 0.0, Avg: 0.0, Max: 0.0, Diff: 0.0, Sum: 0.0]
      [Code Root Scanning (ms): Min: 0.0, Avg: 0.0, Max: 0.0, Diff: 0.0, Sum: 0.0]
      [Object Copy (ms): Min: 0.0, Avg: 0.0, Max: 0.0, Diff: 0.0, Sum: 0.0]
      [Termination (ms): Min: 0.0, Avg: 0.4, Max: 0.6, Diff: 0.6, Sum: 1.6]
         [Termination Attempts: Min: 1, Avg: 1.0, Max: 1, Diff: 0, Sum: 4]
      [GC Worker Other (ms): Min: 0.0, Avg: 0.0, Max: 0.0, Diff: 0.0, Sum: 0.0]
      [GC Worker Total (ms): Min: 0.5, Avg: 0.7, Max: 0.8, Diff: 0.4, Sum: 2.8]
      [GC Worker End (ms): Min: 1044.7, Avg: 1044.7, Max: 1044.7, Diff: 0.0]
   [Code Root Fixup: 0.0 ms]
   [Code Root Purge: 0.0 ms]
   [Clear CT: 0.1 ms]
   [Other: 0.5 ms]
      [Choose CSet: 0.0 ms]
      [Ref Proc: 0.2 ms]
      [Ref Enq: 0.0 ms]
      [Redirty Cards: 0.1 ms]
      [Humongous Register: 0.1 ms]
      [Humongous Reclaim: 0.0 ms]
      [Free CSet: 0.0 ms]
   [Eden: 0.0B(17.0M)->0.0B(17.0M) Survivors: 0.0B->0.0B Heap: 280.6M(350.0M)->280.6M(350.0M)]
 [Times: user=0.00 sys=0.00, real=0.00 secs] 
2021-01-22T17:50:21.218-0800: 1.045: [Full GC (Allocation Failure)  280M->263M(350M), 0.0362023 secs]
   [Eden: 0.0B(17.0M)->0.0B(17.0M) Survivors: 0.0B->0.0B Heap: 280.6M(350.0M)->263.8M(350.0M)], [Metaspace: 2720K->2720K(1056768K)]
 [Times: user=0.04 sys=0.00, real=0.04 secs] 
2021-01-22T17:50:21.255-0800: 1.082: [GC concurrent-mark-abort]
2021-01-22T17:50:21.256-0800: 1.083: [GC pause (G1 Humongous Allocation) (young) (initial-mark), 0.0011454 secs]
   [Parallel Time: 0.7 ms, GC Workers: 4]
      [GC Worker Start (ms): Min: 1082.9, Avg: 1083.1, Max: 1083.2, Diff: 0.2]
      [Ext Root Scanning (ms): Min: 0.0, Avg: 0.2, Max: 0.4, Diff: 0.4, Sum: 0.7]
      [Update RS (ms): Min: 0.0, Avg: 0.1, Max: 0.3, Diff: 0.3, Sum: 0.5]
         [Processed Buffers: Min: 0, Avg: 0.5, Max: 1, Diff: 1, Sum: 2]
      [Scan RS (ms): Min: 0.0, Avg: 0.0, Max: 0.0, Diff: 0.0, Sum: 0.0]
      [Code Root Scanning (ms): Min: 0.0, Avg: 0.0, Max: 0.0, Diff: 0.0, Sum: 0.0]
      [Object Copy (ms): Min: 0.0, Avg: 0.1, Max: 0.3, Diff: 0.3, Sum: 0.3]
      [Termination (ms): Min: 0.0, Avg: 0.1, Max: 0.1, Diff: 0.1, Sum: 0.3]
         [Termination Attempts: Min: 1, Avg: 1.5, Max: 2, Diff: 1, Sum: 6]
      [GC Worker Other (ms): Min: 0.0, Avg: 0.0, Max: 0.0, Diff: 0.0, Sum: 0.0]
      [GC Worker Total (ms): Min: 0.4, Avg: 0.5, Max: 0.7, Diff: 0.3, Sum: 1.9]
      [GC Worker End (ms): Min: 1083.6, Avg: 1083.6, Max: 1083.6, Diff: 0.0]
   [Code Root Fixup: 0.0 ms]
   [Code Root Purge: 0.0 ms]
   [Clear CT: 0.1 ms]
   [Other: 0.4 ms]
      [Choose CSet: 0.0 ms]
      [Ref Proc: 0.1 ms]
      [Ref Enq: 0.0 ms]
      [Redirty Cards: 0.0 ms]
      [Humongous Register: 0.1 ms]
      [Humongous Reclaim: 0.0 ms]
      [Free CSet: 0.0 ms]
   [Eden: 5120.0K(17.0M)->0.0B(15.0M) Survivors: 0.0B->2048.0K Heap: 268.0M(350.0M)->265.3M(350.0M)]
 [Times: user=0.00 sys=0.00, real=0.00 secs] 
2021-01-22T17:50:21.257-0800: 1.084: [GC concurrent-root-region-scan-start]
2021-01-22T17:50:21.257-0800: 1.084: [GC concurrent-root-region-scan-end, 0.0001368 secs]
2021-01-22T17:50:21.257-0800: 1.084: [GC concurrent-mark-start]
2021-01-22T17:50:21.260-0800: 1.087: [GC concurrent-mark-end, 0.0024244 secs]
2021-01-22T17:50:21.260-0800: 1.087: [GC remark 2021-01-22T17:50:21.260-0800: 1.087: [Finalize Marking, 0.0001792 secs] 2021-01-22T17:50:21.260-0800: 1.087: [GC ref-proc, 0.0000280 secs] 2021-01-22T17:50:21.260-0800: 1.087: [Unloading, 0.0006468 secs], 0.0023429 secs]
 [Times: user=0.01 sys=0.00, real=0.00 secs] 
2021-01-22T17:50:21.262-0800: 1.089: [GC cleanup 275M->275M(350M), 0.0006177 secs]
 [Times: user=0.00 sys=0.00, real=0.00 secs] 
2021-01-22T17:50:21.264-0800: 1.091: [GC pause (G1 Humongous Allocation) (young) (to-space exhausted), 0.0017098 secs]
   [Parallel Time: 1.1 ms, GC Workers: 4]
      [GC Worker Start (ms): Min: 1091.5, Avg: 1092.0, Max: 1092.4, Diff: 0.9]
      [Ext Root Scanning (ms): Min: 0.0, Avg: 0.1, Max: 0.2, Diff: 0.2, Sum: 0.2]
      [Update RS (ms): Min: 0.0, Avg: 0.4, Max: 0.7, Diff: 0.7, Sum: 1.7]
         [Processed Buffers: Min: 0, Avg: 6.0, Max: 12, Diff: 12, Sum: 24]
      [Scan RS (ms): Min: 0.0, Avg: 0.0, Max: 0.0, Diff: 0.0, Sum: 0.0]
      [Code Root Scanning (ms): Min: 0.0, Avg: 0.0, Max: 0.0, Diff: 0.0, Sum: 0.0]
      [Object Copy (ms): Min: 0.0, Avg: 0.1, Max: 0.2, Diff: 0.1, Sum: 0.3]
      [Termination (ms): Min: 0.0, Avg: 0.1, Max: 0.1, Diff: 0.1, Sum: 0.3]
         [Termination Attempts: Min: 1, Avg: 1.0, Max: 1, Diff: 0, Sum: 4]
      [GC Worker Other (ms): Min: 0.0, Avg: 0.0, Max: 0.0, Diff: 0.0, Sum: 0.0]
      [GC Worker Total (ms): Min: 0.2, Avg: 0.6, Max: 1.1, Diff: 0.9, Sum: 2.6]
      [GC Worker End (ms): Min: 1092.6, Avg: 1092.6, Max: 1092.6, Diff: 0.0]
   [Code Root Fixup: 0.0 ms]
   [Code Root Purge: 0.0 ms]
   [Clear CT: 0.0 ms]
   [Other: 0.5 ms]
      [Evacuation Failure: 0.1 ms]
      [Choose CSet: 0.0 ms]
      [Ref Proc: 0.2 ms]
      [Ref Enq: 0.0 ms]
      [Redirty Cards: 0.0 ms]
      [Humongous Register: 0.1 ms]
      [Humongous Reclaim: 0.0 ms]
      [Free CSet: 0.0 ms]
   [Eden: 13.0M(15.0M)->0.0B(17.0M) Survivors: 2048.0K->0.0B Heap: 280.5M(350.0M)->276.2M(350.0M)]
 [Times: user=0.01 sys=0.00, real=0.00 secs] 
2021-01-22T17:50:21.267-0800: 1.094: [GC pause (G1 Humongous Allocation) (young) (initial-mark), 0.0010255 secs]
   [Parallel Time: 0.6 ms, GC Workers: 4]
      [GC Worker Start (ms): Min: 1093.7, Avg: 1093.9, Max: 1094.0, Diff: 0.2]
      [Ext Root Scanning (ms): Min: 0.0, Avg: 0.2, Max: 0.4, Diff: 0.3, Sum: 0.6]
      [Update RS (ms): Min: 0.0, Avg: 0.2, Max: 0.3, Diff: 0.3, Sum: 0.7]
         [Processed Buffers: Min: 0, Avg: 3.5, Max: 6, Diff: 6, Sum: 14]
      [Scan RS (ms): Min: 0.0, Avg: 0.0, Max: 0.0, Diff: 0.0, Sum: 0.0]
      [Code Root Scanning (ms): Min: 0.0, Avg: 0.0, Max: 0.0, Diff: 0.0, Sum: 0.0]
      [Object Copy (ms): Min: 0.0, Avg: 0.0, Max: 0.0, Diff: 0.0, Sum: 0.1]
      [Termination (ms): Min: 0.0, Avg: 0.1, Max: 0.1, Diff: 0.1, Sum: 0.3]
         [Termination Attempts: Min: 1, Avg: 1.0, Max: 1, Diff: 0, Sum: 4]
      [GC Worker Other (ms): Min: 0.0, Avg: 0.0, Max: 0.0, Diff: 0.0, Sum: 0.0]
      [GC Worker Total (ms): Min: 0.4, Avg: 0.4, Max: 0.6, Diff: 0.2, Sum: 1.7]
      [GC Worker End (ms): Min: 1094.3, Avg: 1094.3, Max: 1094.3, Diff: 0.0]
   [Code Root Fixup: 0.0 ms]
   [Code Root Purge: 0.0 ms]
   [Clear CT: 0.0 ms]
   [Other: 0.4 ms]
      [Choose CSet: 0.0 ms]
      [Ref Proc: 0.2 ms]
      [Ref Enq: 0.0 ms]
      [Redirty Cards: 0.0 ms]
      [Humongous Register: 0.1 ms]
      [Humongous Reclaim: 0.0 ms]
      [Free CSet: 0.0 ms]
   [Eden: 2048.0K(17.0M)->0.0B(16.0M) Survivors: 0.0B->1024.0K Heap: 278.1M(350.0M)->276.5M(350.0M)]
 [Times: user=0.00 sys=0.00, real=0.00 secs] 
2021-01-22T17:50:21.268-0800: 1.095: [GC concurrent-root-region-scan-start]
2021-01-22T17:50:21.268-0800: 1.095: [GC concurrent-root-region-scan-end, 0.0001181 secs]
2021-01-22T17:50:21.268-0800: 1.095: [GC concurrent-mark-start]
2021-01-22T17:50:21.269-0800: 1.096: [GC pause (G1 Humongous Allocation) (young) (to-space exhausted), 0.0009742 secs]
   [Parallel Time: 0.5 ms, GC Workers: 4]
      [GC Worker Start (ms): Min: 1095.8, Avg: 1095.9, Max: 1096.3, Diff: 0.5]
      [Ext Root Scanning (ms): Min: 0.0, Avg: 0.1, Max: 0.2, Diff: 0.2, Sum: 0.5]
      [Update RS (ms): Min: 0.0, Avg: 0.1, Max: 0.2, Diff: 0.2, Sum: 0.6]
         [Processed Buffers: Min: 0, Avg: 2.0, Max: 3, Diff: 3, Sum: 8]
      [Scan RS (ms): Min: 0.0, Avg: 0.0, Max: 0.0, Diff: 0.0, Sum: 0.0]
      [Code Root Scanning (ms): Min: 0.0, Avg: 0.0, Max: 0.0, Diff: 0.0, Sum: 0.0]
      [Object Copy (ms): Min: 0.0, Avg: 0.0, Max: 0.0, Diff: 0.0, Sum: 0.1]
      [Termination (ms): Min: 0.0, Avg: 0.1, Max: 0.1, Diff: 0.1, Sum: 0.4]
         [Termination Attempts: Min: 1, Avg: 2.8, Max: 5, Diff: 4, Sum: 11]
      [GC Worker Other (ms): Min: 0.0, Avg: 0.0, Max: 0.0, Diff: 0.0, Sum: 0.0]
      [GC Worker Total (ms): Min: 0.0, Avg: 0.4, Max: 0.5, Diff: 0.5, Sum: 1.4]
      [GC Worker End (ms): Min: 1096.3, Avg: 1096.3, Max: 1096.3, Diff: 0.0]
   [Code Root Fixup: 0.0 ms]
   [Code Root Purge: 0.0 ms]
   [Clear CT: 0.1 ms]
   [Other: 0.4 ms]
      [Evacuation Failure: 0.1 ms]
      [Choose CSet: 0.0 ms]
      [Ref Proc: 0.2 ms]
      [Ref Enq: 0.0 ms]
      [Redirty Cards: 0.0 ms]
      [Humongous Register: 0.1 ms]
      [Humongous Reclaim: 0.0 ms]
      [Free CSet: 0.0 ms]
   [Eden: 4096.0K(16.0M)->0.0B(17.0M) Survivors: 1024.0K->0.0B Heap: 280.6M(350.0M)->279.4M(350.0M)]
 [Times: user=0.00 sys=0.00, real=0.01 secs] 
2021-01-22T17:50:21.270-0800: 1.097: [GC pause (G1 Evacuation Pause) (young) (to-space exhausted), 0.0010230 secs]
   [Parallel Time: 0.6 ms, GC Workers: 4]
      [GC Worker Start (ms): Min: 1097.6, Avg: 1097.7, Max: 1097.8, Diff: 0.2]
      [Ext Root Scanning (ms): Min: 0.1, Avg: 0.1, Max: 0.3, Diff: 0.2, Sum: 0.6]
      [Update RS (ms): Min: 0.1, Avg: 0.2, Max: 0.2, Diff: 0.0, Sum: 0.6]
         [Processed Buffers: Min: 2, Avg: 2.8, Max: 3, Diff: 1, Sum: 11]
      [Scan RS (ms): Min: 0.0, Avg: 0.0, Max: 0.0, Diff: 0.0, Sum: 0.0]
      [Code Root Scanning (ms): Min: 0.0, Avg: 0.0, Max: 0.0, Diff: 0.0, Sum: 0.0]
      [Object Copy (ms): Min: 0.0, Avg: 0.0, Max: 0.0, Diff: 0.0, Sum: 0.0]
      [Termination (ms): Min: 0.0, Avg: 0.0, Max: 0.1, Diff: 0.1, Sum: 0.1]
         [Termination Attempts: Min: 1, Avg: 1.0, Max: 1, Diff: 0, Sum: 4]
      [GC Worker Other (ms): Min: 0.0, Avg: 0.0, Max: 0.0, Diff: 0.0, Sum: 0.0]
      [GC Worker Total (ms): Min: 0.3, Avg: 0.3, Max: 0.5, Diff: 0.2, Sum: 1.4]
      [GC Worker End (ms): Min: 1098.1, Avg: 1098.1, Max: 1098.1, Diff: 0.0]
   [Code Root Fixup: 0.0 ms]
   [Code Root Purge: 0.0 ms]
   [Clear CT: 0.0 ms]
   [Other: 0.4 ms]
      [Evacuation Failure: 0.1 ms]
      [Choose CSet: 0.0 ms]
      [Ref Proc: 0.1 ms]
      [Ref Enq: 0.0 ms]
      [Redirty Cards: 0.0 ms]
      [Humongous Register: 0.1 ms]
      [Humongous Reclaim: 0.0 ms]
      [Free CSet: 0.0 ms]
   [Eden: 1024.0K(17.0M)->0.0B(17.0M) Survivors: 0.0B->0.0B Heap: 280.9M(350.0M)->280.9M(350.0M)]
 [Times: user=0.01 sys=0.00, real=0.00 secs] 
2021-01-22T17:50:21.272-0800: 1.099: [Full GC (Allocation Failure)  280M->267M(350M), 0.0347561 secs]
   [Eden: 0.0B(17.0M)->0.0B(17.0M) Survivors: 0.0B->0.0B Heap: 280.9M(350.0M)->267.7M(350.0M)], [Metaspace: 2720K->2720K(1056768K)]
 [Times: user=0.03 sys=0.00, real=0.03 secs] 
2021-01-22T17:50:21.307-0800: 1.133: [GC concurrent-mark-abort]
Heap
 garbage-first heap   total 358400K, used 274136K [0x00000007aa200000, 0x00000007aa300af0, 0x00000007c0000000)
  region size 1024K, 1 young (1024K), 0 survivors (0K)
 Metaspace       used 2726K, capacity 4486K, committed 4864K, reserved 1056768K
  class space    used 296K, capacity 386K, committed 512K, reserved 1048576K
