Java HotSpot(TM) 64-Bit Server VM (25.231-b11) for bsd-amd64 JRE (1.8.0_231-b11), built on Oct  5 2019 03:15:25 by "java_re" with gcc 4.2.1 (Based on Apple Inc. build 5658) (LLVM build 2336.11.00)
Memory: 4k page, physical 8388608k(483504k free)

/proc/meminfo:

CommandLine flags: -XX:InitialHeapSize=367001600 -XX:MaxHeapSize=367001600 -XX:+PrintGC -XX:+PrintGCDateStamps -XX:+PrintGCDetails -XX:+PrintGCTimeStamps -XX:+UseCompressedClassPointers -XX:+UseCompressedOops -XX:+UseSerialGC 
2021-01-22T18:16:56.806-0800: 0.190: [GC (Allocation Failure) 2021-01-22T18:16:56.806-0800: 0.190: [DefNew: 95260K->11903K(107520K), 0.0159850 secs] 95260K->23860K(346496K), 0.0160907 secs] [Times: user=0.01 sys=0.00, real=0.02 secs] 
2021-01-22T18:16:56.842-0800: 0.225: [GC (Allocation Failure) 2021-01-22T18:16:56.842-0800: 0.225: [DefNew: 107519K->11903K(107520K), 0.0251029 secs] 119476K->51093K(346496K), 0.0251848 secs] [Times: user=0.01 sys=0.01, real=0.02 secs] 
2021-01-22T18:16:56.885-0800: 0.269: [GC (Allocation Failure) 2021-01-22T18:16:56.885-0800: 0.269: [DefNew: 107519K->11902K(107520K), 0.0231326 secs] 146709K->83335K(346496K), 0.0232287 secs] [Times: user=0.01 sys=0.01, real=0.02 secs] 
2021-01-22T18:16:56.926-0800: 0.309: [GC (Allocation Failure) 2021-01-22T18:16:56.926-0800: 0.310: [DefNew: 107518K->11902K(107520K), 0.0233486 secs] 178951K->115092K(346496K), 0.0234385 secs] [Times: user=0.01 sys=0.01, real=0.02 secs] 
2021-01-22T18:16:56.967-0800: 0.350: [GC (Allocation Failure) 2021-01-22T18:16:56.967-0800: 0.350: [DefNew: 107264K->11903K(107520K), 0.0274157 secs] 210455K->153131K(346496K), 0.0275052 secs] [Times: user=0.01 sys=0.01, real=0.03 secs] 
2021-01-22T18:16:57.014-0800: 0.398: [GC (Allocation Failure) 2021-01-22T18:16:57.014-0800: 0.398: [DefNew: 107519K->11902K(107520K), 0.0253764 secs] 248747K->184151K(346496K), 0.0254627 secs] [Times: user=0.01 sys=0.01, real=0.02 secs] 
2021-01-22T18:16:57.058-0800: 0.441: [GC (Allocation Failure) 2021-01-22T18:16:57.058-0800: 0.441: [DefNew: 107518K->11900K(107520K), 0.0281703 secs] 279767K->220144K(346496K), 0.0282658 secs] [Times: user=0.02 sys=0.01, real=0.03 secs] 
2021-01-22T18:16:57.104-0800: 0.487: [GC (Allocation Failure) 2021-01-22T18:16:57.104-0800: 0.487: [DefNew: 107299K->107299K(107520K), 0.0000246 secs]2021-01-22T18:16:57.104-0800: 0.487: [Tenured: 208244K->205443K(238976K), 0.0379884 secs] 315543K->205443K(346496K), [Metaspace: 2719K->2719K(1056768K)], 0.0381233 secs] [Times: user=0.04 sys=0.00, real=0.04 secs] 
2021-01-22T18:16:57.159-0800: 0.542: [GC (Allocation Failure) 2021-01-22T18:16:57.159-0800: 0.542: [DefNew: 95616K->95616K(107520K), 0.0000230 secs]2021-01-22T18:16:57.159-0800: 0.542: [Tenured: 205443K->225888K(238976K), 0.0451376 secs] 301059K->225888K(346496K), [Metaspace: 2719K->2719K(1056768K)], 0.0452772 secs] [Times: user=0.04 sys=0.00, real=0.05 secs] 
2021-01-22T18:16:57.220-0800: 0.603: [GC (Allocation Failure) 2021-01-22T18:16:57.220-0800: 0.603: [DefNew: 95536K->95536K(107520K), 0.0000235 secs]2021-01-22T18:16:57.220-0800: 0.604: [Tenured: 225888K->238616K(238976K), 0.0460489 secs] 321424K->243779K(346496K), [Metaspace: 2720K->2720K(1056768K)], 0.0461861 secs] [Times: user=0.04 sys=0.00, real=0.04 secs] 
2021-01-22T18:16:57.284-0800: 0.668: [Full GC (Allocation Failure) 2021-01-22T18:16:57.284-0800: 0.668: [Tenured: 238904K->238789K(238976K), 0.0462484 secs] 346231K->240995K(346496K), [Metaspace: 2720K->2720K(1056768K)], 0.0463478 secs] [Times: user=0.04 sys=0.00, real=0.05 secs] 
2021-01-22T18:16:57.349-0800: 0.732: [Full GC (Allocation Failure) 2021-01-22T18:16:57.349-0800: 0.732: [Tenured: 238933K->238924K(238976K), 0.0294827 secs] 346416K->270739K(346496K), [Metaspace: 2720K->2720K(1056768K)], 0.0296051 secs] [Times: user=0.03 sys=0.00, real=0.03 secs] 
2021-01-22T18:16:57.392-0800: 0.776: [Full GC (Allocation Failure) 2021-01-22T18:16:57.392-0800: 0.776: [Tenured: 238924K->238869K(238976K), 0.0372954 secs] 346254K->278169K(346496K), [Metaspace: 2720K->2720K(1056768K)], 0.0374044 secs] [Times: user=0.04 sys=0.00, real=0.04 secs] 
2021-01-22T18:16:57.441-0800: 0.825: [Full GC (Allocation Failure) 2021-01-22T18:16:57.441-0800: 0.825: [Tenured: 238869K->238378K(238976K), 0.0431602 secs] 346333K->282701K(346496K), [Metaspace: 2720K->2720K(1056768K)], 0.0432803 secs] [Times: user=0.04 sys=0.00, real=0.04 secs] 
2021-01-22T18:16:57.496-0800: 0.880: [Full GC (Allocation Failure) 2021-01-22T18:16:57.496-0800: 0.880: [Tenured: 238881K->238831K(238976K), 0.0493583 secs] 346399K->278217K(346496K), [Metaspace: 2720K->2720K(1056768K)], 0.0494586 secs] [Times: user=0.05 sys=0.00, real=0.05 secs] 
2021-01-22T18:16:57.559-0800: 0.942: [Full GC (Allocation Failure) 2021-01-22T18:16:57.559-0800: 0.942: [Tenured: 238975K->238915K(238976K), 0.0222707 secs] 346486K->293696K(346496K), [Metaspace: 2720K->2720K(1056768K)], 0.0223615 secs] [Times: user=0.02 sys=0.00, real=0.03 secs] 
2021-01-22T18:16:57.590-0800: 0.974: [Full GC (Allocation Failure) 2021-01-22T18:16:57.591-0800: 0.974: [Tenured: 238915K->238968K(238976K), 0.0375284 secs] 346359K->298813K(346496K), [Metaspace: 2720K->2720K(1056768K)], 0.0376283 secs] [Times: user=0.04 sys=0.00, real=0.03 secs] 
2021-01-22T18:16:57.637-0800: 1.020: [Full GC (Allocation Failure) 2021-01-22T18:16:57.637-0800: 1.020: [Tenured: 238968K->238899K(238976K), 0.0394943 secs] 346334K->306655K(346496K), [Metaspace: 2720K->2720K(1056768K)], 0.0395942 secs] [Times: user=0.04 sys=0.00, real=0.04 secs] 
2021-01-22T18:16:57.684-0800: 1.067: [Full GC (Allocation Failure) 2021-01-22T18:16:57.684-0800: 1.067: [Tenured: 238899K->238442K(238976K), 0.0516319 secs] 346246K->296732K(346496K), [Metaspace: 2720K->2720K(1056768K)], 0.0517265 secs] [Times: user=0.06 sys=0.00, real=0.05 secs] 
Heap
 def new generation   total 107520K, used 61448K [0x00000007aa200000, 0x00000007b16a0000, 0x00000007b16a0000)
  eden space 95616K,  64% used [0x00000007aa200000, 0x00000007ade020d8, 0x00000007aff60000)
  from space 11904K,   0% used [0x00000007b0b00000, 0x00000007b0b00000, 0x00000007b16a0000)
  to   space 11904K,   0% used [0x00000007aff60000, 0x00000007aff60000, 0x00000007b0b00000)
 tenured generation   total 238976K, used 238442K [0x00000007b16a0000, 0x00000007c0000000, 0x00000007c0000000)
   the space 238976K,  99% used [0x00000007b16a0000, 0x00000007bff7ab08, 0x00000007bff7ac00, 0x00000007c0000000)
 Metaspace       used 2726K, capacity 4486K, committed 4864K, reserved 1056768K
  class space    used 296K, capacity 386K, committed 512K, reserved 1048576K
